{
    "samples": [
        {
            "contents": {
                "headId": "f544086f3182995928844ddb30d0ac07b881d6e9592c68193899b97b",
                "initialCommits": [],
                "initialInitials": [
                    [
                        "065f6a1f781c363e4b5176c85c5b99a7026b0e888018bb9f50d70a6b5e088ee1#1",
                        {
                            "address": "addr_test1wq3p9f8wvxzrfwdj7dnd0sesm00mt3c89eun4pg06r0xmhgyu0wcs",
                            "datum": null,
                            "datumhash": "69a88651b812dfec3d368f1dbeb648bf783fd515eca3d6f49ff6ab777d8a522c",
                            "inlineDatum": null,
                            "referenceScript": null,
                            "value": {
                                "f544086f3182995928844ddb30d0ac07b881d6e9592c68193899b97b": {
                                    "7f7c3548071ba86d8b3e45ed092d91353f36051abb24abaf1967b82e": 1
                                },
                                "lovelace": 2000000
                            }
                        },
                        "581cf544086f3182995928844ddb30d0ac07b881d6e9592c68193899b97b"
                    ],
                    [
                        "065f6a1f781c363e4b5176c85c5b99a7026b0e888018bb9f50d70a6b5e088ee1#2",
                        {
                            "address": "addr_test1wq3p9f8wvxzrfwdj7dnd0sesm00mt3c89eun4pg06r0xmhgyu0wcs",
                            "datum": null,
                            "datumhash": "69a88651b812dfec3d368f1dbeb648bf783fd515eca3d6f49ff6ab777d8a522c",
                            "inlineDatum": null,
                            "referenceScript": null,
                            "value": {
                                "f544086f3182995928844ddb30d0ac07b881d6e9592c68193899b97b": {
                                    "5e133ba86d12ab8b7b691c99eb0c70028d685610c7ea84d8d8dde197": 1
                                },
                                "lovelace": 2000000
                            }
                        },
                        "581cf544086f3182995928844ddb30d0ac07b881d6e9592c68193899b97b"
                    ],
                    [
                        "065f6a1f781c363e4b5176c85c5b99a7026b0e888018bb9f50d70a6b5e088ee1#3",
                        {
                            "address": "addr_test1wq3p9f8wvxzrfwdj7dnd0sesm00mt3c89eun4pg06r0xmhgyu0wcs",
                            "datum": null,
                            "datumhash": "69a88651b812dfec3d368f1dbeb648bf783fd515eca3d6f49ff6ab777d8a522c",
                            "inlineDatum": null,
                            "referenceScript": null,
                            "value": {
                                "f544086f3182995928844ddb30d0ac07b881d6e9592c68193899b97b": {
                                    "770a983a07688be0dd4da1fcfa5f21cc2e8145f3c2581081adbe2208": 1
                                },
                                "lovelace": 2000000
                            }
                        },
                        "581cf544086f3182995928844ddb30d0ac07b881d6e9592c68193899b97b"
                    ]
                ],
                "initialThreadOutput": {
                    "initialContestationPeriod": 86400000,
                    "initialParties": [
                        {
                            "vkey": "2202d57b1b736a93fb03f44baa99aba118c12e0bd1e88b5d35e1d028d9c1edf7"
                        },
                        {
                            "vkey": "95e527502083a82e32da11e302977512ed219e2cd21fe655a45b1f0e31e96f08"
                        },
                        {
                            "vkey": "63e8a843993994e02c4d566087a3ff4bec729769f55d9dbe4e79814560b0c405"
                        }
                    ],
                    "initialThreadUTxO": [
                        "065f6a1f781c363e4b5176c85c5b99a7026b0e888018bb9f50d70a6b5e088ee1#0",
                        {
                            "address": "addr_test1wz9wp9wu5ng55xuwmlan074xep8vvq6ql0ecnf30qflqkasj32pkc",
                            "datum": null,
                            "datumhash": "09cff22b620f08bae4701181178821362f67d5be0225e98b201f06838be62d4f",
                            "inlineDatum": null,
                            "referenceScript": null,
                            "value": {
                                "f544086f3182995928844ddb30d0ac07b881d6e9592c68193899b97b": {
                                    "4879647261486561645631": 1
                                },
                                "lovelace": 2000000
                            }
                        },
                        "d8799fd8799f1a05265c00ff9f58202202d57b1b736a93fb03f44baa99aba118c12e0bd1e88b5d35e1d028d9c1edf7582095e527502083a82e32da11e302977512ed219e2cd21fe655a45b1f0e31e96f08582063e8a843993994e02c4d566087a3ff4bec729769f55d9dbe4e79814560b0c405ff581cf544086f3182995928844ddb30d0ac07b881d6e9592c68193899b97bd8799fd8799f5820b1257dd5ca0cb84b04b7b591ff255c6458de7a0290cdbc70a3118941e7115a9dff1853ffff"
                    ]
                },
                "seedTxIn": "b1257dd5ca0cb84b04b7b591ff255c6458de7a0290cdbc70a3118941e7115a9d#83"
            },
            "tag": "Initial"
        },
        {
            "tag": "Idle"
        },
        {
            "contents": {
                "headId": "f8d838754976506fc044316992812d813815d0681d21188985bb6c8e",
                "openThreadOutput": {
                    "openContestationPeriod": 31536000000,
                    "openParties": [
                        {
                            "vkey": "06758ef9c6a9003588d00340354c5feb0e93953b9246df20fa04de0a5b2499ab"
                        },
                        {
                            "vkey": "50ac372a4ad79eddff3a20727570a2e26ab036d5cf05ca9fe8697e40b0530b14"
                        }
                    ],
                    "openThreadUTxO": [
                        "65186c9176d4bee9e10ae61b9d99b3076361a6abf816b9b7af019afb100f7864#0",
                        {
                            "address": "addr_test1wz9wp9wu5ng55xuwmlan074xep8vvq6ql0ecnf30qflqkasj32pkc",
                            "datum": null,
                            "datumhash": "66e83930c33844bcb7062667af5dbb8661f03455bc2a96e55f293d74009343f1",
                            "inlineDatum": null,
                            "referenceScript": null,
                            "value": {
                                "f8d838754976506fc044316992812d813815d0681d21188985bb6c8e": {
                                    "4879647261486561645631": 1,
                                    "980eadd3a95a93d034067a399118c93ea486118ee427f879f0f579ea": 1,
                                    "beb23c20c8fc8f5cf1b749a6f14757fe45511b47a675cdd557291e37": 1
                                },
                                "lovelace": 6000000
                            }
                        },
                        "d87a9fd8799f1b0000000757b12c00ff9f582006758ef9c6a9003588d00340354c5feb0e93953b9246df20fa04de0a5b2499ab582050ac372a4ad79eddff3a20727570a2e26ab036d5cf05ca9fe8697e40b0530b14ff5820995a6b1a8f2c9fd100c1eb6185660a1e0bba0d45ec087f2cc90c85797aad35c1581cf8d838754976506fc044316992812d813815d0681d21188985bb6c8eff"
                    ]
                },
                "openUtxoHash": "995a6b1a8f2c9fd100c1eb6185660a1e0bba0d45ec087f2cc90c85797aad35c1",
                "seedTxIn": "b749a55de40136938d50a5cdf71c278fe4a068675f45782837ce8dbe8c6be17e#62"
            },
            "tag": "Open"
        },
        {
            "contents": {
                "closedThreadOutput": {
                    "closedContestationDeadline": 5102534000,
                    "closedContesters": [],
                    "closedParties": [
                        {
                            "vkey": "00cdfe6956ae17ba4bbe65aa31b514bbb266f31e81bc5aebc933932da5b56149"
                        },
                        {
                            "vkey": "bf6d0ec4f653177c6f35c57ffb50ae774b1afb67257f3495620c7b159c67537a"
                        },
                        {
                            "vkey": "6551d91f9e9fdc5d40cbd531726ccf2f813f3bbe301bcb67b6230ce79903f4d1"
                        }
                    ],
                    "closedThreadUTxO": [
                        "3140661bc362ffb3aff49f12713c633fef552e02128a618150d99cfa10edf4e7#0",
                        {
                            "address": "addr_test1wz9wp9wu5ng55xuwmlan074xep8vvq6ql0ecnf30qflqkasj32pkc",
                            "datum": null,
                            "datumhash": "d1435bf9a26e745a0543878f8fca835c0a6fc76c2700435cc0e0cd212f3b1df1",
                            "inlineDatum": null,
                            "referenceScript": null,
                            "value": {
                                "a700119123d454d6f30c858b62ff1e36f9e8041dc90786960b060156": {
                                    "3d82d2cdf150df9855bdb9f14608cee2ef4b036f8ba5e8cb907c0c7c": 1,
                                    "4879647261486561645631": 1,
                                    "717dca12af48e590da78ef8b80c1e74ec762c2fe701b584e80c54bbb": 1,
                                    "73823d6110365f765dbe16aa97f8d003ac02243ec7b2fe6305ade183": 1
                                },
                                "lovelace": 8000000
                            }
                        },
                        "d87b9f9f582000cdfe6956ae17ba4bbe65aa31b514bbb266f31e81bc5aebc933932da5b561495820bf6d0ec4f653177c6f35c57ffb50ae774b1afb67257f3495620c7b159c67537a58206551d91f9e9fdc5d40cbd531726ccf2f813f3bbe301bcb67b6230ce79903f4d1ff0d5820ea6970b227c3541b28ceb829f9aa44bca5beb3485ab4b48211b2f377f7179a6d1b0000000130227d70d8799f1a02932e00ff581ca700119123d454d6f30c858b62ff1e36f9e8041dc90786960b06015680ff"
                    ]
                },
                "headId": "a700119123d454d6f30c858b62ff1e36f9e8041dc90786960b060156",
                "seedTxIn": "6fbefdd101eb73655242ad6d0ab88e8927466ef6753e9bb7ffcf616156f9b3a4#85"
            },
            "tag": "Closed"
        },
        {
            "contents": {
                "headId": "434a51298ef8575f38688ae88025662274d9473fad0e56d98c4035b0",
                "initialCommits": [],
                "initialInitials": [
                    [
                        "533f89f802d1decf9232fe3c55099a416bb664d362250f2ea070e97ebac4053e#1",
                        {
                            "address": "addr_test1wq3p9f8wvxzrfwdj7dnd0sesm00mt3c89eun4pg06r0xmhgyu0wcs",
                            "datum": null,
                            "datumhash": "7b9bcacd36955dafcf4a7d78bbaa4a98a0e4c3ac09050520681e06eb2895ed7e",
                            "inlineDatum": null,
                            "referenceScript": null,
                            "value": {
                                "434a51298ef8575f38688ae88025662274d9473fad0e56d98c4035b0": {
                                    "707a52aab5e6652eb1c5f7ebdfda9a9d453f4c9e390c9d3fccc07956": 1
                                },
                                "lovelace": 2000000
                            }
                        },
                        "581c434a51298ef8575f38688ae88025662274d9473fad0e56d98c4035b0"
                    ]
                ],
                "initialThreadOutput": {
                    "initialContestationPeriod": 43200000,
                    "initialParties": [
                        {
                            "vkey": "80a0ea80630e409e157f9eb89a80af54b9e4fb69357b060080d56ad7f07972c0"
                        }
                    ],
                    "initialThreadUTxO": [
                        "533f89f802d1decf9232fe3c55099a416bb664d362250f2ea070e97ebac4053e#0",
                        {
                            "address": "addr_test1wz9wp9wu5ng55xuwmlan074xep8vvq6ql0ecnf30qflqkasj32pkc",
                            "datum": null,
                            "datumhash": "1fb7a0f97742ff6a98f4369ff53f493d1f9289fcd1af344863caad03d97d8a02",
                            "inlineDatum": null,
                            "referenceScript": null,
                            "value": {
                                "434a51298ef8575f38688ae88025662274d9473fad0e56d98c4035b0": {
                                    "4879647261486561645631": 1
                                },
                                "lovelace": 2000000
                            }
                        },
                        "d8799fd8799f1a02932e00ff9f582080a0ea80630e409e157f9eb89a80af54b9e4fb69357b060080d56ad7f07972c0ff581c434a51298ef8575f38688ae88025662274d9473fad0e56d98c4035b0d8799fd8799f58200e31c6e5bdda9e18e991c079a80034a012690578f5af94b43bb0889b7ab3b047ff1835ffff"
                    ]
                },
                "seedTxIn": "0e31c6e5bdda9e18e991c079a80034a012690578f5af94b43bb0889b7ab3b047#53"
            },
            "tag": "Initial"
        }
    ],
    "seed": 607087702
}