{
    "samples": [
        {
            "postChainTx": {
                "confirmedSnapshot": {
                    "signatures": {
                        "multiSignature": [
                            "c55762ed7a18656335769014623b9414904f80cb7c4c14a0648b2262f2bbaf0f75db1de062b1cc244035bcf5387f7b15b9ffd9d9cab61a97c2947c33d3a12a07",
                            "1f25af95901968a619e269a7e10ba569917c612f7666a02901a0b514547445f948f59d4207e874beb860c0021a51ed4235d5e53ddbe4b090826232da0dbe8e04",
                            "09e685697235cf93ac9da056ca6ede4bd866b6e35088eade97a9fa455383ff34f142a207f499e1d22204330ff6df6a958247cede55ad9b36218301231e3e540b",
                            "f2d33646a5511c31dbb211459bd57e010f3a8f4df196f89d8246deb924556beb7599616ac624ff06169eef705af8d0cf894b06b098eed2df5422a867ba308501",
                            "7d31a1c796bb5d28a0eaff7729980502235ea6fe46a16c25e2afb1305680eff971410f531a5fd84eb9b29cfc91f4579f01550867d448ec5108193796bd9fba04",
                            "b0cd14ce59db5321b4ce9357f85132caecee9142c859ea7dcbc300cbc7ba5bca479d5faa1cdf673e0378e92ceeaeb63580f236d727ecaf5c6ab5172cdeddab08"
                        ]
                    },
                    "snapshot": {
                        "confirmedTransactions": [],
                        "headId": "456eb2e85f8812c64b7c7b2c826383b5",
                        "snapshotNumber": 14,
                        "utxo": [
                            -29,
                            -28,
                            -27,
                            -26,
                            -24,
                            -22,
                            -19,
                            -15,
                            -5,
                            0,
                            1,
                            10,
                            11,
                            12,
                            13,
                            16,
                            18,
                            20,
                            24,
                            26
                        ]
                    },
                    "tag": "ConfirmedSnapshot"
                },
                "headId": "c59608c612d55a0c882abaa18a1c250e",
                "tag": "CloseTx"
            },
            "postTxError": {
                "knownUTxO": [
                    -27,
                    -23,
                    -17,
                    -16,
                    -13,
                    -9,
                    -3,
                    2,
                    5,
                    10,
                    11,
                    16,
                    17,
                    21,
                    27
                ],
                "tag": "CannotFindOwnInitial"
            },
            "tag": "PostTxError"
        },
        {
            "message": {
                "tag": "ReqTx",
                "transaction": {
                    "id": -2,
                    "inputs": [
                        -29,
                        -27,
                        -26,
                        -25,
                        -24,
                        -18,
                        -14,
                        -11,
                        -8,
                        -7,
                        -6,
                        -4,
                        -3,
                        -1,
                        2,
                        4,
                        5,
                        6,
                        9,
                        17,
                        18,
                        20,
                        25,
                        27
                    ],
                    "outputs": [
                        -27,
                        -25,
                        -21,
                        -18,
                        -15,
                        -3,
                        -1,
                        0,
                        5,
                        6,
                        11,
                        14,
                        17,
                        20,
                        21,
                        22,
                        23,
                        25,
                        26,
                        30
                    ]
                }
            },
            "party": {
                "vkey": "61bac906d8f5fce531afcd9943c9fa393b6d08360179e8c448bdb84c08120562"
            },
            "tag": "NetworkEvent",
            "ttl": 30
        },
        {
            "message": {
                "tag": "ReqTx",
                "transaction": {
                    "id": -2,
                    "inputs": [
                        -25,
                        -24,
                        -21,
                        -18,
                        -3,
                        6,
                        17
                    ],
                    "outputs": [
                        -28,
                        -26,
                        -20,
                        -16,
                        -3,
                        -1,
                        2,
                        3,
                        4,
                        11,
                        14,
                        15,
                        18,
                        21,
                        24,
                        27,
                        28
                    ]
                }
            },
            "party": {
                "vkey": "24c701586ebf817540eab9169b9f53cc5b444f0ae68f2a8e4614f4d92fc38161"
            },
            "tag": "NetworkEvent",
            "ttl": 6
        },
        {
            "message": {
                "snapshotNumber": 3,
                "tag": "ReqSn",
                "transactionIds": [
                    22,
                    -13
                ]
            },
            "party": {
                "vkey": "6c1d4461d17a7672230bfddcd44e243331ca8abb19a54ea35b28c6046d7a1ac1"
            },
            "tag": "NetworkEvent",
            "ttl": 5
        },
        {
            "message": {
                "signed": "a27f8582e9c12e66b02b24b029716d5a4ab32da11c899b1aba99650c7a972318b031e8a57df63f22d38561da7dbb23e9c8504ecb11bee34877b01a02372aa20b",
                "snapshotNumber": 0,
                "tag": "AckSn"
            },
            "party": {
                "vkey": "3a31af3b199ce0f7d1efda02534708c9cb969d018b5b09e16584c1b40f41ec47"
            },
            "tag": "NetworkEvent",
            "ttl": 27
        }
    ],
    "seed": 598034234
}