{
    "samples": [
        {
            "tag": "ReqTx",
            "transaction": {
                "id": 7,
                "inputs": [
                    -27,
                    -26,
                    -21,
                    -20,
                    -12,
                    -1,
                    22,
                    23,
                    25,
                    27,
                    29,
                    30
                ],
                "outputs": [
                    -25,
                    -21,
                    -13,
                    3,
                    11,
                    13,
                    22,
                    23,
                    24,
                    25,
                    28,
                    30
                ]
            }
        },
        {
            "snapshotNumber": 23,
            "tag": "ReqSn",
            "transactionIds": [
                -26,
                -3,
                6,
                -5,
                3,
                4,
                -26,
                2,
                -29,
                -28,
                -8
            ]
        },
        {
            "signed": "3e49fea1b725aad24284fe1dd2ceaa3608f8bed4cefd7df6d1cee8a50997adfbd61ce61d8cd155909d81b54923e2baa592d3054e2b475d404ea9c43a94283001",
            "snapshotNumber": 2,
            "tag": "AckSn"
        },
        {
            "tag": "ReqTx",
            "transaction": {
                "id": 16,
                "inputs": [
                    -18,
                    -14,
                    0,
                    8,
                    11,
                    21,
                    25,
                    30
                ],
                "outputs": [
                    -28,
                    -20,
                    -19,
                    -18,
                    -7,
                    -4,
                    -2,
                    -1,
                    4,
                    7,
                    10,
                    13,
                    16,
                    18,
                    22,
                    23,
                    29
                ]
            }
        },
        {
            "snapshotNumber": 1,
            "tag": "ReqSn",
            "transactionIds": [
                16,
                -30,
                -24,
                -27,
                26,
                4,
                -20,
                11,
                12,
                8,
                17,
                9,
                13,
                5,
                -10,
                -19,
                -11,
                -12,
                9,
                5
            ]
        }
    ],
    "seed": -23364207
}