{
    "samples": [
        {
            "commitTx": "590aac84aa00818258200268be9dbd0446eaa217e1dec8f399249305e551d7fc1437dd84521f74aa621c060d828258202208e439244a1d0ef238352e3693098aba9de9dd0154f9056551636c8ed15dc101825820bfa726c3c149165b108e6ff550cb1a1c4f0fdc2e9f26a9a16f48babe73b600ce070183a3005822513542acb3a64d80c29302260d62c3b87a742ad14abf855ebc6733081e86875f0608018203a1581c76e607db2a31c9a2c32761d2431a186a550cc321f79cd8d6a82b29b8a14506080808000a03d8184e8200820181830300818205194879a300585082d818584683581cf761ff93c249013d9f3a403758f4d27dde6b269a1867d3cae4946c5aa10158225820747577796e746f69696376636d716265787a766b726961696a72767671726965021a4634d483018205a1581ceccbfb5c619673f0648a42cc2f822c81cbc34aee41274638e89a7af5a142030503028200582003170a2e7597b7b7e3d84c05391d139a62b157e78786d8c082f29dcf4c111314a200583910bd039f956f4b302f3ab6fc7c4bac3350a540f44af81a8492194dd2c20d94e174732ef9aae73f395ab44507bfa983d65023c11a951f0c32e4018207a5581c0d94e174732ef9aae73f395ab44507bfa983d65023c11a951f0c32e4a14009581c3542acb3a64d80c29302260d62c3b87a742ad14abf855ebc6733081ea1460508050701010b581c65fc709a5e019b8aba76f6977c1c8770e4b36fa76f434efc588747b7a145080102060502581ca646474b8f5431261506b6c273d307c7569a4eb6c96b42dd4a29520aa14605060508080809581ce0a714319812c3f773ba04ec5d6b3ffcd5aad85006805b047b082541a1430804010c0219033b048583028201581c4acf2773917c7b547c576a7ff110d2ba5733c1f1ca9cdc659aea3a56581c65fc709a5e019b8aba76f6977c1c8770e4b36fa76f434efc588747b782018200581c1920e782f048e9ef52acd89c4341a89c3908c6e046ad87c474fffb4882008201581ceccbfb5c619673f0648a42cc2f822c81cbc34aee41274638e89a7af58405581c58e1b65718531b42494610c506cef10ff031fa817a8ff75c0ab180e7581c65fc709a5e019b8aba76f6977c1c8770e4b36fa76f434efc588747b75820ee155ace9c40292074cb6aff8c9ccdd273c81648ff1149ef36bcea6ebb8a3e258405581c58e1b65718531b42494610c506cef10ff031fa817a8ff75c0ab180e7581cb16b56f5ec064be6ac3cab6035efae86b366cc3dc4a0d571603d70e558200268be9dbd0446eaa217e1dec8f399249305e551d7fc1437dd84521f74aa621c05a4581df0b5ae663aaea8e500157bdf4baafd6f5ba0ce5759f7cd4101fc132f54190307581de04acf2773917c7b547c576a7ff110d2ba5733c1f1ca9cdc659aea3a5608581de0b16b56f5ec064be6ac3cab6035efae86b366cc3dc4a0d571603d70e51903c7581de0bd039f956f4b302f3ab6fc7c4bac3350a540f44af81a8492194dd2c21901580e82581c65fc709a5e019b8aba76f6977c1c8770e4b36fa76f434efc588747b7581ceccbfb5c619673f0648a42cc2f822c81cbc34aee41274638e89a7af509a1581c3542acb3a64d80c29302260d62c3b87a742ad14abf855ebc6733081ea143060402250758204f539156bfbefc070a3b61cad3d1cedab3050e2b2a62f0ffe16a43eb0edc1ce80f00a60085825820dd68e3831c03ee95777db844d3dbb7a4511e5db8fd1d83690598a78d6e0c767058409205e45668ef02ac3d2994f88e01e88c6ebccc3261daf98925a963a4fa92cb4907f21184326d85d9989e25b89cc8ee1147ebdea3bb30b60bc4af98a742ff41fe825820929ed67e7223310e635fa221b4f78efacd50ed36e35f31ac7eefd3cc1d998caa5840afac243b5c8c3670495c696191a38ea7ad51397c2e79d9e416276600ebdaf3cbbcb9a2316b3e98426f36221af64ebe7874bbcfe21cb1fc32556755aa279d0b5d82582045315314159232edd7d538e3199eacc7056e3839166d64f106421c83547bb277584041eb075cb9609669a72abf2156794e3ff695aecc4f6f3e239be7538fd43e30100e14f7f7a62575c226fb381416bdfbc5f513730772d47afdeba8ab8ad27b22ef825820db4bd7fed059de2c97270147fdc4693ff8675fddb6ce9d3fee3a290ef5ba2c725840d5487d6b9d8e534cbbd6c023d8d6fd747f176be7ea2dc003dca34d3af63e9b85ad6c8554d427a8ee0be52fe2c4ca1281045c96e675292413e3f28a6319edbf9b825820a45e22527406171b27b59680a767b4a9b21a5020079e330058f4f260f9db85b15840122f4b64fffc5940bd118195f7e178810dd32fbabb5cb156b0f6f8491830ebe112fb03157257e885c28c976df4a2b337730e20e6dcb09cf1d5aac590fddb9ddf0281845820afb8ad5008f037a28ada8c79091df8cda2f34d5c110732a2fab9fb16b405578658402cf70a08e34deb1fa66510a0f82d09a9c60d8fd5fb6f0484670f5af3570f54b3ed9a507ad365014f719d6fc1e3f1ef2c78c76c153481720be8d2f3d59982a7c6455207338a55457c42710ce9018182051a0001782f0381464501000026010482d866821902289fd8668219022f9fa143d12e784438c276aba421446d20f8bf020540402143787a44ff9f9f0041c10142158640ff24ffd8668218ce9f2242b5a9a043201b1fffd8668219035b9fa400439f507d240224402144f55a93ca214459fd0424a0ffffa5d866821902af9f9f23ff21ffd8668219036d809f9f0244990d7c7942e6d12201ff9f2223004174ffd866821901139f200424ff23d8668219026f9f23ffff8020d87d9f439195702401a40224425d37024044c98c0a4a43a70e3d43129c3180ffa4d866821902309f2342187f4022ff0244ddd23120d86682188e9f423cef21404001ff9f01ff9f41040141d3ff43e52165a522425471034297f8441561bdc02240404243764043f6f57b43a6eb16a3a500240543f707bc05417f42e8590444039774a8209f414d40ff4109d866821903af9f44b0b9317902ff9f418902ffa44196240444296bd9c64165242042cb5a05818400014192821b2d434789f8c5de571b1674ec8f239b7068f4d90103a200a20e030f425ec2018483030182820519325582041a0001714882018382028482051a000124f98202838200581c65fc709a5e019b8aba76f6977c1c8770e4b36fa76f434efc588747b78200581ca646474b8f5431261506b6c273d307c7569a4eb6c96b42dd4a29520a8200581cb5ae663aaea8e500157bdf4baafd6f5ba0ce5759f7cd4101fc132f548303008082018082041995c98200581c58e1b65718531b42494610c506cef10ff031fa817a8ff75c0ab180e782041950ac8201838303008382041a000153e5830300818200581c76e607db2a31c9a2c32761d2431a186a550cc321f79cd8d6a82b29b8820519e92f820281830300838200581ca646474b8f5431261506b6c273d307c7569a4eb6c96b42dd4a29520a8200581cb5ae663aaea8e500157bdf4baafd6f5ba0ce5759f7cd4101fc132f548200581ca646474b8f5431261506b6c273d307c7569a4eb6c96b42dd4a29520a8201838202818200581c3542acb3a64d80c29302260d62c3b87a742ad14abf855ebc6733081e8201838200581ce0a714319812c3f773ba04ec5d6b3ffcd5aad85006805b047b0825418200581ce0a714319812c3f773ba04ec5d6b3ffcd5aad85006805b047b0825418200581cb5ae663aaea8e500157bdf4baafd6f5ba0ce5759f7cd4101fc132f5482051a000163c5",
            "tag": "DraftCommitTxResponse"
        },
        {
            "commitTx": "590dbb84ac0084825820642206314f534b29ad297d82440a5f9f210e30ca5ced805a587ca402de9273420482582095c3003a78585e0db8c9496f6deef4de0ff000994b8534cd66d4fe96bb21ddd305825820bb30a42c1e62f0afda5f0a4e8a562f7a13a24cea00ee81917b86b89e801314aa00825820fb3d635c7cb573d1b9e9bff4a64ab4f25190d29b6fd8db94c605a218a23fa9ad030d858258202208e439244a1d0ef238352e3693098aba9de9dd0154f9056551636c8ed15dc10282582095c3003a78585e0db8c9496f6deef4de0ff000994b8534cd66d4fe96bb21ddd308825820bfa726c3c149165b108e6ff550cb1a1c4f0fdc2e9f26a9a16f48babe73b600ce01825820ee155ace9c40292074cb6aff8c9ccdd273c81648ff1149ef36bcea6ebb8a3e2505825820f63498b4ae65be466e4a71878971b9c524458996450b0ff8262cddf3f0d9922905128482582003170a2e7597b7b7e3d84c05391d139a62b157e78786d8c082f29dcf4c1113140682582095c3003a78585e0db8c9496f6deef4de0ff000994b8534cd66d4fe96bb21ddd308825820e88bd757ad5b9bedf372d8d3f0cf6c962a469db61a265f6418e1ffed86da29ec03825820f63498b4ae65be466e4a71878971b9c524458996450b0ff8262cddf3f0d99229000186a300585782d818584d83581cbbfdbbc53f5debc784448d0f80ab439bbb6131ae885a77385a1c1a2ca20158225820706c696373626c7178656e73696c7566626d717872647963667470766d796e7002451ab042271d021a942ad93b018201a3581c58e1b65718531b42494610c506cef10ff031fa817a8ff75c0ab180e7a14604050400060607581cb16b56f5ec064be6ac3cab6035efae86b366cc3dc4a0d571603d70e5a14607060408040402581ce0a714319812c3f773ba04ec5d6b3ffcd5aad85006805b047b082541a14005028201d81858629fd86682190215809f4080a1432f869124d866821902e29f03ff20ffa44208fc42ed19d8668219025d80a324244440723ff0014022422a2ca102009f01ffd866821901569f445835c67224034407ce863cffa19f4267da4266d440ff44bc3d5f84ffa300585782d818584d83581c1c36248e874bbb3df23c33c4de8b7f9e6ec5f7652e9a52a9e6326076a201582258207861766c6262787075737677637167796b736e727165647467646e6d6272696602451a26c34d66001a314b9d33018204a1581c0d94e174732ef9aae73f395ab44507bfa983d65023c11a951f0c32e4a244040201000c4408020804080282005820fb3d635c7cb573d1b9e9bff4a64ab4f25190d29b6fd8db94c605a218a23fa9ada300585082d818584683581c69455b3f9ef9ccb9c1e388dbc08298329a560645da30b6f7fa935a49a101582258204e87f39c5b04dd765fccf108e1d99c2aafefcda12d0c4fa75b33096489c98078001a9b378c40018204a5581c0d94e174732ef9aae73f395ab44507bfa983d65023c11a951f0c32e4a14504070102050b581c3542acb3a64d80c29302260d62c3b87a742ad14abf855ebc6733081ea14202020c581c4acf2773917c7b547c576a7ff110d2ba5733c1f1ca9cdc659aea3a56a144080500050e581c76e607db2a31c9a2c32761d2431a186a550cc321f79cd8d6a82b29b8a14603030605070305581cb5ae663aaea8e500157bdf4baafd6f5ba0ce5759f7cd4101fc132f54a144000803030703d8184a82014746010000220011a400582140bd039f956f4b302f3ab6fc7c4bac3350a540f44af81a8492194dd2c2d97e0001018207a4581c0d94e174732ef9aae73f395ab44507bfa983d65023c11a951f0c32e4a14007581c1920e782f048e9ef52acd89c4341a89c3908c6e046ad87c474fffb48a145030104020008581c58e1b65718531b42494610c506cef10ff031fa817a8ff75c0ab180e7a1430202020c581ceccbfb5c619673f0648a42cc2f822c81cbc34aee41274638e89a7af5a1450501040102050282005820ee155ace9c40292074cb6aff8c9ccdd273c81648ff1149ef36bcea6ebb8a3e2503d81849820146450100002601a400583901bd039f956f4b302f3ab6fc7c4bac3350a540f44af81a8492194dd2c23542acb3a64d80c29302260d62c3b87a742ad14abf855ebc6733081e018208a4581c3542acb3a64d80c29302260d62c3b87a742ad14abf855ebc6733081ea14305040708581c4acf2773917c7b547c576a7ff110d2ba5733c1f1ca9cdc659aea3a56a1430000010d581cb16b56f5ec064be6ac3cab6035efae86b366cc3dc4a0d571603d70e5a141000b581ceccbfb5c619673f0648a42cc2f822c81cbc34aee41274638e89a7af5a14206000f028201d818412203d818582282008200581cb16b56f5ec064be6ac3cab6035efae86b366cc3dc4a0d571603d70e5a3005839000d94e174732ef9aae73f395ab44507bfa983d65023c11a951f0c32e4eccbfb5c619673f0648a42cc2f822c81cbc34aee41274638e89a7af5018208a4581c0d94e174732ef9aae73f395ab44507bfa983d65023c11a951f0c32e4a14307070409581ca646474b8f5431261506b6c273d307c7569a4eb6c96b42dd4a29520aa142060602581ce0a714319812c3f773ba04ec5d6b3ffcd5aad85006805b047b082541a1460500080306060d581ceccbfb5c619673f0648a42cc2f822c81cbc34aee41274638e89a7af5a1460001010003030a03d81858fc8200820284830302838201838200581c4acf2773917c7b547c576a7ff110d2ba5733c1f1ca9cdc659aea3a568200581c76e607db2a31c9a2c32761d2431a186a550cc321f79cd8d6a82b29b88200581cb16b56f5ec064be6ac3cab6035efae86b366cc3dc4a0d571603d70e5830300828200581c4acf2773917c7b547c576a7ff110d2ba5733c1f1ca9cdc659aea3a568200581c0d94e174732ef9aae73f395ab44507bfa983d65023c11a951f0c32e482041a00014b968200581cb5ae663aaea8e500157bdf4baafd6f5ba0ce5759f7cd4101fc132f548200581cb5ae663aaea8e500157bdf4baafd6f5ba0ce5759f7cd4101fc132f54820519111310a300585082d818584683581ce90d35df20f8b4ec5f218291453246f2e07b33eb152bee70dca01211a10158225820726875627567696b6d736c6c656b78666467706e71746f77786f7269766a6478021ae4002853010c028201d81841400219035c04818304581cb5ae663aaea8e500157bdf4baafd6f5ba0ce5759f7cd4101fc132f541a00011ce505a5581df0b16b56f5ec064be6ac3cab6035efae86b366cc3dc4a0d571603d70e51901e3581de00d94e174732ef9aae73f395ab44507bfa983d65023c11a951f0c32e4190297581de04acf2773917c7b547c576a7ff110d2ba5733c1f1ca9cdc659aea3a56190201581df165fc709a5e019b8aba76f6977c1c8770e4b36fa76f434efc588747b715581de1e0a714319812c3f773ba04ec5d6b3ffcd5aad85006805b047b082541190313081a000109600e83581c0d94e174732ef9aae73f395ab44507bfa983d65023c11a951f0c32e4581c1920e782f048e9ef52acd89c4341a89c3908c6e046ad87c474fffb48581c76e607db2a31c9a2c32761d2431a186a550cc321f79cd8d6a82b29b809a1581ceccbfb5c619673f0648a42cc2f822c81cbc34aee41274638e89a7af5a2402d420105020b5820e88bd757ad5b9bedf372d8d3f0cf6c962a469db61a265f6418e1ffed86da29eca600838258208b1b73e98349a1d8933390a2d6cb222d5df04b914373dfb76679d0fcaf813d0d584060a16f4fcc915b1434336fab7a8cb0f455366accf03498b597ac1cdf4d9735c3b20b6e0bad90f73110f724523734b60c9e4332f24f5e458ee6aa4b171967355f8258203ad7187de6de19f551d293b66ccaea88e89bc56de9c6784b2003049493276e23584012415c5a6408b17a31b43cdfd264472504efe28c9438f280b090d3b8164851343a35fc88a5eb906f5eabf2c6f368b80813f155e5dbe3e40974b391c22b76b9e6825820dc211ebd9a2ce28111b4d1df7f16db3be24dc467ab185fb6e08f2db185a80f7f5840f803e741563491ed4ced339ff7f119255dda2fd9816bffd7a31845877bd8aeb918a75b78b2253c8b86afc0e47eadbf9afe20206e9443792bb1d60b88b875eb860282845820f4588c8dad561778b138b06aa991378ec65fada1b4b9af5e5f18de502b30adba584064737866796e787a676c737669636c66687971716664686f736763766e79766b6c6e746f677061666c726f69777263617a75666270646e796e6d687a70716e6c44c45c58a9449a6f9ccd8458203fc97a816240bfd72894d93a425c0fb61126f87148f0819497d3d44c7d30f3515840666b6f667369666966686b61697979766b7a6e6c756a757273777876676478647467727a7068616f64746376616d7a747a6a6f686f756f62796c6d6b6874666d404342fdc001838200581c76e607db2a31c9a2c32761d2431a186a550cc321f79cd8d6a82b29b88200581c58e1b65718531b42494610c506cef10ff031fa817a8ff75c0ab180e78200581ca646474b8f5431261506b6c273d307c7569a4eb6c96b42dd4a29520a0681464501000026010481d866821902cb9fd8668218c99fa044e0027d709f41a70042d74642473740ff4154ffd866821902cc9f9f20ff2200ff9fd866821903e19f0300ffd866821901f69f03431616c102ff41d8ffd8668218909fa0d866821902db9f42b929ffffff0581840103d8668219023c9fd905109f9f42293d04ff01ffd9055f9f9f044359c7aeff809f2443f420a04040ffd905229f4262be05ff9f42b180415344fdc6a28644b27f2d46ffff41d0ff821b7833f3757f84cbd81b76d2979c1713751ff4f6",
            "tag": "DraftCommitTxResponse"
        },
        {
            "commitTx": "590fd484ac00838258200268be9dbd0446eaa217e1dec8f399249305e551d7fc1437dd84521f74aa621c048258204f539156bfbefc070a3b61cad3d1cedab3050e2b2a62f0ffe16a43eb0edc1ce802825820642206314f534b29ad297d82440a5f9f210e30ca5ced805a587ca402de927342070186a200585782d818584d83581c3f813e8826cec9c3b8ccf528b8bc27d543c065d54fb4f647aad20938a201582258207073747864686b7964616b72707468746b70766f6e6772726879766f6f6f736802451ab74aece0001a411c35b101820fa3581c1920e782f048e9ef52acd89c4341a89c3908c6e046ad87c474fffb48a14507030006040a581c58e1b65718531b42494610c506cef10ff031fa817a8ff75c0ab180e7a142040002581c76e607db2a31c9a2c32761d2431a186a550cc321f79cd8d6a82b29b8a14608030200060308a400585082d818584683581c22f99cc85129e9f77df95f48d51e52c8d68a062142e1e083b2dee872a10158225820042014ad208d9dadc76cbe9f198c84f651cbc6f698bbcbce197e248c07c55748021a9f9a7ad1010f028201d818439f40ff03d818478200820419e2cfa400585782d818584d83581c8a39a45a085c15915036c61666ad3cbeb90f58b9224aa0d40acf449ba201582258206f617168747a62646f707869647a63776f6270647471686b6a7675676d6e6a7002451a4314b4fa001ac299a8a5018202a1581c3542acb3a64d80c29302260d62c3b87a742ad14abf855ebc6733081ea144050208060c028200582095c3003a78585e0db8c9496f6deef4de0ff000994b8534cd66d4fe96bb21ddd303d818582282008200581c58e1b65718531b42494610c506cef10ff031fa817a8ff75c0ab180e7a400585782d818584d83581c082009dca920b87a760d29acbedf10ada44a2f5ddab13438d026c577a201582258206264786179657264676b7678696e7877766f6c766b6378646d7561656f6d737902451a181809f2001a3977cbd301820aa6581c0d94e174732ef9aae73f395ab44507bfa983d65023c11a951f0c32e4a145030805080507581c1920e782f048e9ef52acd89c4341a89c3908c6e046ad87c474fffb48a14303010808581c4acf2773917c7b547c576a7ff110d2ba5733c1f1ca9cdc659aea3a56a1440308000603581cb5ae663aaea8e500157bdf4baafd6f5ba0ce5759f7cd4101fc132f54a14001581cbd039f956f4b302f3ab6fc7c4bac3350a540f44af81a8492194dd2c2a14202040e581ceccbfb5c619673f0648a42cc2f822c81cbc34aee41274638e89a7af5a1450303060407050282005820bfa726c3c149165b108e6ff550cb1a1c4f0fdc2e9f26a9a16f48babe73b600ce03d818585e8200820182820285820519301a82041a000178778200581cb5ae663aaea8e500157bdf4baafd6f5ba0ce5759f7cd4101fc132f548200581cbd039f956f4b302f3ab6fc7c4bac3350a540f44af81a8492194dd2c282051919c9820419fb8ca200581d71eccbfb5c619673f0648a42cc2f822c81cbc34aee41274638e89a7af5018205a4581c1920e782f048e9ef52acd89c4341a89c3908c6e046ad87c474fffb48a141020c581ca646474b8f5431261506b6c273d307c7569a4eb6c96b42dd4a29520aa1400a581cb5ae663aaea8e500157bdf4baafd6f5ba0ce5759f7cd4101fc132f54a244040602000f4504080800070d581cbd039f956f4b302f3ab6fc7c4bac3350a540f44af81a8492194dd2c2a14608040206040508a300582251e0a714319812c3f773ba04ec5d6b3ffcd5aad85006805b047b08254185b9500702018204a4581c0d94e174732ef9aae73f395ab44507bfa983d65023c11a951f0c32e4a1430306000a581c1920e782f048e9ef52acd89c4341a89c3908c6e046ad87c474fffb48a144080704030f581cb5ae663aaea8e500157bdf4baafd6f5ba0ce5759f7cd4101fc132f54a1400a581cbd039f956f4b302f3ab6fc7c4bac3350a540f44af81a8492194dd2c2a142030106028201d81858459fa59f43bb3c25ff4024804001409f400205ff039f0143d67a56ff9f9f05ff9f2421ffd866821902f79f412942d15fff9f22ff00ff41bb9fd8668218919f04230521ffffff10a300583921eccbfb5c619673f0648a42cc2f822c81cbc34aee41274638e89a7af558e1b65718531b42494610c506cef10ff031fa817a8ff75c0ab180e7018209a3581c58e1b65718531b42494610c506cef10ff031fa817a8ff75c0ab180e7a1410703581c65fc709a5e019b8aba76f6977c1c8770e4b36fa76f434efc588747b7a1410603581cbd039f956f4b302f3ab6fc7c4bac3350a540f44af81a8492194dd2c2a1450201070800040282005820642206314f534b29ad297d82440a5f9f210e30ca5ced805a587ca402de92734211190187021903a70319d710048282008201581c76e607db2a31c9a2c32761d2431a186a550cc321f79cd8d6a82b29b882018200581c1920e782f048e9ef52acd89c4341a89c3908c6e046ad87c474fffb4805a4581df01920e782f048e9ef52acd89c4341a89c3908c6e046ad87c474fffb481902e2581df176e607db2a31c9a2c32761d2431a186a550cc321f79cd8d6a82b29b818d4581de11920e782f048e9ef52acd89c4341a89c3908c6e046ad87c474fffb4818bd581de158e1b65718531b42494610c506cef10ff031fa817a8ff75c0ab180e719028b081a000115d70e84581c58e1b65718531b42494610c506cef10ff031fa817a8ff75c0ab180e7581c65fc709a5e019b8aba76f6977c1c8770e4b36fa76f434efc588747b7581cb16b56f5ec064be6ac3cab6035efae86b366cc3dc4a0d571603d70e5581cb5ae663aaea8e500157bdf4baafd6f5ba0ce5759f7cd4101fc132f5409a4581c1920e782f048e9ef52acd89c4341a89c3908c6e046ad87c474fffb48a1402b581c4acf2773917c7b547c576a7ff110d2ba5733c1f1ca9cdc659aea3a56a1400e581cbd039f956f4b302f3ab6fc7c4bac3350a540f44af81a8492194dd2c2a1430105010e581ceccbfb5c619673f0648a42cc2f822c81cbc34aee41274638e89a7af5a1450301030408240b5820642206314f534b29ad297d82440a5f9f210e30ca5ced805a587ca402de927342a6008282582099b3f820b688abd5dd6f42cd5e613b88e70f1842ba6c0d552ab99b9f16a899b25840ea968d01067886e1b2ffe15a1577a0c62c579a454f8d043ee342a0d0815e5c2e38a93b6f27445bcd38e8cba4d00617d04ffb46573150ff364b57dd9a7065286a825820bba2b0ec0c662029120c3a31ba3aa2ea2cf0dbf2676a0f2db54cda4d97a4133a5840deb5218f101b6fb5fd42114d9c3d509a5b36901425550a3e1f7ffd2e68e480618a11d2cc0453fc9bbe3995094f305af9a0f04a4600beada30576510a3eef62a3028584582048954680cfb1917a8d8f9e85b7cb43ee69b95109019b8767bd6489ff6d5f24ad5840686d656170686166656a7664776170796e62696b6f76767273796e7763717167736361626b647570676e6c64636c7368746d7765716d787a6b68666b6361647843876b5c42c87684582046a07312e7fdd35a35927d68f37ea851bc937750ecfa7fd71a62180257a4a7d45840ad829a1f7f5bcd9f10e653c53fa9233a4d1ba30ba81c68426267792ba109598ad85809406da8198f96e6941f08c9414a3ad799b88983319b325c1e411cfe238643f592a5433770db84582010fbe831dff0bcc52fd6a20f2fbeeeaa57abe916512318d0e8b10942f36855375840c54794dc76a5db71a1674b0b9c4c39cd5bcc1131b50ff87b01c56026dd49ce780314449fdafe7085620abbc6c2a84691992a375cbcee2dda960610fbf2093fff45a31781be8942d16e845820edef3d4e8e159ff67621ed916bb58078e53eab2164681439d5427b2d740aad55584075fce64cd031b570598b2bf935fe218f03f5ab687139e3bd78dd7cf1c895b1d69e34ac69269e2a342ea817a2afe2890ed3d4e64633fdf74b59f57cf4788ee914415543927baf8458208f2b5007acbb1f4b6a3754f2029ae9204abefe5cbd88719078840ba27d821d5d5840686c6c656d706e79716766786a6779637469696f6679786c616161776b6964756a71636b726a66776f716b6d7574636e72756965636f757564656c6a7272726644bcb25b9041d90185820419cfd783030182830303858201838200581c58e1b65718531b42494610c506cef10ff031fa817a8ff75c0ab180e78200581cb5ae663aaea8e500157bdf4baafd6f5ba0ce5759f7cd4101fc132f548200581c65fc709a5e019b8aba76f6977c1c8770e4b36fa76f434efc588747b78201858200581c65fc709a5e019b8aba76f6977c1c8770e4b36fa76f434efc588747b78200581c3542acb3a64d80c29302260d62c3b87a742ad14abf855ebc6733081e8200581ce0a714319812c3f773ba04ec5d6b3ffcd5aad85006805b047b0825418200581c58e1b65718531b42494610c506cef10ff031fa817a8ff75c0ab180e78200581ce0a714319812c3f773ba04ec5d6b3ffcd5aad85006805b047b082541830301818200581c3542acb3a64d80c29302260d62c3b87a742ad14abf855ebc6733081e8200581ce0a714319812c3f773ba04ec5d6b3ffcd5aad85006805b047b0825418200581cb16b56f5ec064be6ac3cab6035efae86b366cc3dc4a0d571603d70e58303008282051957638201838200581c3542acb3a64d80c29302260d62c3b87a742ad14abf855ebc6733081e8200581c0d94e174732ef9aae73f395ab44507bfa983d65023c11a951f0c32e48200581c0d94e174732ef9aae73f395ab44507bfa983d65023c11a951f0c32e4820280820419d30682041990570681474601000022001104869f4480e86966ffa5d8668219038c9fa50120419d01034320b44922413003410ad87d9f01404040ff42df90d866821903c09f04404311b12824ff00ffa19f2000ffa2437d45c8431a51340201039fd866821901b79f41b901ffff40a49f4043062c24ff41b3a24303c8cb02447590155322a144a7bad598413ed866821901759f437688414461f40eafffa0a324234042bc7c224042ac58424efe052143d47e25448e1f50e2429d51244306edd6058384000c9f22445a522fa5a4d866821902b09f43e2238941f821ffa54001411443fcf7cc0042d2bb43147e0f224121410f029f414104ffd8668219023a9f240140ffa42042a7610441a8040342ca1243499bd88041c720ff821b78605f68091a3e2c1b185824fe868da5ef840208a4a09fa0ff410f24a4d8668218a180d86682190256802140a2240544a6864fc942b2f8a10300a0a2020100429e78d8668218d79fa241484444eff44d437aed7305d866821903ae9f02432603a801444fe45fe2ffa30021242022426f08d8668219018f9f40415b4449095485ff445d2e9925ffa49f0520ff24d866821903b79f0124420ad4449a898f7e42a59dffa242d9d44021424c8f204314400980d866821901649f2440ff44a51b120b821b7b9231d76013cc371b74c008c92ff82ce984020a9f42ea3301d866821901d49f409f234432a7f11205ff20ff9f432c6eaa41fcffff821b6e75d57c60f9490e1b3ac70ffcc465d2e5f5f6",
            "tag": "DraftCommitTxResponse"
        },
        {
            "commitTx": "59095d84ab0085825820e88bd757ad5b9bedf372d8d3f0cf6c962a469db61a265f6418e1ffed86da29ec08825820ee155ace9c40292074cb6aff8c9ccdd273c81648ff1149ef36bcea6ebb8a3e2506825820f63498b4ae65be466e4a71878971b9c524458996450b0ff8262cddf3f0d9922902825820fb3d635c7cb573d1b9e9bff4a64ab4f25190d29b6fd8db94c605a218a23fa9ad01825820fb3d635c7cb573d1b9e9bff4a64ab4f25190d29b6fd8db94c605a218a23fa9ad050d868258200268be9dbd0446eaa217e1dec8f399249305e551d7fc1437dd84521f74aa621c03825820bb30a42c1e62f0afda5f0a4e8a562f7a13a24cea00ee81917b86b89e801314aa02825820e88bd757ad5b9bedf372d8d3f0cf6c962a469db61a265f6418e1ffed86da29ec01825820e88bd757ad5b9bedf372d8d3f0cf6c962a469db61a265f6418e1ffed86da29ec05825820f63498b4ae65be466e4a71878971b9c524458996450b0ff8262cddf3f0d9922908825820fb3d635c7cb573d1b9e9bff4a64ab4f25190d29b6fd8db94c605a218a23fa9ad03018010a200581d70a646474b8f5431261506b6c273d307c7569a4eb6c96b42dd4a29520a018207a3581c4acf2773917c7b547c576a7ff110d2ba5733c1f1ca9cdc659aea3a56a1430408000f581c76e607db2a31c9a2c32761d2431a186a550cc321f79cd8d6a82b29b8a14006581cb5ae663aaea8e500157bdf4baafd6f5ba0ce5759f7cd4101fc132f54a1400d0219038c0319d6be04848206820119021d8304581c76e607db2a31c9a2c32761d2431a186a550cc321f79cd8d6a82b29b81a00013ea78a03581c65fc709a5e019b8aba76f6977c1c8770e4b36fa76f434efc588747b75820bb30a42c1e62f0afda5f0a4e8a562f7a13a24cea00ee81917b86b89e801314aa18cc1825d81e820001581de0bd039f956f4b302f3ab6fc7c4bac3350a540f44af81a8492194dd2c284581c0d94e174732ef9aae73f395ab44507bfa983d65023c11a951f0c32e4581c1920e782f048e9ef52acd89c4341a89c3908c6e046ad87c474fffb48581c4acf2773917c7b547c576a7ff110d2ba5733c1f1ca9cdc659aea3a56581ce0a714319812c3f773ba04ec5d6b3ffcd5aad85006805b047b0825418682026f666f6f2e6578616d706c652e636f6d840007f6f68301006f666f6f2e6578616d706c652e636f6d8301f66f666f6f2e6578616d706c652e636f6d8400f6f650b80d012000000000000000000100000082026f666f6f2e6578616d706c652e636f6df68405581c58e1b65718531b42494610c506cef10ff031fa817a8ff75c0ab180e7581c3542acb3a64d80c29302260d62c3b87a742ad14abf855ebc6733081e58200268be9dbd0446eaa217e1dec8f399249305e551d7fc1437dd84521f74aa621c05a5581df0bd039f956f4b302f3ab6fc7c4bac3350a540f44af81a8492194dd2c21901a2581de00d94e174732ef9aae73f395ab44507bfa983d65023c11a951f0c32e41876581df1b5ae663aaea8e500157bdf4baafd6f5ba0ce5759f7cd4101fc132f541902f1581de10d94e174732ef9aae73f395ab44507bfa983d65023c11a951f0c32e419033e581de165fc709a5e019b8aba76f6977c1c8770e4b36fa76f434efc588747b718240e83581c0d94e174732ef9aae73f395ab44507bfa983d65023c11a951f0c32e4581c1920e782f048e9ef52acd89c4341a89c3908c6e046ad87c474fffb48581c65fc709a5e019b8aba76f6977c1c8770e4b36fa76f434efc588747b709a5581c4acf2773917c7b547c576a7ff110d2ba5733c1f1ca9cdc659aea3a56a14200032e581c58e1b65718531b42494610c506cef10ff031fa817a8ff75c0ab180e7a1460807030306050d581c76e607db2a31c9a2c32761d2431a186a550cc321f79cd8d6a82b29b8a1440003020821581cb16b56f5ec064be6ac3cab6035efae86b366cc3dc4a0d571603d70e5a144070008020a581cbd039f956f4b302f3ab6fc7c4bac3350a540f44af81a8492194dd2c2a14204052a0f00a50084825820e4d8d45d6ba19c67a48f76b87fdd6bccc430eb76a7f3ca9733b17aa75f66514158408d17b4b72e3cee05cb45f04ceab79362e9815b6e08077ac8176d3db795f87a73baad5e4e76867b5b0be1e6ffd5da5087b86738e4327334eab78b15d6203e980c8258206d1a5bcc1fc50b3be647273190af6e15f5315baa018ca5348b427b551221d88d58400fba855abc567a89f0ae5ebd47d45c9fef887a384a40122b6d77848f8324bcdc57695a44002a8e68c4bb393c64205eaa9cf078f05954f0bb2cc418e49504dc98825820ae16a860d64fc08a6c212963a97128071bbe5b027f2dd25172acd7ebbd637368584048f1a0b621f311ec5516e996e24b34722f94ea5157539819655efa411597c0bb41a5ccbe6d69beb681c05a438aefb7cbb9a7921ae08a2429faee9bcb9aaf024c825820a37c93c0218211bb560e99a47c8b093bbce6990f6aef6dbc5db94d12de9a8d085840a065f36a7684904f7589e71f4920dd58715bdcccc3efef885147a93c87d653a894208b07b1cc02cc4b76998126d914f5a7d19fc0675f778f68ea76d02c317c780282845820d48668a5ace477790e2561ffeaa3b9106069e61a92ed28170650c0f1e565b398584071796f6d706c656a6c7466676d6a767464746d6b6c7a79626f7272636168786579657a737477617272616f76786a7576697877726b67686a71616c617776796841a840845820e53a4f834dfbeef9fb77b9e7994ca0e992f553e3e978ef678438d569e6afda8558401adcdf70973030ed5e8a2821fa67ce1c4221e188e7b4189bf474084c8c9bf0ae57c0151d499bdf40d586aa9523af6a1143e45024be7d49490a7bbfce84af381241574218f20181820519dd0e04824020058584000620821b162026b952db067e1b5d2d97faf4609a22840200a4d866821901ff9fa09f43cc2b88ff427b1cffd8668219024280d905339fa044be0e8d6d438a23394452e86d26a444045bf59202445200395341af44e5a66a5d40445078172e04ff214321a198d8668219016f80d866821903379f002220a52344a947651a20224002425a8002220104ffd9050d9fa09f02ff9f42397f0040ff21ff821b5658e76626d3d0651b4290fe09f23bcce6840205d905669f9f9f4041640141d722ffd866821901af9f2040234231cf04ffffff821b4d8a3985f52b76141b7a5a520eb6075c298403084480aeccf8821b75be54373d9ff5101b447d2fde82503add84030f05821b4c34a9f5699c176c1b22abceb17520970ef4d90103a100a202210b64453c373e",
            "tag": "DraftCommitTxResponse"
        },
        {
            "commitTx": "5913f684ad00800d828258200268be9dbd0446eaa217e1dec8f399249305e551d7fc1437dd84521f74aa621c08825820f63498b4ae65be466e4a71878971b9c524458996450b0ff8262cddf3f0d992290412838258202208e439244a1d0ef238352e3693098aba9de9dd0154f9056551636c8ed15dc107825820ae85d245a3d00bfde01f59f3c4fe0b4bfae1cb37e9cf91929eadcea4985711de04825820bfa726c3c149165b108e6ff550cb1a1c4f0fdc2e9f26a9a16f48babe73b600ce030184a300585782d818584d83581c3d05f0f7f5e54cb789be8bc5e2c506f05f3c3f7a11f35a07979d168ea20158225820636c6a796a6b777a7878706b6f79757262616167776f7073687461627265796802451a8ec0ab72001adf75d2b6018209a3581c1920e782f048e9ef52acd89c4341a89c3908c6e046ad87c474fffb48a1400c581c3542acb3a64d80c29302260d62c3b87a742ad14abf855ebc6733081ea144010703060a581cbd039f956f4b302f3ab6fc7c4bac3350a540f44af81a8492194dd2c2a143040302070282005820ae85d245a3d00bfde01f59f3c4fe0b4bfae1cb37e9cf91929eadcea4985711dea300585782d818584d83581cb27f74dd83248d84ec73170c3421a59a2cfe8a3573d3c7261594d8f4a2015822582042f2bf32c6bcc8fa171135e58d8fbb72ead672d064ca3f6eb8bf36ced3aece5f02451a3d09386e001aafa50aa701820ca4581c4acf2773917c7b547c576a7ff110d2ba5733c1f1ca9cdc659aea3a56a24201040a410304581cb16b56f5ec064be6ac3cab6035efae86b366cc3dc4a0d571603d70e5a1430506010d581cb5ae663aaea8e500157bdf4baafd6f5ba0ce5759f7cd4101fc132f54a14305080103581ceccbfb5c619673f0648a42cc2f822c81cbc34aee41274638e89a7af5a1400d03d81859036d8200820185830302838202848200581c0d94e174732ef9aae73f395ab44507bfa983d65023c11a951f0c32e48200581c76e607db2a31c9a2c32761d2431a186a550cc321f79cd8d6a82b29b88200581c4acf2773917c7b547c576a7ff110d2ba5733c1f1ca9cdc659aea3a568200581ce0a714319812c3f773ba04ec5d6b3ffcd5aad85006805b047b082541830304858200581c58e1b65718531b42494610c506cef10ff031fa817a8ff75c0ab180e78200581ce0a714319812c3f773ba04ec5d6b3ffcd5aad85006805b047b0825418200581c65fc709a5e019b8aba76f6977c1c8770e4b36fa76f434efc588747b78200581cb5ae663aaea8e500157bdf4baafd6f5ba0ce5759f7cd4101fc132f548200581cb5ae663aaea8e500157bdf4baafd6f5ba0ce5759f7cd4101fc132f5482051a0001324482051987de830304858202818200581cb16b56f5ec064be6ac3cab6035efae86b366cc3dc4a0d571603d70e58201838200581c4acf2773917c7b547c576a7ff110d2ba5733c1f1ca9cdc659aea3a568200581cb16b56f5ec064be6ac3cab6035efae86b366cc3dc4a0d571603d70e58200581c0d94e174732ef9aae73f395ab44507bfa983d65023c11a951f0c32e48202838200581c0d94e174732ef9aae73f395ab44507bfa983d65023c11a951f0c32e48200581cb5ae663aaea8e500157bdf4baafd6f5ba0ce5759f7cd4101fc132f548200581c76e607db2a31c9a2c32761d2431a186a550cc321f79cd8d6a82b29b8820180820419c5428202848200581c76e607db2a31c9a2c32761d2431a186a550cc321f79cd8d6a82b29b88200581c4acf2773917c7b547c576a7ff110d2ba5733c1f1ca9cdc659aea3a5682051937b08200581c0d94e174732ef9aae73f395ab44507bfa983d65023c11a951f0c32e48202858202828200581cb5ae663aaea8e500157bdf4baafd6f5ba0ce5759f7cd4101fc132f548200581c65fc709a5e019b8aba76f6977c1c8770e4b36fa76f434efc588747b78202828200581c58e1b65718531b42494610c506cef10ff031fa817a8ff75c0ab180e78200581cbd039f956f4b302f3ab6fc7c4bac3350a540f44af81a8492194dd2c2830300818200581c76e607db2a31c9a2c32761d2431a186a550cc321f79cd8d6a82b29b88200581c4acf2773917c7b547c576a7ff110d2ba5733c1f1ca9cdc659aea3a5682041a00014f9da3005822414acf2773917c7b547c576a7ff110d2ba5733c1f1ca9cdc659aea3a5682b745010101820aa4581c0d94e174732ef9aae73f395ab44507bfa983d65023c11a951f0c32e4a14007581c4acf2773917c7b547c576a7ff110d2ba5733c1f1ca9cdc659aea3a56a1460504040000070c581cbd039f956f4b302f3ab6fc7c4bac3350a540f44af81a8492194dd2c2a145000006080806581ceccbfb5c619673f0648a42cc2f822c81cbc34aee41274638e89a7af5a14201080d03d8184782008204190103a400585082d818584683581c3a59e43114bd1f03c8531273710840698138bce930d7e397c049eb99a101582258206a65776a78686f66716377747569706c78676762746b616569727770746a7465021af81b6541018208a3581c1920e782f048e9ef52acd89c4341a89c3908c6e046ad87c474fffb48a1440601000202581cb5ae663aaea8e500157bdf4baafd6f5ba0ce5759f7cd4101fc132f54a1440205000208581cbd039f956f4b302f3ab6fc7c4bac3350a540f44af81a8492194dd2c2a14407050400040282005820ae85d245a3d00bfde01f59f3c4fe0b4bfae1cb37e9cf91929eadcea4985711de03d8185901f682008202838201848202858200581ce0a714319812c3f773ba04ec5d6b3ffcd5aad85006805b047b0825418200581c0d94e174732ef9aae73f395ab44507bfa983d65023c11a951f0c32e48200581c58e1b65718531b42494610c506cef10ff031fa817a8ff75c0ab180e78200581c4acf2773917c7b547c576a7ff110d2ba5733c1f1ca9cdc659aea3a568200581c65fc709a5e019b8aba76f6977c1c8770e4b36fa76f434efc588747b78202828200581c65fc709a5e019b8aba76f6977c1c8770e4b36fa76f434efc588747b78200581ca646474b8f5431261506b6c273d307c7569a4eb6c96b42dd4a29520a8303008082051a00010d7f82041a00010aa0820284830302838200581c0d94e174732ef9aae73f395ab44507bfa983d65023c11a951f0c32e48200581cbd039f956f4b302f3ab6fc7c4bac3350a540f44af81a8492194dd2c28200581cbd039f956f4b302f3ab6fc7c4bac3350a540f44af81a8492194dd2c282051a00016c508202848200581c76e607db2a31c9a2c32761d2431a186a550cc321f79cd8d6a82b29b88200581cb5ae663aaea8e500157bdf4baafd6f5ba0ce5759f7cd4101fc132f548200581c58e1b65718531b42494610c506cef10ff031fa817a8ff75c0ab180e78200581ca646474b8f5431261506b6c273d307c7569a4eb6c96b42dd4a29520a820419465910a400581d7058e1b65718531b42494610c506cef10ff031fa817a8ff75c0ab180e7018201a3581c58e1b65718531b42494610c506cef10ff031fa817a8ff75c0ab180e7a14302010205581c76e607db2a31c9a2c32761d2431a186a550cc321f79cd8d6a82b29b8a1440208080102581ceccbfb5c619673f0648a42cc2f822c81cbc34aee41274638e89a7af5a143030606030282005820ae85d245a3d00bfde01f59f3c4fe0b4bfae1cb37e9cf91929eadcea4985711de03d8184782008204191e6a1119039c0219014c03195d9c04858405581c58e1b65718531b42494610c506cef10ff031fa817a8ff75c0ab180e7581c76e607db2a31c9a2c32761d2431a186a550cc321f79cd8d6a82b29b85820ee155ace9c40292074cb6aff8c9ccdd273c81648ff1149ef36bcea6ebb8a3e2582008201581ce0a714319812c3f773ba04ec5d6b3ffcd5aad85006805b047b08254182068201a28201581c4acf2773917c7b547c576a7ff110d2ba5733c1f1ca9cdc659aea3a563903e48201581ceccbfb5c619673f0648a42cc2f822c81cbc34aee41274638e89a7af519023082068200a18201581c0d94e174732ef9aae73f395ab44507bfa983d65023c11a951f0c32e41901fe82008201581c1920e782f048e9ef52acd89c4341a89c3908c6e046ad87c474fffb4805a5581df00d94e174732ef9aae73f395ab44507bfa983d65023c11a951f0c32e4190392581de03542acb3a64d80c29302260d62c3b87a742ad14abf855ebc6733081e190208581de065fc709a5e019b8aba76f6977c1c8770e4b36fa76f434efc588747b719012a581df1b16b56f5ec064be6ac3cab6035efae86b366cc3dc4a0d571603d70e518fe581de1eccbfb5c619673f0648a42cc2f822c81cbc34aee41274638e89a7af518bc081a0001159c0e84581c1920e782f048e9ef52acd89c4341a89c3908c6e046ad87c474fffb48581c4acf2773917c7b547c576a7ff110d2ba5733c1f1ca9cdc659aea3a56581c58e1b65718531b42494610c506cef10ff031fa817a8ff75c0ab180e7581cb16b56f5ec064be6ac3cab6035efae86b366cc3dc4a0d571603d70e509a3581c1920e782f048e9ef52acd89c4341a89c3908c6e046ad87c474fffb48a1440506050229581ca646474b8f5431261506b6c273d307c7569a4eb6c96b42dd4a29520aa14501080205052e581cb16b56f5ec064be6ac3cab6035efae86b366cc3dc4a0d571603d70e5a1440403010710a50082825820a1878324362e643f1656917b00dfaa3ad5f69882e9f44b011f2adc745850e20e5840068516ccd479ae66aff7b39cb5e189a2e8e3ca288f3b32edf753c2bd46043b928377fe7216db4544b6acb5936cfa88d51534d622c4e62818d86342e1305a29a48258200668b906a88d74d966fd221442df1a16d8d2d22e80eee5de076dfce0b451ff5058407c5d3fbaa6d9f61e2d68fe8590e7ef2c666d6f75515b253dcc325e4a2655e2566c20ab4f34aeef1cf08c8b7ae182f6d3ab5febdf72194f73b8feac0a692152fd02868458200cfd7ef2ed7cf3241fa93f3b78c397245ca6cbdbf61386ac1a2c8be0c885642b58406e71656b7468627165777a7371756b746866786c656e6d76656169676c687a626d6f6170646c74727a68656b6e6c7a666976726d696a636e72617a6d7a6f737a415e44309a1816845820aee547874df5a6cdc448d1ed200408f0133bfcd0179412b841d5f2d213cdce985840553213978626a376f1b3a55cb029ae636598c0cb50a6d5ed38d9e73e88ddabc8285533fe9d4ea7cb1e134a55d98f7500a351c85194a59ea4b9a042d9cb2dac2a44d7ce1a514209378458208660c6f1c9c665d28d095607c27ba5cb91a7d9c811e51ff2ba820d1b5605fb4c584063676e716b677974666373636278776666667877726a686e62786d6c786576706f74736478726476767069727169726368617361667268676d646e6d736772734045c66c56af10845820267610d8fab4f4c6feb77cc06c7654ce41e6581be95debf0b246e1ca36fa9b2d5840033bb86d350a1fc38e2a652cd6dfe3beac3cd1ba4510ea2246b4a0ebc89d686c2bbf42bcae6b9f4534fd7abc45cab4962bdbe8bf5d745f79cc5746f1507e6f6b43213c044346045184582008abbadc683aa8ceb4b3d2bf395c9059e3e9b6e68eff875ea3bda7d4d5d56ed358406c6b66626e797472746d7078676f627868686b636d6f69656f667761637976697a6864716a63676c6b76676f6a7a6a65736c637a7061696c706c757175727463416641cf845820d08ea174c78737961e07cb09993f526054982c66f3e4463aa9decefc3c6860f75840676168747671786c6d6e796e7a756b7869736672707a696a656c6977646d636d6b6f6e6a67766e6d676870696b77727773777463776d6f75676172647365646244ef50d62143f92bf201828202808303018182041a0001615d048380d866821901619f40d866821903a59f80ff0140ffd8668219026f9f0320d866821902bc9f42b7f5d866821902ca9f40ffff01ff0583840201a323d9057280d8668219010d80d8668218c09f4333e42effa204a242962d0542d0a923428309019f809f44e0235862ff445bdb834fff821b0801e249aecad24d1b5d04bfbeb3f86328840202a0821b5d90c2c81f77e09f1b7a3ee110bd529f08840310d9051f9f448a3714194451a513d6d86682189d9f40d8668218a8809f04432fb83d032443c2e716ffffa09f44c59f2db0d866821902669f04ff20ffff821b6df8b7a7c76e20eb1b2f69a9ce05cbd9faf5d90103a300a30da4a30200046044c2007cda624457a024451d72a47ec341ad452155ca22fd80456a7fba03290e440120858f0f21018482051a0001276482018482018282041a000106e9820419bf9782051906d0830300818200581c3542acb3a64d80c29302260d62c3b87a742ad14abf855ebc6733081e820182820419c0c58200581ce0a714319812c3f773ba04ec5d6b3ffcd5aad85006805b047b082541830302858202858201818200581cb16b56f5ec064be6ac3cab6035efae86b366cc3dc4a0d571603d70e5830305858200581c76e607db2a31c9a2c32761d2431a186a550cc321f79cd8d6a82b29b88200581cb16b56f5ec064be6ac3cab6035efae86b366cc3dc4a0d571603d70e58200581c58e1b65718531b42494610c506cef10ff031fa817a8ff75c0ab180e78200581c58e1b65718531b42494610c506cef10ff031fa817a8ff75c0ab180e78200581c76e607db2a31c9a2c32761d2431a186a550cc321f79cd8d6a82b29b88205197ba082041a00016ab082041990258201838200581c58e1b65718531b42494610c506cef10ff031fa817a8ff75c0ab180e78202818200581cbd039f956f4b302f3ab6fc7c4bac3350a540f44af81a8492194dd2c28202838200581c76e607db2a31c9a2c32761d2431a186a550cc321f79cd8d6a82b29b88200581cbd039f956f4b302f3ab6fc7c4bac3350a540f44af81a8492194dd2c28200581ce0a714319812c3f773ba04ec5d6b3ffcd5aad85006805b047b0825418200581cb5ae663aaea8e500157bdf4baafd6f5ba0ce5759f7cd4101fc132f5482051a00015147820519d73382028003814746010000220011",
            "tag": "DraftCommitTxResponse"
        }
    ],
    "seed": -1771961123
}