{
    "samples": [
        {
            "cborHex": "84ad0085825820275ef0459e8328fc471994421686fa950178f4bc666a0220784ec8a9fdd77e650a8258202f935c5be0c15be0fb90f9bb65580ced5058873b330121efd73c503d4cc0add00a825820980ef8868dd553c28cf0ef6bb069ea354dd1e0a68ca0b394e1cc10e2246e768110825820bf3208930fff585f7d83e05d9fab00131fb3fbcbb10b8d232bf7bc755ec6e7720a825820f494f0c8397db8116b8a62038fd084cd0f4ae5c67a84ae761429cd61e6631e54080d848258200128545ba8488a5e5fec329ea9955b79862419a61945cc6c9a67071a7dd8bba30e82582021b50fa4a678f2920e476e3c6361b0ba4241768d83ed1c2892e2cf58485a80e40c825820a5a0f0e953fd4ba58d44ebed9a1ea09ec8b6914f83223e78b5eb637b3534420603825820ad3a435175571c172107d40dd90c0562419420087b85c397814111e2789c07790912818258207ceed00853936484d7ae643ba1b0b055688a0ed627fab827a07b6110a71a101d0c0183a300585782d818584d83581ca0ef698ea0740a52993f667dd6b1bf23364899d0bdfcea952a567bb1a20158225820666c64706e657768656a6a6f6566686567736d6d7a77736376796e787565687a02451ac4086be6021a5824655a01821b000ac2b2e1173bfea1581c98e2555b28eb4e348ea6cdf333a7f8c6bfe87cf8b4d423a6064a67b4a146ab3c071f60dd1b4cf7eeb19bc2a8df028201d81858aaa49f02428d6ad8799f4042ba9b23ff444901ca8d42d59bffa4a3040542e3a0032123249f4202b344912b8be8ffa142945a4285ecd87a9f43cf623744302a1579ff44119832c89f01ff44f77e4747d87d9fd87c9f4041c2ffd87c9f41fc03022323ffffa3428f739f0304421cedffd87d9f21020302ff2343918afea201200044e35d1f659f01a2440a138f9e43694b6b4347f021029f44e442f6f140200341caffff014439d85d754176a400581d709ca8b19f07827bc57aa4796dcb32643fa1049bbda74837e41559768d01821b2cb00b8b9c69ca08a1581c388625bcf0a52afe509e8b35598609b119a231ba95db9e9e9b2fd2f2a14acd13450251bfc10247ec1b6cdfe523d043e3f10282005820a8388ff11f221aa3cb634347f96c81a3b310a89c5cede877ae0a03f7700baa3c03d818582f82008303028482050782050b8200581c76e607db2a31c9a2c32761d2431a186a550cc321f79cd8d6a82b29b8820408a400585082d818584683581cb0aa239f86ac5541382160ad93a6ac2463d4225b31d97e5022221b5ca101582258207073767a736a7a6c73707278647179766e70726662697371716b6b7a6c72656a001a3889eb7901821b2838fc11c0df829ca1581c2db8410d969b6ad6b6969703c77ebf6c44061aa51c5d6ceba46557e2a15819fb99a94c2ed24306926835adaa433905b7404f2eedcea6950a1b1997558d70d7bad3028201d818412403d81845820082050b021a000e893504818304581c2f0774044d2cba49a6b992a283adcd9f931dce69ecb26cc8653ecc331005a5581df0340f9b4a31966d415c2d4c7de5baec474f5d0c42976fd81adb9899ed1a00079921581df1f8c718cc5213a39408e6658d350970342910ad282e98e512f692a5ac1a000ee0ce581de107d7b14f700ccdbd30bb88f0ba651e85bcb3573b7c91efd28beed0c41a000d026b581de14bf0e82aa0d8a5a051ba6b57d08ad3b839bde0c1b8e017a473c57f861a000372ae581de1a7eb22d25caf07d4d2074e723091489710d1a7348959d1e63057503c1a000d7dbd08040e82581c328e23029bddc4eebc567e1fb09af29c8d3cf6335e4d325dd559b979581cec00c21f0e34d53c0b9677c5e40e03ad2022b67f65886382ea4b948d09a1581c611c673f75aa844bd2514be604c62d452741be39f5623adef26adba6a143a159f71b3457e6e975e308520b58209d8a22d2f8d84b672796e0e34adf07331bc3809bcfb141437e91ac7d19ca846c0758208bcd11bdd03859f465dd229207c811fba841b9978b1eedd065972a1769063ed70f00a5008682582037b1a0924ae80d81b448a771b9ab0a558bbd0e02943ce2e06d786e44d3dcd8b95840ae8e569af1adfb33ce77726b5dc9cb3121de058803c8c4e8f27a5b48153fcb7b8591d4897b27677a0fb46228dd170bb9a573533930fa5e85226e70c473fdedf7825820063f18b5fc24de0d35cb464b7dbc91cad7cd869e86d3bbe9fd8bf910f071a670584015c5691feb73284d5620c6b05ebc177782bbeb54c0c1017e794741e81cadb891e4444a278c96b704f97de48fe1984d648ef0facbc70f100999f9c6ee8353ee588258208d937ae54a5af8421064bf5d6ece137ded5e448de42986439dbd018961065327584065224d2826466360e5f761f15af9cc78f7762e11d7a735a75dc14023b8b7c23a130cb9c27c9b5c61df1f0156f0033ef170f7233368372f161b67723da3a6ead78258201fb8d1b09f1a243df4a02a81c6817d2fbd9db5b7dea98ab3a64a91458d7d656758407301954299eb7920a9f162efcc05407532b97d925cdef1cb850063efdef02a602c7ba8255f2a255d1d906fdaf123d3b80c0153e18aa05afb8d1e6d8499f22d54825820062f218a201640afbb993d5e99f6092c4fa852799e10e36cf50a4127cb1281eb5840e13c95608fb1caf385a2a99f2028911a3a6b55cbe19cdc776255149b1c528fcc0b2f7ddef94c849ed4938c25e6c88e845945778e4657dc19686b132773a78b7d825820caf51a9be45f3f3b1de4fac935a65e5043ec400f7b93c328a5fb926cb0ff4562584088261229ba9e64dc89fb08615917c67e4f00d4a8b08c04414484e90f62dfdfb73a220882c39df9dfee0192e611c3319f332e79c99d12b9cad44ccce7e39f9ba20284845820bdadff4461a86b57108ea54f5abd3d6ac4cf394acb16a61c8932540e27164e3f58406909aa11c803ef634ed1c544ecbe4d9e6edf92db023118b65dadba0f675ddedabe3ac1cbd79fe1a28e055e5c51b944cfaad1027ac7e06e43a2130009564fb54143dbda1f40845820cbf209bd0df2828098d9e47f2299ad26ab6da3514df76a65a9934eea55abe0845840ea6a639a49a5c2fcb348a187316c4b1736acdb68637c623bd4b6c4ffb02e68c6714d5806556f173f647712d41ebc7f1f5e76cf9c00ab7b4faf6bfd377a2d898b423df2422f3f84582001843f5a8000f0bf4c036a617bf8fc3419bd7b47695d7ae1a3985e96ddfc99685840560e0efad08ae34faf2cae28651b4f092d42a656b74d1b586efe3bfba898f391a674acb9676d75e3aa0534ce648a29fa30ba9cd1c0b7ec8dfefb7411bf5b91cf41044376e66484582062206a59e4e083f4cb421dbd7be9138726f7dbecb230168ddfd94b700e5bf013584009affd2f895e51e66c493288ebc08f900e9d60cd12a8cbe5d17c8cd3096bf714948f9bd51375a34b0ede8778e0ca909989faf70f66218c117074f26157eb4c5645a4ced537484163018282028082050d0482219fd8799f9f42273140ff9f0543def9130241cbffa443d792e1440f85cbf344456238122142627e44f8e1a25b03029f0504ffd8799f404290f702ffff05a0ff05848400079fd87a9fa543992ca143ae1441030341b9439d73b00405429de344522224fe04d87d9f4040419143f94eb800ff2002ff9fa000a04180ffff821b19eebaf1cb83540b1b7155f9dcc7fbcc2184000ca0821b60f1baa63b1ae5091b5f4487a2ca92ef5f84020d00821b553634b5324c36681b24c694b48acac963840308d8799fa5d8799f418b44d7ba2c93ffd87d9f234044aaab2a46ff2340d87980a222234000d87e9f2200ffd879809f444f761aab4151ff20039f409f22420e1944628d142c4042f8faff9f43adf33a400140ffd87b9f4263cc0302ffd8799f4277070543865b63ffffa5d87a9f0242152f40410effa50344b0ae694621202323404022440d8a665d24a444844840a60420224128044004a401449fc9414303448f1f6bda446e9feb6d443ffb5819427ac723d87a9f0541f842d842ff9f447a6092ebff40411a9f0343a21fac0142704524ff80ff821b207c6209610929331b39a00252f7ed888ff4d90103a200a203623c180a2101858200581cb16b56f5ec064be6ac3cab6035efae86b366cc3dc4a0d571603d70e58200581cb16b56f5ec064be6ac3cab6035efae86b366cc3dc4a0d571603d70e58200581c3542acb3a64d80c29302260d62c3b87a742ad14abf855ebc6733081e820406820505",
            "txId": "c6221a5ed508bf73c7d42204984b406f35b1d64e50329e6ec696f8efbc2dadcf"
        },
        {
            "cborHex": "84af00800d83825820340db35fd82bec6512edaee7b3a4947dd082840e964365fe79ea2c9a80ca3bd60e8258206e9bbf2f4af7dbcb4420737563801b99a68f9c2c5337b86ac59a2cfc575bfe4209825820a59c2d71efcc4e6913407d9261a693806d8857dceee9378c707393fd9bb3ec8602128482582043d97331d1f59f9450a9315d40b61fb559c4bf3d78bf971a16ed67cf6264c0340e8258204f890966fce3406bd960e71ff56a602f696b7f091b9039432d4491be9552cd770d825820736934617785719754cfdd07f81230d254867cfdc5fd09f1f5ae02c43ec7674400825820a4f1917489377542a8050372b710bec8f8bd590b63e3645f7ee17ea742dcb41f050184a300585782d818584d83581ce189b9383944bf5e459d8bce52441602f4ded8d78245c9792aa64e3ca20158225820f7b6eea9c16e0c226b7d5d5a7ded1a9f93563ed07bb750b27a7f82092ddbf79202451a1d671e2e001ab54b97fc01821b3119353f1f12552ea1581c4d50a11e297e7783383bf06dd6e4e481230323bd96cd8b8d9ee3888da141331b0730251b7e6cc9fa03d8185904b882008202858303008282050b8202858200581c58e1b65718531b42494610c506cef10ff031fa817a8ff75c0ab180e78200581c76e607db2a31c9a2c32761d2431a186a550cc321f79cd8d6a82b29b88200581c58e1b65718531b42494610c506cef10ff031fa817a8ff75c0ab180e78200581c3542acb3a64d80c29302260d62c3b87a742ad14abf855ebc6733081e8200581c3542acb3a64d80c29302260d62c3b87a742ad14abf855ebc6733081e8201848205098200581ca646474b8f5431261506b6c273d307c7569a4eb6c96b42dd4a29520a830301858200581cb16b56f5ec064be6ac3cab6035efae86b366cc3dc4a0d571603d70e58200581cb16b56f5ec064be6ac3cab6035efae86b366cc3dc4a0d571603d70e58200581c3542acb3a64d80c29302260d62c3b87a742ad14abf855ebc6733081e8200581c3542acb3a64d80c29302260d62c3b87a742ad14abf855ebc6733081e8200581c0d94e174732ef9aae73f395ab44507bfa983d65023c11a951f0c32e4830301828200581ce0a714319812c3f773ba04ec5d6b3ffcd5aad85006805b047b0825418200581c0d94e174732ef9aae73f395ab44507bfa983d65023c11a951f0c32e48200581cb5ae663aaea8e500157bdf4baafd6f5ba0ce5759f7cd4101fc132f548202858200581cb5ae663aaea8e500157bdf4baafd6f5ba0ce5759f7cd4101fc132f548201858200581c76e607db2a31c9a2c32761d2431a186a550cc321f79cd8d6a82b29b88200581c58e1b65718531b42494610c506cef10ff031fa817a8ff75c0ab180e78200581c3542acb3a64d80c29302260d62c3b87a742ad14abf855ebc6733081e8200581c76e607db2a31c9a2c32761d2431a186a550cc321f79cd8d6a82b29b88200581cbd039f956f4b302f3ab6fc7c4bac3350a540f44af81a8492194dd2c2830301848200581ce0a714319812c3f773ba04ec5d6b3ffcd5aad85006805b047b0825418200581c3542acb3a64d80c29302260d62c3b87a742ad14abf855ebc6733081e8200581ca646474b8f5431261506b6c273d307c7569a4eb6c96b42dd4a29520a8200581ca646474b8f5431261506b6c273d307c7569a4eb6c96b42dd4a29520a8202828200581c3542acb3a64d80c29302260d62c3b87a742ad14abf855ebc6733081e8200581ca646474b8f5431261506b6c273d307c7569a4eb6c96b42dd4a29520a8202858200581c76e607db2a31c9a2c32761d2431a186a550cc321f79cd8d6a82b29b88200581cbd039f956f4b302f3ab6fc7c4bac3350a540f44af81a8492194dd2c28200581c0d94e174732ef9aae73f395ab44507bfa983d65023c11a951f0c32e48200581c76e607db2a31c9a2c32761d2431a186a550cc321f79cd8d6a82b29b88200581c3542acb3a64d80c29302260d62c3b87a742ad14abf855ebc6733081e820283830300848200581cb16b56f5ec064be6ac3cab6035efae86b366cc3dc4a0d571603d70e58200581c0d94e174732ef9aae73f395ab44507bfa983d65023c11a951f0c32e48200581cbd039f956f4b302f3ab6fc7c4bac3350a540f44af81a8492194dd2c28200581c3542acb3a64d80c29302260d62c3b87a742ad14abf855ebc6733081e830300808200581cbd039f956f4b302f3ab6fc7c4bac3350a540f44af81a8492194dd2c2a400585782d818584d83581cf1eafe57d0d81260a3a8a32dc521baee9518be30c521919f3fabb6c2a201582258206b79746d746d637a67687769637976747a6e797878756771736a62696170787902451a7c642d19021a00d4762401821b0bcc7a258081be47a1581cb0c53e2bf180858da4b64eb5598c5615bba7d723d2b604a83b7f9165a1490edbe2e6fb5b9268901b7bb15901acce1061028201d81843426a9b03d818582282008200581c4acf2773917c7b547c576a7ff110d2ba5733c1f1ca9cdc659aea3a56a4005839119acda7f48dd6aee2d03df26159944c99a6ebd9dd17fd54160e8bdb566573eabdad59a8ede81c4ed43fd5c9477338dac33400f2b9a4de733d01821b40463ac71c53e3dda1581c2db8410d969b6ad6b6969703c77ebf6c44061aa51c5d6ceba46557e2a149b2cd1ae22a72b358631b7df7968bb29adbbe028201d8184443bcfc8103d8184a8201474601000022001182585782d818584d83581c03ca9fab314faad42ce758da3c3da2a23620210782e0e3f1d013ef60a201582258206371776f72736e6f737a6e716b626d777163696f6c6d676d726d68676764666502451aa271fa02021a5d01e20e821b554c119ae808cc18a1581c21b610c2be7f324db09012b3d473fbc408d0f28956c435ca61a001d0a1581c4ac685cb72aa021bf4c7377ea51d4624ecc405620137fdbf9cf9a2f41b0e3d38bccbcc5d1a1082583930c37174df2c08fbebe3f234bf99661bb49077e1990b1479e8217af07b8d1761c2031e185dbbe8db4394a93c8e4c0e2f73b0d89f1fd848ce68821b758942525fe526fba1581cddad6273e51b009b313f5909b21be85ca3b065d48b571eb0dd9f2ae0a141371b3d618406c9be2e95111a0002e124021a00020def030d048282018201581c44247effa4235ca98a6397e41b9c0ed38f420f4dcf1974d100c16aed8a03581c67eb4e32c2410d9869d5b9fd828987630193f02d275e6ddbf3a97384582054a06cac9f8102c9ff120583d6258d9c02ea4357c8c4ce636c04c31abd7cecb51a000145201a0008abb4d81e821a1036d9d91a1dcd6500581de05e4cf8bb83e7aa95ae9e775824085944d03039426191a933374f3c7880828202782d2e314262763353536134562d41714a3955312e747751662e5270466d4c6d2d715877324278736144542e636f6d8400f64400000006f682783c68747470733a2f2f336c65626639434b3849737267616e393069593876397a4a6e464e7078796f51514331733153743876516b36326536552e636f6d428ec605a6581df01f97de75b3c7d04becf7415131dbbe0ca9c481a5965a9d3ebbdd9e291a0002002b581df055081de9ff587a0311231c77183606e666efcca02eec6a8d265641601a00018fd6581df188075adcd330a803f7a0c143056d9a35c09f2dfb701fc857a84c29751a000f3087581de144daa5a3ee14c47a887c733c95d0a2277eda536dda177cc8155ea74a1a00032566581de14cb6666a2b7241ff58d2746fbca8722c4210dcc405002b2d94639e761a000c99c5581de17e46740eca53dd029075a6832d6460f7d9a691a41e8a50b583cc0b601a000b8b72080209a1581c467f58932b54910584a0e8ea25a225e06a14530b2e96e938c53a3f22a141393b55292f006797344f0b5820010721c3f6ac141d90000607e317fb11c71791a1d684d66f949f713dc614f220075820904fc3ac0033fb3f098e5eb2bac396890d46f0ec626fd42a49b11e89b65158b10f00a4008382582075c8bb82885f9eda0ef4cd300c7ffbadf6991729e20612fb9a3e51cf9c5b4fd35840d562ab2a8e8914527700809d36a8ee34df89ffb51af84d7f0e8802ac295d8ca13a6a28e4d8c7b6642b4017fd8ff2ad7dd702ea23e0bf59e4f62cb26427d9948d8258206bf245771eacbaa5071c2cfcf2150464d7a89916a961c076bf270508605a6f0658409dd81ce85e5dcd35a835755b19e1d69b3d03360932485491ed7dc0112b5831c4f193f9fc70c6b3178b24a25506f8796c8a0ef0dc99583be07f0e4193d4d5c0c0825820ba155316c27e7204e2b7bd705e1ee72dedd85bca7bb80b9427721096cb1a91aa58400e8bb816635b3f96e9aac94c247d14a8cb85c5e95d778e26799f914731e3b1a692c04897c023a3062d6aa3957f0c66e56237209b80937228e8aba7af213d428f02838458204b1e6b72e3c62bdfe75b8eccb9c77f04568215a52c7c5db093e9de69603725505840f89f2f3421670ce6edf531d0b488c9f6de3a73d6aa303b2348db13e124d9097085012cadde129bbae5d87565d4efdf8869a7b428dea3adc0d44347abbe8d6e7f413f45b216395b20845820341bcea76b067dcbc907cd28999daec96d0c39c0a0fd5cea0d94d1530bdb30e858409f04a96fcb5f417df9e1c02e9ab00d1a00224cd92cef10f3b6c8866051d1ca19ee5f904d16dbfc2c3b47488d135cbf388fdcf73915ecbfa24b4463b6bdbeb62e42532544008ff2df845820a2fde44ea3dc62040b1d0c661be0c1996c461ae19cf37ea2cbac748ee2a56035584090fe3bd2ad3343d2452fd8b75c9890ff340a34e5f716bc75dfbc71856fd5f0299a204df526006395ec41b0854223451a495ea2259f4f881dae8bcd22fa4b977a44709dbd08427c4c048103058684000705821b26c66d79fa5f6c7f1b728631929233c60b84000a4175821b6baaeff338436bf71b45114202a48f7d00840104d87c9fd87b9fa02440a44023447b8c25ea4392c3724315ae9c435767d72202ff44d0dba15dd87e9f229f0503ff428cc580a4412544bb458b8c242442a1f303437d5ee140ffff821b2fff30096bc103641b1f9b973fbefef78e84010aa542abd7a2d87b9f2242911c43b4c50040440d440d49ffa143f3c59805441db537bd04a1249f4192ff40429bb4d87c80a09fa142bed843f7449ea3412f41e041c002447b6906c520d87e9f20419b04ffffd8799f41eb429ad99f0502012001ffff42fbf3821b69b71775634588231b17246effd1508e6f8402029fa3d87c80a200415101039f4003445ae7508621ffd87c9f01ff224415bd3f449f4022d87a8022ffd87c9fd8799f4169234229b1419dffa34249d4446c801515400443783b9a42a2b1a12240ffa1a2000540413d9f0240445be75cf3ffd87c9fa543a172d4410e0541c80343b198012140400104ffff821b7c7bfcc7dea5e0a91b5ef04308beee0a4a84030080821b000f9b354a3e1e551b6dad677a91298e82f5d90103a400a108a144f9f0ee4a83414266f48cbdb26d656905f0a9acb566ea9ebb01838200581ce0a714319812c3f773ba04ec5d6b3ffcd5aad85006805b047b08254182040382050d0281474601000022001103814746010000220011",
            "txId": "bc09d156428866d7a2033f4a6010281c76992944be1aa02a626c8683a7e45bdb"
        },
        {
            "cborHex": "84ad00818258204bc689349672a41d43afc2ed92d0f88d2b59cbccc6c861699cd4306f33ce633b0b12868258200eec529c7b0c7aabbf0c75f9056532591351f695f0f28a8066087fb1e01d14a30e82582024e557609a37b6b2016f7a6cd8e87e66377c04a699e120bf8a00e4beed9889660082582026852d46d02f37b0018a80f6ba377a013f92b8519dd420b0ddc98b1b1662496503825820cd2be467081baf5683b0c18ccc41f654ee1988e019b4e685cda6538cdd0b97ab0b825820e3a35071ce9fe6d9550d442e6b38415e9ca64090285cea7e4885c67e2f10ddab0d825820f9ffb7525932c0bf7b16a64e1c571b56b207c84496bbd075e785b842f7b97155000183a400583921196d98a18c9a0b526cf197f23fe47a9de9206e79bbcc52fd73ab82f55e1e042da4865fad04764b21738393cf7d0961142ea9562e6a65529e01821b5bea539c41e2232aa1581c727e1ece358e373ca8191e59c67e4d78d155ad8c21e71467b5dd2078a141331b6d708589535abff80282005820afd5d6b7d190d5fbfc53d0359f453560fcc987738be7377ae95754262e75a3b703d818583982008202858303008082028282040482040b82050c830300808200581c0d94e174732ef9aae73f395ab44507bfa983d65023c11a951f0c32e4a400582b82d818582183581c4928a89e7a46e7b7a63dd20a21b0a1ac92b1ce81ff8ba61f2159d4a8a0021a31acacc001821b22cf671b2001c8fea1581cbef45ce0d92ef00126d2b9bd9b46e02443096dd1d4854a9a7bae6752a141371b3737ebce6e8906530282005820481ab5028df4b2a1b2bfd001e20f7f8ec31394fb901d7974eefb7faa64cbdb4203d81852820082028382018182050a83030080820501a4005839005d463f5e06103c65d7f7470194e2b2894986a1bef6b14b98a372c45bef92af3c7569a319fc37e600345e2231e393366191a0d5b45a38cdd901821b1106eb17478095cca1581c245d5a7a06fe18358242e81281cd5ba9e6abe4efc54e7b659f25abaea157de06d879990aa475b75ca0c814dfc2d8ec680433ca1ef61b60e404867d721388028201d8185864d87c9fa5a2004431da782f422eb305d87c9f21423554ff41629f41a244873be843ff9f43bb33ec44878cc60f0140ffd87e9f210542b652ff4043ce0916d87e9f20437ddb09431e45e343c9a457ff249fd87b9f23437f4c870100ffa12343158432ffa0ff03d81858588200820282820410820284830300808202828200581cbd039f956f4b302f3ab6fc7c4bac3350a540f44af81a8492194dd2c28200581cb16b56f5ec064be6ac3cab6035efae86b366cc3dc4a0d571603d70e582050d82040f10a400581d702725a583a6e34406640303540b41433e25ad6ad8b94c7098941c835d01821b6828e2b059529dcca1581ce211eb3bfa111069c7a3da7904e0ea72310b69fa912b06cc01a09537a15820dec353f8c2019f049177698101e4bba36b619aed2d3946adcca5d3d009f411fa1b702cacbc0d69393b0282005820c38deedab89a832fa4b68c7d919f9c5946907f594b51c10102479acb7f22868903d8185901c982008202848202858200581c4acf2773917c7b547c576a7ff110d2ba5733c1f1ca9cdc659aea3a568200581cb16b56f5ec064be6ac3cab6035efae86b366cc3dc4a0d571603d70e58201818200581c76e607db2a31c9a2c32761d2431a186a550cc321f79cd8d6a82b29b882050f830303848200581c4acf2773917c7b547c576a7ff110d2ba5733c1f1ca9cdc659aea3a568200581c0d94e174732ef9aae73f395ab44507bfa983d65023c11a951f0c32e48200581cb5ae663aaea8e500157bdf4baafd6f5ba0ce5759f7cd4101fc132f548200581c65fc709a5e019b8aba76f6977c1c8770e4b36fa76f434efc588747b7830300828205098200581cb16b56f5ec064be6ac3cab6035efae86b366cc3dc4a0d571603d70e58201858200581c58e1b65718531b42494610c506cef10ff031fa817a8ff75c0ab180e78204018204058200581c65fc709a5e019b8aba76f6977c1c8770e4b36fa76f434efc588747b7830300838200581c0d94e174732ef9aae73f395ab44507bfa983d65023c11a951f0c32e48200581ca646474b8f5431261506b6c273d307c7569a4eb6c96b42dd4a29520a8200581c4acf2773917c7b547c576a7ff110d2ba5733c1f1ca9cdc659aea3a56820501111a000173ed021a000e4d03048183028200581cf808f12d6b7a587fff6d755b06ad0bcef49769fec3c88a7c56f9dc6e581c8d102aae41ce239d3c9106939be9c90f70c7bc94126f9c87cedd6f8205a3581df0290cee94dde23752b83c96ec43f200dc4b1493493d1337e61868bf8e1a0009eaac581de08b3113f4b88b47ae5e64093519b15b46e3ed8f81b99e89870d4ab3931a0005d776581de0cf2a83984e3ee76280cafab8a835912fdd7998e6faa0a52b6ab793ad1a0007869e08060e81581c4de7423f03acac5a5ec29d413c4ae406a56bc7fbb3425a4cd4e1e38909a1581c7a7ecbe9b4b4bf57e3f74fdca7883ec4401a90334d17ffebdfd8b4aca141381b1c84bca6b027364f0b5820e3b12d147d3e4c323b806ec52878c261c17bc543e53671c85f98d517fce7809f0f01a40082825820c5bdc5ba12c4f88731c8ffdab5bb4df575fbfe64ddb7524cc51683e873321c1658404c322f5b530f0fc09828750faf711b2fdf193fa29cea3630937fd4b5e2b306a6a1507bda60578715a6eac91287b191fbac3caa58f7d3dea2ada26a6c8b7806e18258201e4856bb0a056aa8b2b124b199710e70572361886eb4c11f00c6fda8373181735840aded505f3b79c29a57d2757b70163a217f8a321703940d75a6b0f7b6cb6165c26300d35063208d83010ddaa5bc9526dfb54488f76ee106ced0a6090e06c5eb4a0282845820bb9f6eb820a51a7f4dfc2b818add87dbe1c5f79b51b66762fd0859983f69ed7e5840628dedad426c9035fbf8d31d716b0a084de9e80c88fc01f65200d8323c96b93676397b42e66cfec166c897ed476fdbf43895504f528e37c6ed32aee507794724450c7bbf286b42fc488458203d1055266490b487a3eb73d6a9227263c27c9a7b8464311f63542c1cf138c86358404997cd60b7dcb5efdfc28586d6122072cab2091bf094080f41395c5e89cdddc23dfdd16366a2ed2e62706252bc57bcd087b59bd062902c59136e3094092710ae43bafcd2446341bb800482448ff2806fa1a142d6e124a00581840108d87a9f4005ff821b408752ef344760831b20de5a52b0a65e33f5d90103a200a305416a06a344f15c94f18462155443351bef6041d4441baf97874287b744617fcd7342a6310e68f0ac819ef489ba9c01828200581c4acf2773917c7b547c576a7ff110d2ba5733c1f1ca9cdc659aea3a568200581cb5ae663aaea8e500157bdf4baafd6f5ba0ce5759f7cd4101fc132f54",
            "txId": "1188060eb27247e09b6bdef88d2c7194810533978255b048f9ba898957f885b3"
        },
        {
            "cborHex": "84ae0083825820618571b91c5fdfea2d45f12b6cd16dcd94e745691a453a69dcd3361aa531d2120d825820c9e35401bc775ea4f0b31e4d3b6ee2d03f340512f036ac387b63b0e17bac241a03825820fb02d487c8423330fc16e68cf787357031c6a10f6969adc166ca2962dbfad166060d81825820d02d2eb564a7c7d7b5aee16c5c2bb77116f85afc500164db2b9978885180436c0a12868258205963304bc8745ed2584c9f6253733a1001114ee43aee2e64f82b39e0525177db098258205ca77b2aef709c4a61a451fae96f911b6b9cc42132689e45271297d9129608c60c82582091c5dec25f5e96dc755adb0f97c3d16e299d66af9d7675e566f69f290efaf8ba01825820c7af1455c1679a4f419923c48ef92e79c10cfea824dc9d426024de2f59e4d2fe06825820de4eaf3b3d1526f1c903bc9a143064b9b40984347fb9bcd960e67569fa1b2c640f825820eaa6237799fc5c0c54417ef8a6f8931d321a9fc0fdb58dbf24e36d13b3365391060186a400583921bcf4e490ef800f879724bff1e2d4e360356cad3c29cb94b0fc4b4c7e2d45839ca76c60709646ac316ba77793044f6f93f3496171b2fbf4ec01821b669224b9d752d1d0a1581cb0c53e2bf180858da4b64eb5598c5615bba7d723d2b604a83b7f9165a153d76e964fb554b9d7b41143a75b408a5652a3c51b64fd11ed81702daa0282005820a95e4005725bd4844ad67a90bc76623eb8e7073ccd4d478c8b2cc27c47e3cadb03d818458200820508a400583930434556e16199fdfc9fa58348fbc2648ebafb29c42f2e136f3ee469417fcacc502377cb791ce3e81a4fae94961f0bca91eb540bb5580b93b501821b199b09f29069ea4aa1581c6ab9f7a3f68fbc380b683b089f0c72ceb63e78fe29355efb4b3a974fa141381b05cc0dc0a924c03e028201d818410103d818458200820407a300581d707747ba2b29d10c26c7d2217cc33bc1e009e9afb8782255fd58f6829601821b2cf40a5f2ff25254a1581cee4365fb75c6536e4833004579c706106e231fe3fb141c02283c741ba14709968ec1dcb4461b22ce25f956c6eccb03d818585982008202848202808200581c3542acb3a64d80c29302260d62c3b87a742ad14abf855ebc6733081e820407830302848205098200581c76e607db2a31c9a2c32761d2431a186a550cc321f79cd8d6a82b29b882040e83030080a400585782d818584d83581cfe0837f7e6396ca80010714dfa37240f814e857464a6781d8b9993d6a201582258206d726f62756b6e786c616e706f686173676379796f756d756d6a6b647179676d02451a846c9fe9021a9ad8696001821b7cd393c42ab72a47a1581c0663587f9f1f380382f109f84c925b41ec0fc806e45bf6f6808ae0c0a141e81b2576a111301d3a440282005820624b913c11987a54c424a4b484bf53662a8f0fef61159346941a5b6b2919917a03d818582282008200581c3542acb3a64d80c29302260d62c3b87a742ad14abf855ebc6733081e82581d618c1dc4532e57adbfcf830be2aa237615bbe10a80d52c9f628c426037821b4aae80adfc478bada1581c2db8410d969b6ad6b6969703c77ebf6c44061aa51c5d6ceba46557e2a1542f33b0c450a212df7a7d983822e2c39f085a50b61b472747c38e2b20b2a300585782d818584d83581c7e0dda78b6d5ae2b058c5c502f8a2d689eb434c431089f1724d3120aa20158225820617167767971636674667a696b6f61786e6668686f7763657469706e6c70767902451af5fd2bc1001a30b15c7901821b42c58773328a2eb2a1581c467f58932b54910584a0e8ea25a225e06a14530b2e96e938c53a3f22a1461fbe7404e18b1b7b7c5aaa509ac4e9028201d81858309fa1d87d9f23ff412a9f9f41d2ff9f448dcfe8bc42fbcdff44215346afa522400542cfa30243f96a0002400300ff40ff10a4005839219c533b1d9d802e24f5d31ce2be996a6b82f6b779f58fef30f403d3e7752f4eed31dd6958a2e81e0c68ce16a5c70608f2ec9ad6eb76ef037101821b36f08a93f73976f9a1581c467f58932b54910584a0e8ea25a225e06a14530b2e96e938c53a3f22a141321b47a4c2e6bb2f5aec0282005820a0f53a1ce475138ee9667e499e607700445eef81effe58deb09e58342e31e96a03d818458200820280021a0002796e030604868405581c09126ec1ca1f0e8cd2e604978b79672d610849bba19257e5a6830326581c3adb771a264c4dd38348e842058959969addf41e5a8e1c378942a4d95820af13e5a14767ea1151c58765ccd9a7e4ce8d9e751c84d0fa3cc3ebb807381cfe8a03581c512e33c9581632a3831e371ee0a1d790df8bc830b8d7978a59469e395820f6020227cad53bed2a89b9bb59d3b7ac56aeba68f88007b502cbf17a5bd9e3851a000c69491a00044188d81e821b0162cdcb7babc5eb1b1bc16d674ec80000581df0ca979c433bc9a401cfda256a7164182b75d2a3618bfc88c6617261028081830108781d742e32486a557665346b527a7946516f6749744247464e34342e636f6d82783468747470733a2f2f49595750516f5277785a69392d50454d625a6c4278694935714630566a396238393161764e52786e2e636f6d425d128405581ca5abd342c2f3609cf51ad7a8ce5684e48a6cd7277262782073ea6402581cf57d7e865b2c6574bcb4c13c2238a187584f56225fd655f1d9acd2b2582032d528bfa882d222a6cae61061f2db1024b1021885baa26379e3d1e89b5ad19b820682001a0006bcb48405581ccf5945b0b2857f235e407937103e6dbda587c1902a643a32703e4970581cefcae7ee305c018ed9b2fa211a0f2a146dddfb14f04e713567a0c5e7582064fbb6aa73d8af00ef0951f8243c5778a6f84c7aa30bd61553794f5582bd22bd8a03581cdbb63f6acb1cc3915f9dec536abe50bbecc75937e8d0e9ebc0e7a2635820efe2ace10f1dd078b1c4984ff8778f67a8df5c5bd5ede77b8756077d897545001a0006d17b1a0001ec16d81e821a0006d2ed1a000f4240581de02045365c476a8c32004f5c61ee94f90fe1b5b3c481dd59ed8a93ca8986581c025180c73f2f3b3e27d5a2f0b3eed84882ef3b5f0e4baa9d5dfc652d581c601bcc0384a5230feb6d43b2fca5d71c335e2dc60fb0ffd39cb6cfbf581c74cefac87a904f802965d53b5fd9f593f3db8eb72026b7031efe7e55581c8843dc4f7ceaa9047f9f5e625045bab22040af48a0a05f7b0b683e54581c8fe12b83b70709ff6e6c7534a2846d8a7ac402d8bb053ff84bea8253581cf16919e287400fa8c37a5cfb038148f125fc0bf5f8b1b3bfb7a60e0c8182027825725632766c7748527573556e7a79493173746355485343726a3743574d333442562e636f6df608030e84581c438cf636e5b6f4c4c66c4660e14bd31a0f0d15ea64e8b4d95687e457581c4a2df4c3d17acb2a91aa8bd5fa3a684e66a5d3841d97c61b18d2e9ba581cc8662395d127c4592cb6b3ceee81a063b167f4092852c60f5932ef7d581ceb7c13b7c47045f32a4345fbfe599d1a4776f418a901b29912c05ca009a1581cf54d981cbd96ded979f9065ccde232df7f67f4e97cade32959e2a93fa14a1bb43384b33de983bcb53b4b0e2a3cdb3d19800b58200996240ef251ed10e4f2f4d27993aad9cee7ddd5d483f29f7312a2fe94303259075820833154fd014d7500ed67a1aa98cae8c07bab0b8d5f9d81711f9f92232630b2100f00a60085825820e82d45e647dc60ae4553b9d230d99dbb972c83859ca63dbfe2fc8e0ebf9fe3e258408bc3023c9828086f343c1dc0d48305af8c29d12682e7a27ef71ed45aa1cc170ad6f7917afb94b1802d250ab5ea0393869ac3edd02ce607bb75cd6987e5e8315182582072179a6477c677e5730d0062e7a3c902d2f76568163442145477fffbb9363118584099cd8ff2a0438566755bbc2dc3fbb37e7f8c64f274c2566d309efd0b37d4f2a0b06a83923cab34c21d9b9df543062b631b7571111f993dccdfd6308b9a24d34482582040c9e7fe510e8a1df45e3d02bc67f6a7f54d93e027030c6fd2e6219b0013452d5840f9c290dad805a60e203a3e9a0fa40eaed490d52917dc1afb733f9cbd8b9b2a27931c8f3815e01cda7cef5c3e372f26019e905fcf4218bc089061cac1ad235cf682582087367c26f999175c03333bb52917e4d3ea27296b3664a57947fda94402ccb6465840bc9a31659680c3178692cbc24d657395d3b6452739ce44c31535cc5f3fe24603b936e32efefcab6d7bd221d21bd366d7a1b3882355f2188667b43f277b149af38258209e5eb31d37a45bf1924745df27bbfc6e60ef3c158210ee216ff2acf9c56765145840e3968efbcc35009c13203df3d3400ae035054836b2dc1eaf25824c3d2549e417f6deb5707f38371302e74e006da9479a1e6d52d1eb10971e62622f6a50f06d4102818458201707b957b10323cfac75750cb9a0d48fc898cd2ae7514ee82509354035824a505840429fe0f5f59c785b2d5594bb7c2d8810ead602cf617c497a4748fea878c01e274f63a4295c19176cbe516aba9324392c12ac1278ecb6130d531ddd48a78e025145bf5b5e8ae141e9018482050d8204058201818200581c3542acb3a64d80c29302260d62c3b87a742ad14abf855ebc6733081e8201800381464501000026010481a5d8798080a4d8799f427334ff9f2421410e20ff9f4117400543f9643a417bff229f20ffa34356250142a6dc434af89b43f9d83d030141fbd8799f00234199ff44ebd2b4a3a1d8799f43d9e5fb4297b000004187ffd87a9f43b6295643b154890001ff42e121d87a9f4396be844332bd984499a929bd24ff421dddd87b9f4024d87d8002ff44573bb12f058584000901821b241b3354cbafd8111b161e5a0e8d37470b84000a431f5866821b2a87ca47728c25981b5781fe6773d278eb8401009f9f4489285c9a448a03f86743cef801ff20ff821b0745faa53bf8604d1b1a7a6326cf61a8a7840210d87c9f2041df9fd87d8024d87e9f00ff9f414322002443e3c88eff4137ffff821b401ec9141dba35b71b5ff8021d8476011c84030a24821b682d7393a9d4d4fd1b5ba1ca744cbc369ef4d90103a400a10c81832044b575125460018382040d8303008083030383830300848200581c58e1b65718531b42494610c506cef10ff031fa817a8ff75c0ab180e78200581cb16b56f5ec064be6ac3cab6035efae86b366cc3dc4a0d571603d70e58200581ce0a714319812c3f773ba04ec5d6b3ffcd5aad85006805b047b082541830300818200581cbd039f956f4b302f3ab6fc7c4bac3350a540f44af81a8492194dd2c283030283830302828200581cb5ae663aaea8e500157bdf4baafd6f5ba0ce5759f7cd4101fc132f548200581ce0a714319812c3f773ba04ec5d6b3ffcd5aad85006805b047b082541830300808204048200581cb16b56f5ec064be6ac3cab6035efae86b366cc3dc4a0d571603d70e502814746010000220011038146450100002601",
            "txId": "b978facfb4931390702d52fc22d04220f919f925730b41afae41f80472fff2be"
        },
        {
            "cborHex": "84ac00858258200e57766d59df6b3142d2caabbce61500942482362b1df8c7c3ee7d77b1653c960a8258209aa61fa15610d036fea005795f7474c27bcabbfb960d570495b0f8591486bd4d10825820ac065ea280e899ca1b2b220bbb71c422b4c25c69b22295ef03a994855d6813d401825820b0abbdcd792bc1008e38cd27a003e85bf27b21f17368598e94ab31f7fb408f8300825820eca8602bc816b95fb375a0b50d5d059f6f0c7bca4ec4d69736ba6f522a39fd1b0f0d828258202ef54be484d11f20b930f83ef8820f665d1700c6e8cb6901733253a1f25ceaad08825820d9f8a895d551355b53c1c8db5bbdbcb4c8839629a4277c6dd1a04cd012d6b8b71012858258205a7809953524e12d864a9b5862ded3315205f7635ea4ad933a9a4cc4370cf46c0a8258208ba615fab10c2db04e61046c63894868bba8b447b8ae3fd001961591e0e7713101825820a432eab8804013d9eef73686ee81b0c21177ceae7c6f3303629314c4b135557410825820b79048c0664509ba37decc48b097df453816749d27e5c34e5f60a4f127903e160f825820f68b20abbdf51d468ce9593a08c9ff1f0fe8b3aeb8448545d7dd41076374827509018010a300585082d818584683581ce4d4e7b5100b9b53fe59d352b3617e54624645c896f1f086e908546ba101582258208c36ad132552e62433cb9bd43d9d421b627c28610cd9fee97dfaa5d5ce737f6c001a2937f45001821b2e4b4311766e5f35a1581c2e12c5e499e0521b13837391beed1248a2e36117370662ee75918b56a1528a8f47e67f1fe99972fe1b005bed2eb3da6d1b4b133e781794c45d028201d8184102111a00095adc021a000b0895030105a3581df0791d27ea08cf49df980602aa5516610b54d447ce5d0f5095de3170761a0003dee7581de11bd8f2eaf455393ec6b64051d39371d304b4fafdce1daea68fe3942819ab0e581de179d255e234aa0b3e4265cfd0d2a3963edd188639824dcb47972d83271a0005ed04080b09a1581cff51877b1c918e6ef29b9cfb6d340c80ff2c9d86f862666d1e0e1cc3a14ca00004ffe6716ec298c3160a1b058bbc48bd32ac5e0f00a500868258206975121bfd5fdf4ee7ce18ff6ea41b6797768957bf66a57615c64e05025d524058404eca754e5832529f26b0105c3ee60332a73fb834fd6c250ac2310bd74574ec81c4552a379ec32af170ea11e26959486fb8b0d6d9d23cd48e1722ecba800387b18258205d22c3e1a909e510c00ea9fde2b4400958e4138bc09cb8dad9604ecb11929df65840c4de7b3f1bb51801ffec1adf807e756811e1d35db0c0c987c72d117a68ec0f0d4fd94c06357a7bc70ced2343b75c2c69e310d8ed12a4dbee798b686b287d6587825820b7f4a20ff13cbd05da4cacbb3d843096fd05567db00b14645ca5acae45fcbf725840fdb4a087df210154a1d5bb12f3c648d1853992366c319ceaa47e941dce9a3fcaf41703056ffaae8cd0322fecea3e7908cc576d3a79213a4843ac82de260365d082582084ae52aa89cc1f0ef8ac47049e9cb5ee88bcacbb48781a0cf78fa9f14ab61bdf58408b2dd9112d37ca9ea0e51a5416140fb95c9a73a2f65168a437ecdc69ab4fa7a6551656a4e228367b0da1177556fa7e8a1a2ab5b7f3f7b444bb1d7650af424d668258206da09cd92cd5a51230b46010305d921478f9b664ca1c6f819f6607aa00fea8f0584010440681d071390c40aea972966585263cafefe0de6b1a12e82c6926afc79a92b0f78c61dbf0e935c77c3db41d2e5da9160a2efc6eca841c950b0213dd94d0d48258209a18baaf7bdd99f9dc07e844e2fbdd0f8a7b7a89ea631df0dab22fd6dc6a1e0e584000988252f6688450172a1ccf5e8c739689f023ff2f6dffe635bfeed257346eeb4896ac6074dd0d6768cd481a3aca89ce1268923bf58775228fff36f7b12881a10286845820e8f450d9ae968145bbc6454f8feac1e77549cb4812e527cb19bd1bd8fe34bebf58403bf5a2890c0501c5db7b441f21d40764e32c51f8eaf2e6d54fc51286f1b054d3e2790da74aaa880f16dabae65fb248ef44037baae735f20ee413d5031542261d44508f670442885a845820a15c38fe7378c7372921eeb2d72678fe0b1232cd57422bcffcb936a67faf594858408bcc16394d688a2603ef1e5c08bfac4fd1f8921202bfbd7c745f811ba78ddc0db8ffd33dde37a1d7f5e1dd70dc3a3bc8058c35ce93695f709872d9361bec6cf045311d68811d44cb26b3f88458202613e8fba75ea8eda4b300f901c54cd9293998b50148459d7788ec375729e2de5840bfe899609e8f151c8b3a3e7cd7e02f7be60d0294f7ee3573c8936beeb7dc033fca97b08a3a5333fd06f40c40ed7f791c4d03305896cb13aae74a7a2ffd8a848443a4c7f4420cf98458203b0c544ae5827cfa11287d84e500a6604c8af81f7f935cd7cdf068941161074f58408267640928ca02d154024d5e58062b7bb3f6eb753be932d9d13c515f82c4d3426cbb225a190daea088f610d9c4088b67d651489531caef133ff1ac73a118156342129b4235ea8458207188c38a017cb08955e3838385096ab3acf30b452d2ab01eddc02952f8ce984b58400b42c510186245f2bb7f8709b05a5b4d1d5d34ed216e96e3abec492efb2571e3c8a802ffb0f78ca0ee344277d460708d658fb8ba483c59bdd43ada4bdc1ffa5e40421bb2845820f2754536bfb8a453956d4430f208cd54c7c3e84197465a2cd00cf7e4cccdfc5458400a0c8d7b6c08f10d8b964eeeac37c99ea66fe7ab6197cfcbe1e049cf0ae346f3349cf7b1cc2355f0b462910f0e42dd43b39ec523cc702579ff0c52f428cb4f4444483505d242d5f00181820406048444338e4f500403050582840109a59fd87c9f222100417e40ffff9f9f0024ffa1200422d87a9f054495001b630123ffff9fa240204320f42222a00420ffa123d87a9f0302419500446c94cd8aff80a1415443a960e9a1d8798000809f9f244261520501ffff9f9f02ff9f2241594044c377826eff436b25ee80ff821b6ad374b4c25ab34a1b3110b2face28c69584010b44efeec64f821b6f89acb31e10e27e1b1e9859b49b5f5e94f4d90103a200a5026ff098a88716f0b2838520f0a0a69f0003a12040044486f0cb870ca2026d3f06e2b3a330f3b28683ef9a9c8403625c0d43b63bc36041650d82604001838201838204108303008083030082830300828200581cb16b56f5ec064be6ac3cab6035efae86b366cc3dc4a0d571603d70e58200581c58e1b65718531b42494610c506cef10ff031fa817a8ff75c0ab180e78201818200581c4acf2773917c7b547c576a7ff110d2ba5733c1f1ca9cdc659aea3a568200581c3542acb3a64d80c29302260d62c3b87a742ad14abf855ebc6733081e820181820404",
            "txId": "3a338287bbefd04ea7f384f5cb0300ad0004f074fbc450abc6826d0ce2a5fce9"
        }
    ],
    "seed": 1144490522
}