{
    "samples": [
        {
            "tag": "TransactionSubmitted"
        },
        {
            "tag": "TransactionSubmitted"
        },
        {
            "tag": "TransactionSubmitted"
        },
        {
            "tag": "TransactionSubmitted"
        },
        {
            "tag": "TransactionSubmitted"
        }
    ],
    "seed": 575887142
}