{
    "samples": [
        "Transaction Submitted",
        "Transaction Submitted",
        "Transaction Submitted",
        "Transaction Submitted",
        "Transaction Submitted"
    ],
    "seed": -1475258267
}
