{
    "samples": [
        {
            "cborHex": "84af00858258202118a88802e7844c0d56cebfef21d95afc53751520561b3a962aa9790383e598048258205014c13929188982c16e887344004e58734ebda481ccdca5c31fe6adff7bfe2e0c8258206a65ea83a62a6124de68349fe598ff675a8d09c93a71dd06b2291e9eb513bc2b0d825820bd53034322035768625651be2b59eac29d235acd7916ac0368e1002e034fad3b0d825820d1935fc3f7e606dc5863b9c4b029c0c0006df72422c96dd38021a20ec78a177c010d868258203258fcf33414c9ddad37b2891401862167693792dc994cd50994b2d1a519a62c008258204ca4e21adef91c0e2a1e2a5a302b9760b55c1922ff08ec6c4f0759a86a8c369903825820808783b68ff743833f9166a82622f2bca83789b7aae80ea9e496df908a3602bb08825820999db3002cfd78221547d68d6d7d6c374e5927250912732a602e93d1bd3107df09825820b36569dc31aad0adc5ab01f383fcf640fb28d4d88e8a75dc89ac5ca9702de9c305825820f3c90aab4cd6af2458b689391cc9f44777966e102dc4da40f07294f79ddd405406018382583911f1e033b4a71292e77c5adb0f44c603c6b324cc559e5ff0444ae26e2ea2b3b5f0fde4af3b3484f42815eebce13e93c557da99233fe237f7c0821b0d16f9937821e28aa1581c0e1c6bacd28b40161b3731d6f622ef9ff5b3592b632fd48181c80c6ba141cc1b55eed010b00f2380a4005839101a317db72df093f5ccb2643e320cac5295f334e8168298cb066243f4e4d6c30d6140040fe887fb4b7c720b8c771269ecb7fa0eb2b7435bcf01821b602575e258f4ea1ca1581c706761dab9c91fb1bb418180c63a9fcbc5c1efee9269d7e7e705adbba14ae094afef666c55e903231b546140a392521e85028201d818412003d81858de8200820185820281830300858200581c0d94e174732ef9aae73f395ab44507bfa983d65023c11a951f0c32e48200581c3542acb3a64d80c29302260d62c3b87a742ad14abf855ebc6733081e8200581ca646474b8f5431261506b6c273d307c7569a4eb6c96b42dd4a29520a8200581c58e1b65718531b42494610c506cef10ff031fa817a8ff75c0ab180e78200581c58e1b65718531b42494610c506cef10ff031fa817a8ff75c0ab180e782040b82050f8202808202828202818200581c76e607db2a31c9a2c32761d2431a186a550cc321f79cd8d6a82b29b882040b8258391047635eed8f9ab4be93dd9852bfbb76900c0a709bbf6462d02ee4a37affac1cfea263d418d00ffc11f2e165ab6491bc1e80f6dd6379cb0034821b76bc9fb23c77f7e1a1581c2e12c5e499e0521b13837391beed1248a2e36117370662ee75918b56a1548149ff756bac73956049250e0234b8a326f044fb1b22fa5d6f3c1417f410a300585082d818584683581c88d1af0257b51fa5af4dec368d1b4833a15540c7d5e0d9c18d34e6eea10158225820e0bdc59ea227f4b578674e0f1fa596e83baf83c3b22376f3e08f19f5ac87e20f021ab9b8df3101821b3a6b5c560757f524a1581c8dfecbc24756ab489f1898983b5093f5cbcd40ab779f04ef93991581a14b94588a2ba3764e963049291b3d8597d2229c64a403d8185901b2820082028482050a8202858202858200581c58e1b65718531b42494610c506cef10ff031fa817a8ff75c0ab180e78200581cb5ae663aaea8e500157bdf4baafd6f5ba0ce5759f7cd4101fc132f548200581c4acf2773917c7b547c576a7ff110d2ba5733c1f1ca9cdc659aea3a568200581c0d94e174732ef9aae73f395ab44507bfa983d65023c11a951f0c32e48200581cb16b56f5ec064be6ac3cab6035efae86b366cc3dc4a0d571603d70e582050a820506830301818200581c76e607db2a31c9a2c32761d2431a186a550cc321f79cd8d6a82b29b882040882050b8303028582050b8202818200581c76e607db2a31c9a2c32761d2431a186a550cc321f79cd8d6a82b29b88201818200581c4acf2773917c7b547c576a7ff110d2ba5733c1f1ca9cdc659aea3a56830301838200581c76e607db2a31c9a2c32761d2431a186a550cc321f79cd8d6a82b29b88200581c65fc709a5e019b8aba76f6977c1c8770e4b36fa76f434efc588747b78200581c3542acb3a64d80c29302260d62c3b87a742ad14abf855ebc6733081e8202818200581ca646474b8f5431261506b6c273d307c7569a4eb6c96b42dd4a29520a1119a408021a0001c28a030304838304581c28212b7a22d8d404e39036d50c4278f570a51b89a289720ad9a296eb0e82018200581cd3ffc33788f8ac969490e2c27a585536de60a50b5f4fe7043ed058568304581cce8c5e3f7e0196a7de207c7930c7ad3061baaea26dda47f3d00fb8c70605a4581de073b8f6a32602b840b10c43185f63d44fcfeaa1a0fdbcfc93140192d01a000733cd581de09c3a8022d5b51aa80e29be0ac9ce34336b3d611feaaa548b24a358191a000647de581df1e91ac76e323779cfd3ff6ae739fa562d0414323fb2467106b936b4da1a0001d63c581de1d30cab0f5966f1d630aeb42e0f83487f3f7ec5c6c0aecc0bf8fb63981a000eff9e08060e81581c3b506c1ccac5cf021f11684eb83bb3945b90b44bd5bb4b1aecc32bba09a1581cd2f1546b190090581f6fb8b29b8744ee685da18e628b199479d1e156a1581872825546015a34564ce3c351425a15976bab69846b3442b53b2803794ac6d1da1e0b58201a10a865e8d2f46071ca930a007712d6fb000feffde461c19884a2c2cd2bbb9007582016f48bd4d74341722f4cdc70677081cd711da2e59351b52ae5653d722a3a22810f00a600868258206ac4d8abbaa94b85458123f3afa8c08cc02f54f701e63fb69a6fe46c8d5b148358404e700e15f9a47dac03e1d448295a262a1d6031cab34d499ff40f5274fa7d8617711ee8d148c2bcf18b84e43197c41894daf45601234164086b42c3b52676559b825820ae81a35644f1b16f5c887ae84b8208a9fb7c08cada7897191fed848f3404f12558401acab7b8b0678fa1f95dc60fe91d4361c9ca2d747c78abc1368dadb85ebb39015427a578583c56fbbf4256da6f56eebc6216ce35ecbe92829d1d697831f28c86825820a642774168a599658bac07facfa2ba78e4b401540006822460bd3c9294b85d1c584008df4cfa2a6b0fb4e6e7c989b5f8795da6af48a274eb5d3079fe25303701327357d8f9c557fdff45e416f123784c3051a0bb6e1871a73f2a5b212be968e80bc7825820578a35ad20dab59a3b69adf922c6ec527910366e2eb8d37dcd21d111a1cc11465840ef0b9484fdb5482c5ab128a29ec2ef0cb42eff7ec8528cfae2ae2699a8808218e8ceee27f45348ffd7ae1dd3b43c9e4792f1522f28bdacb5278eb493b88e70cd825820852a96b180c9fef121434b98e562c9b51d6b364052d484eab41142ece7bd031a5840edec188a56cdc091380feccd423240b2069572f7b5a52e28b1bf7deb2e979d769b8507c8446622b3017d8c8feda22804bd09ed63f7eff222e8d4ecadb407cbe4825820c95658f1c8cecfd957d9a7e9168b5c2da7e1871768464114ae795c7255e4463158401f32586ab521704ddb5589459cfbcbbc057c6a23322b1377b931881d20d466bdb555dac9a4987a53e879ae2f97aa83e3ad1b20fc533ce7c4fc6652bb60c534f70283845820197ecead2c056be063fbd998d6cf3b0766e3f3af1792a85a55fa559a336bcd545840aa4d4a4d17794b6ebc3d7f61585fe796e956b228cb77b80b3617d9f53470844875b46b5ab12f87667f2fa8050cf2cbc857665420003c04885e56ef8e3ff9ca4d44d2d7ffed4564b83370df84582071109355809b2327ef8fbd4553c24c43c43f1ac75b131ae32258517dae4c43ea58407b47923d078c1a0007898610661adfb7dd841f73fddc22995d76fc77e84ec0d1ad6bb1f015288bb25b6f8814c27c520faf64ec9c6aee77d45cc21ab364b244ca404084582076f91dc8c37ad2bb5d6ae39bdbf3fe6eff7a6bcf0d4132c256741c606d65f1455840190b8e61b9334909696c752557e18d181bd15987859f4bd65e6c29aaf9d38ba5c3c808990dc5ba77167d5e7cb3301b057d687ccaa0dd0c6d7e56f0fc6de46e3e404302e4fc0184820182830300808205018200581cb16b56f5ec064be6ac3cab6035efae86b366cc3dc4a0d571603d70e582050e82040e03814746010000220011068146450100002601058284010740821b1c0d001a473c570a1b44d01e9c6d174f1284030ad87b9f9f9f01244273cf00ffff424134ff821b4c0e0ce2e2b69b9f1b562d3fa8ee38f90cf5d90103a300a300a100a16041f80d800f65203c785a460183820503820404830301818200581c4acf2773917c7b547c576a7ff110d2ba5733c1f1ca9cdc659aea3a5602814746010000220011",
            "txId": "d53b29e9109ce6160f1b0feaf78d80ddd3489cafa08511abc579e8e220999425",
            "type": "Tx BabbageEra"
        },
        {
            "cborHex": "84aa008482582033c8af9124cb53fc14660aa79b633e571c93c4252861e2513e13b7f82210f62f06825820413a7945de2a89bdb68e3eb2cfad7aeded5689845ddce4ee459cfed7f20a215007825820d339a22acafaa934850f9cf44f05c4a205531750683b576198708effa8c9994303825820daf2933a4c866bbd5543b580bc416ae2936334a914561bd379454448986ea51c0a0d8482582074e76554a20e31b770af50ddf8a55d38c4bafcc5a97236d0c8ba44f5b1fe6ad00e8258209d1a235fe542c624148fb0d840a3b8c1e1336256322a34fb566297640579d39000825820e660a1255a63aeb2cb7369f497acedfc119bf62a78310305f5b254cd292ebfc40e825820fadb34c2586e114ca9ab1781606412bbe6c98ee3bc5c2075da5dcdb163d8f9b0000181a400581d6108fb45ff3aba8bf6dc4bd9ee4bb063f7647a6baa28f4a62e11264b7f01821b2c28d7e262fa50aaa1581c8ccecb9485fafd045f13d07d4505aced8cb2c0922ddd0c0a8d83aacda14a0d4ce22f0155f6e1f7531b01ab3615b822e25b02820058200a23a6ba10c2b97fbfa53aeda46bfbff1bc9c4c5182d7d0ccb4d995f2f19772203d818458200820410021a00053e9e04828405581ce1696ace0acf47585714ec906d75cc95e76ecf5e622b37edafb29f3f581cb8a37bb020df488867c1f0e759ceaafc7cb084784f1a96bbca59e30758206cb47b3fbe356e3eb35db3c5da966129dce000da13292a302400785b4674bbe082068200a005a2581de0e707bbaaa105d9f9236e47a25254b28747f7dc37cf1a94dfa1217d5a1a000ecbe6581df143b089012d756af77be2642ec56429648d6fb86ad87a697e436e358c1a000502ea08000e82581cbc20eaa45bbafa37a634de483056ba2aaee0594b85c9ccc5279b6a84581cf714901f27473eeaade1238d44144be55ceed2060466e2f7924c835a09a1581c2d725128406dc832eb74c4709aca0512499b3c7b17e00d7cb2e6d1b1a141363b5f2ff4c61c4881550b5820016783117fda8bc46e192c07cf8dbbc38e8e6423d7fc8bde7f75ebf129259bdba3018382040182028482028382041082050c8205048200581cb16b56f5ec064be6ac3cab6035efae86b366cc3dc4a0d571603d70e58200581c4acf2773917c7b547c576a7ff110d2ba5733c1f1ca9cdc659aea3a56820281830300828200581c58e1b65718531b42494610c506cef10ff031fa817a8ff75c0ab180e78200581c65fc709a5e019b8aba76f6977c1c8770e4b36fa76f434efc588747b7820407038146450100002601048304d87c8042204ef4d90103a201858201818205018201808204038200581cbd039f956f4b302f3ab6fc7c4bac3350a540f44af81a8492194dd2c282050502814746010000220011",
            "txId": "e9f8562688c2254db8935cf7ea1b4cea85440353245ec86de7973793bbe34790",
            "type": "Tx BabbageEra"
        },
        {
            "cborHex": "84ae00818258204ab026d55c8c1a7ddb756115a7f5f01ee5e9ac5b3439d89f53cffe1b2cb6537f020d86825820298202b0ce24e1ca25ce01ef37c9fa645d79a2cbfaf7d327cdd16bc3caecb4c90a8258206d5d09e49cbcc6dd8e5281e21214be65de6652009a1cd5a80c99c2f688a8eef10682582083f28f7335a7fac4ae2d9d835cbcb794b49d118dcbdb67b186ab62157196244b0d825820b6cb069e9ec07b42fb55493cb413d325f0db97d34da97b5b5cf0f290305d15f903825820b8f4ba228d7cc31e2ac0b471f7c51d7f8227540f02802ae53832ff5229a0726601825820c9143678e7344b78190ba27378e3649b926bbf86fb5217120fbd68c94ae6d5cc041281825820e1203e545a918a30a4bd62be6fa4eb1c27d8cd02182d91b5070a8405d036e7750c0182a300583900b582fd3654f0160fffe1b5751c777a1c6dc9feef4f11a589e0d5eb2fe5bc75d5cc1740cec432d7336d052d94e99340c29672368d268ba72301821b1d70094e4502aa58a1581cb0c53e2bf180858da4b64eb5598c5615bba7d723d2b604a83b7f9165a149e68d2f065dd54842cb1b7ccf5e3da7450ee203d818458200820510825839100876ef354a5bbec2211c67d69b91563cd4d03df6c2abef8857d3d8bef8852547503ec5ba453fb2b7cd26b2005be22f77521d3f8e9e468c9d821b3a414fc0653c844da1581c4eefda0e45798930cc6d2b31bd6835cc1b8118e07e46bb3bfe8c27d1a14c48e859be0dbe389e1f14c4ec1b587099c44e19952810a400581d702093a2ac4e77727414658f91c618abc7341c75d49f95b726489bb0ec01821b2ce262e61e6c6198a1581c8f461954fe2f18fee1dca233f358907e643ff839ed1f995e4bf325e3a1581fc75af0d38f0a12dce5b8848b980f17773cc6d9d3b72d4b252ae609b73d8bc61b7c005f45af982c63028201d8185863d87e9fa5a0a2044347d6ac4306cc4c4383b77b01a343e295eb4407509e4720445ccba26c435c38d8415dd87c9f2043d5d35f4041774169ff448ebc02e7d87d9f010140ff9f202144b95ba4e8ff9f4003419a0242b803ff40a2040140417243607a10ff03d8184a82024746010000220011111a000912e9021a00078bca030108000e86581c0aea95bd91615070debadcb83dfac739c0f353c0d096edf654d8ed05581c0b80361b782431c2b218389e76a59098b9ea56becccb59ec2fd1a86e581c59a0fd02cd2a18cf8b45ea5fca1e9642ec442053abbcc6f3cbf404ba581c7c548028d53c06dcf065ed5a770b838618d98871d5bcdb6bbe00cf67581cd04111f1690bddf6b317fe4d9c96ef30a0c33ce4c6e1561397b38b85581cfab8b4800cb0ed0fac54562b7875faafe82f81eebe80ec7e85ff10a609a1581c2d725128406dc832eb74c4709aca0512499b3c7b17e00d7cb2e6d1b1a1582093d9f5c8912faf68f0851bae7b8d4c785d0506998142b9d06860e41da7be0ab83b20b3ac3d7dae40890b5820e658e8d6ef68f431e26f051f4a66a1cd8ca64ed633bbe9c928f415e47ddd6e9707582011fa046fa4e6d923d16ebfe83c01c587f8cb8e479715653dcd89799a28bc0c9f0f00a402838458204e1b8ca299eafbd323745e6d0aef10fa1602b3b675d218b7af27936fb206fe8b5840a711127779469f2b646ddb7d145cd5f10bdd784fcfa206a5cc0569398a9a3d5118703e18badff29d11feba7edc9ebeb7de524eaac9be43d98e144c62a769d48144a0845cde455159459b45845820fdb286c4ad89883f98eb39ab817eb965119f47d6e112d4119f4db5adeaa0806958406ab1dd3ec6d2c7f4699455c5ae0757ab6ad3e047d8265e58d916fc58e2b4784b5390717aa901452b909de33708d4aa4ad2d01c8b49e08d85d28fe0b1c5fb705c45a21d7ce1b642d7bd845820db71d7b77a31862429a6287d9093751b571461048d4912c07fbf72d10e20cfbb58404152feb75e4a5c861e8373e21ba9fc433aa953c2890fb4d72ded9b7e796e33d4d38c315276db814b9862a6bc558392fcc910cb314b682fe1d7f96da9414a5fa9404521b0df184901828200581c76e607db2a31c9a2c32761d2431a186a550cc321f79cd8d6a82b29b883030081820280048340d87c9f438ffccfffa344920b1fa5437e30560021a54245aea222416943cac06623d87b9f2022ff9f0244adddaf9aff40d87a9f04ffa522448d7a913f02204043a874a30220448281511504d87c9f2002416f0420ff9f41ba422f7640ff9f22050141fd441602280bff23058284010ea4a3a09f024321e12a03ffd87a9f422e00240001ff03409f40ffd87d808021049fa3427b61436fbc480422442bb3ddce23ff03d8799fa024438524afd87e9f4041444469667cc4ffd87d9f4373e22effff821b5a0f3390f6a808a41b7a1c086cdfdce44784030844fd7d3f39821b564ac9b4dceee4661b0f6cf69f8d3a4efcf4d90103a300a50042f8740243019f7209030b81816506f482b9860ea0018482028082050c8200581c4acf2773917c7b547c576a7ff110d2ba5733c1f1ca9cdc659aea3a5682040e02814746010000220011",
            "txId": "33ebeeb642ac5b591be9850da261238157767f64ecbf2ce2b4964820be3ef329",
            "type": "Tx BabbageEra"
        },
        {
            "cborHex": "84ae00858258200427b61f54e0b318a10c5c08171241cc25e31a25bec7040a8c7eb049f30b8b080682582015e46442f5e5767f50eb6c26fb5c86f30b9401586688fb16f666de487f4c9456068258203a4a50545222fceb70fa98b3a94b10ce1a14a2237b30de12463f314d57f09b0f0e82582078562616a693ac54cbfd73a925d21e23c79f077ee0df2ada620e87bc0468972001825820b4cbaa85818b120f8b8389f1ae2afbe699d732f694bd309eac425e8ba1b38127050d828258208756eaff438d7afc14218a2cc3381f720760ed71b2d6b37d849adc9841e97aaa08825820fab5e55e5369194ed34d17f0a04e8423a95b92cd50a8fd1599f3805ea4e4045a0e128482582036b49f6fd9afc2befc162b5a57ba82789ee5023e0452a9d11e02912787c958390882582049fb05832795e0e6e70f188c3ab1b86b3f2ad0b3d7aad8b540990cb3dece5dc006825820cc744c72df1196bb657c7d4b49c51cd20fa3ae2ce156cd9cc053fd6524ae1fd201825820e99c11c108e7aebc77f8334b3c449cfeccef8911e9eadd7d624f9ddfbedbf220080182a30058391073df371811904d60418699f10a60767e7d5bb877f93b4cf3c153b33ff947d7208516e56ba4d2b1ccdd704e5bc3671d3938fd21b45ff3200d01821b413217228c19f58ca1581c03f3be4868d0e37ae69115f75e34f7b698bc9c570b7f816dba497a97a141391b2859bab626d88036028201d8184180a300583900e1e743f65853747a5aabbc8100c024454e977a990d880ba71f98a5cf253f4d92d9a76a7538e31d93ff03b5462595ed0c0f18b0a5c934731401821b58592e23d82b5c3ca1581c6bf391a807057f04bec31423f50a01044e8a2187529cd8b19730388aa14e10e48692152a31b8ddeb3608de281b7c4773f04ccb12ad03d8184582008205041082581d716ed973dc234fd6ec6033bfcec0ef265bf3699b81e5a067c278b24f0a821b7471c923afd592fca1581caf55957a5442ab48c70c2b8cb43d78aebd0e9336ea1c2034f368b688a156edd05c948404cf7f771a4b5360bee13c630eda4864271b13d4b4eba0d4cbb8111a000d1d79021a000e7bf0030c0485820682001a000344548405581c737ae6adc360f8e7560233d755d1cc81bbb77555753f23ac9db4ab59581c27375c118ee170b90bca3b49dcd44ca5a89d975c3ed023e1b00957f158207da843d59ffe38af88bdf4cb2eaf86fc70ad545d99a9d374de6248596a6592728a03581cae393a308279759637f47f9b5ee9a29c8abb64c08a71d3113df3dab658206014244e2296137665ced8718a7fb9259c2a9996de3655e15069c68ef1b702b71a000887f31a00096c34d81e821b000000dea84472e31b000000e8d4a51000581de1ad965dabe066caa8edcaa5d47748d97e82c5cbfb7b7f5efacbcec98484581c5cd07e67606a6370abd4f781df0b2dedd54331daff300033fe44e527581c8c3e4658379797848b59482a58354514c0f93d6d5b6490003e76879b581ce7c01026b87a3d7ef2f3fb2b17454b26f1eb523055b237250c735313581ceca43d10ddf348f65acf9031e576d1f0649d746ba71ae959574c494a82820278203266395345672d315269654d3156437747376c3768624a61556f334a2e636f6d82026758394c2e636f6d82783668747470733a2f2f5639626d4262577176484646495637444a70576a4564754c34575a395a32457a6b494453566f6d4339322e636f6d452c267da88682068200a48200581c5da16b6c0314c309a8bfe89fcdf6ab3e96336cb3f2a2a313667148693a000aef918200581c9342f30fbb4c3483744d93319d51e6cb529ffabe4c2d173b341a1aae1a000797828200581c9b25d61d71a4507a03dae16e8e7062099d5937f26dd3f88a5768fc863a00021caf8200581cbd42dcad852089d97cd7ccebbac165177c4c6456ff2b93bd5d5491863a000a07398a03581c24a4d5a5e5addb959a6de023ec83a0b8dbc98a3362fa63d2e1e297cd5820a62b727577b73ee48c337a8a4bc019948c1abf4752ae6a9f33aafda5215a464c1a0001b3fb1a0005de18d81e820105581de1abdbb82832656e38cf161b4faebc11f28b1e024e16c0836c70c99fd784581c08107b4a736d0acef4a4a087cb11fb018e3e03c1676ab9b1c102f3c4581c1975f0e025c280af0256ef23c0d4f0c6e67b49a6fa31a18dca720f5d581c73e36e499b8f824119217003220e725fd30fb2a7f1486eff68e87272581ceaebac8e2441ed9094845cafcdc7f1af41283676f9cb71fcebec8bd083830105782943466952616f785665344e7137314f724d454e79696751695868484265394b766a4c512e6a2e636f6d8202783e31747573753348503745336a67336579656c51377977356178633566656d68734d7730546f774645414961505a455846416c34444243447364742e636f6d8301007238776978344f76466f446d6b612d2e636f6df605a2581df1288158f81c3170ca242bc49646a71a0b9bf6290c857e7615727ef6c11a00084ea7581df189f684384d5ad3b84c10ecb1761a5904a33b64cb4ffdee409a39daa91a000826ff08020e81581c0f912a7f67853e28633d2e34eb1fe2f357f851f8820eb77776e0645309a1581cf14636c9fd188fb30dd244377b669b5e3bc34c250b93dbc4f7db1bcda141341b4fd28f8268eac5b60f01a50082825820b28395917e5a150eb2d59b36aa890b033b23f9bf886415af30e7608583d8ff64584023e3951f8e06b03e49a4abe4406fc0b5bd105442fdab3ded8aa21ecfe26c0029e5cabd53b5260e5f39bcb7d994bacdfa86c456865af407d46f9c60e9aff9e1318258200a96661de3afb42f9ba1cf5ed3c668c2fb3f0759ce7eb39135616b66f49bd6645840a2ede007ed4deaa5c3dce85b0a2557345532ba7dfa51d4ea1e2abca4426158dd25281846637ca6dfe14a26b4558df3153cf923d7eacd60c6596e96902c1aaa36028384582002d5acd33d3f9c659f97e822995c6c048e4c8d0f18b52518d0866ff4c564793158408373c70ce5f2e0b69a23c7f1b45ee48887d9a0a9a95f574fa203050fe77d087acce3267a5d548c8a1cd09011b9f26933a3a31543acacea33b28144ef9eb5115a45af6819a57f443c0d05a7845820de14cf1cf610998f20836ebc6ebbcd2959696686791b819b347f1b70a6d30af958407c40fd12bca5410c8b7d49556067804893abc124fb0121aa67dee6bcb8c60fcd556c03bae069b3895d7ff5f872673f36209ef6733696704197dfa5363285d002450634cbb2e843d6eb698458203cda901811bff0e79f7ca65b77454fca3db48d214c11fb2dad51fe91bac32a6458408ecfcf7059f1131b599d3fb9cd767c2fcec66a8e467d05e265d6ffe684b511e636efb7e7e689f7a5be8d06aec8ec3e2c82694010089981f657c262382310199c404201e201848201838201838202838200581c0d94e174732ef9aae73f395ab44507bfa983d65023c11a951f0c32e48200581cbd039f956f4b302f3ab6fc7c4bac3350a540f44af81a8492194dd2c28200581cb5ae663aaea8e500157bdf4baafd6f5ba0ce5759f7cd4101fc132f5482050e8200581cbd039f956f4b302f3ab6fc7c4bac3350a540f44af81a8492194dd2c282050282050a83030181820405820405830300838200581c4acf2773917c7b547c576a7ff110d2ba5733c1f1ca9cdc659aea3a5682028382040c8202848200581c65fc709a5e019b8aba76f6977c1c8770e4b36fa76f434efc588747b78200581c58e1b65718531b42494610c506cef10ff031fa817a8ff75c0ab180e78200581c58e1b65718531b42494610c506cef10ff031fa817a8ff75c0ab180e78200581c3542acb3a64d80c29302260d62c3b87a742ad14abf855ebc6733081e820507820506048100058184020240821b266ad3e01d8e59451b6695df2a33301452f5d90103a200a205a2a162772e40a12140647c5a6c5c4284df0f67f3b6a3a0006847018183030282830300808200581c4acf2773917c7b547c576a7ff110d2ba5733c1f1ca9cdc659aea3a56",
            "txId": "7176e657b90bb8969ad29ad5e4456321bb71395c2ce03fa022e012f5e65ca80b",
            "type": "Tx BabbageEra"
        },
        {
            "cborHex": "84ae0083825820353bf47035b9202228d5674ddee6a651d926c99659c97eaaa184c35f203f75a210825820c25803c4693165845a6d99d37dd10a9721a56e61a1e4f0d6586dbd6034fb28a906825820d7bec5d00d462f0ae7089676e0ff11d1c6d64877601d76b58c9c32d20c951859060d8382582080bb3c179f2f6bae6a9d20748ef7744d3d21b096ab9ba5563c3abc6c6707910e108258209421ec93962cdb0e852f3bf99d9cb39852939da698bbe18618c1342dc8370a9d03825820dc61ffe9ad2a786a007fe439ef6b53177d919135a29a49a3e1fef42713330f840d128382582045300d6f2a1895bffbc699e5c9d8bb85e5b7ae802d5d6bf10af85997fdb286630482582073045d7d9274c93a5aa6c9f88e282270a7f8d987932020e457eaff50bb0678c00382582095fc04b1f2f8297a97bbd6ce6b307d448cf6dc233e740b7b6b6a5558af020fdf07018010a40058392196b9f9c52d3f54bd62a8693a177e2c42e6044a876a1145ad4f65724a1a38dfd751f688aa0ba98b2ff022029c0dff6b1e165d702bc4381c6601821b0b20f4372edce45fa1581c8ab74ff0ef3525aa9b376a04d978f1acc25460da4151385f6eb6bc75a14b86ed873c3897501c030f7f1b2b8be75e3b8e75be0282005820198c0ef0f78d5a02a49d74d30f0d93fac7185bc81cef3c12af92bf451ff41bec03d818582c82008303038382050c8200581c0d94e174732ef9aae73f395ab44507bfa983d65023c11a951f0c32e482040e111a000dbb6702193807030b04858405581c2a73881ebfba8f60f9e55196cd52d7b97007e29d94caf88b9292fa38581c21bc4d8bde3edf762aac25cb02d08955bf669db3c6967f17a64c08375820e172c10cc0831f4dce20a56033c9d66e9704d121e84f9b0e068aefa4ce5800b8820682001915738405581c5117562647e35e3a9d75a0589f5c921f5e91a931f3ede1bcc7097720581c54bd90307ee2db0b2b2b2ed7e76b97f5cc4721646b3cb71e3dbf4bc5582073aebac236f97720daf32e2ce506ab780c9325b8daa847d9deb3317cf8a3ae408405581ca907e8d0915776b4cf178fe226fd1d8b5cf532eaa8a82c9390b47377581c8c4574c7f654d790cc497ed59d4b91155a73f4bd626ecdf134cbc2da5820be637b462bd98229e61ac7325edec04c0879802b78c5d4b47b443f7a72dd562882018200581c9a3562049b0d41ca755fc92bb473f4e74f0d08eabeee4a1c0f12d1ef05a2581de193480d265c49d9f1d97499728666ebb798f1a6aed79f44aa2823e11d1a000f1434581de1f8947568f1d947d528023994751dcde54fb522091cca40c5251340561a0004e1bb08080e82581c0b8184d5e249fb6d774acdf33e8fe603dd08b68d80fd8e68fbe71819581c3bddf53b0a9b5254eb9aac54383199c6bb2b7df9cc5ff434f8da04e409a1581c105a8f1bb56444cacc86378c95421aceeb326b0fb7743e493eb82fd5a153d77e666df6d154c661a146b9bbb7cfb17f56141b50d805b6c20370e80f00a6028184582016d5d9c1599b85cd85b85ce6b1b98bc576ddf519b60ef3b2d9d344e24886bf915840dfcad14c6adbd26e81791853950a50b1ebeb12946ac2e9f9afa620c2607537f5ed335e66e5aeffaf78b25963f5f22346ac0e2df98b10495adfd3cf19f7265a594044840cb23801838200581cb16b56f5ec064be6ac3cab6035efae86b366cc3dc4a0d571603d70e582028282040f82040d82040e0381464501000026010681464501000026010482004005858400054151821b77ba5178e73faee91b5101f74cea680c6f8400079f04ff821b60012362f9a210bb1b206fa6231f0a03c28402089f43c1646a009fd87b80a4030341a044aed9786500242402a14042ab5cffa4a040d8799f0001ffa243d13f200423249f24ff9f210000ffd87e9f44fbbdc68424ffa2413341c741c3421905ff821b3df68b79abfca2a01b10e7d34ab413be9384030043b20582821b5db04b09618e66d61b226f80a8bbcad82184030b22821b7fad85784af852f51b600f986346dc408cf5f6",
            "txId": "5e198e8e0008d324520716c4326b4bbcca36aaca05bff6ed5635fc5ac1791a03",
            "type": "Tx BabbageEra"
        }
    ],
    "seed": 119606299
}