{
    "samples": [
        {
            "cborHex": "84ae00838258202db10de90e7d0fda5789e832b81c7386046cd969eb017800b6620efd580d54250f825820365c65ec577891a3cc34a1544c510f1e5f7c9d8c4cf32e127400c458dceee8830b825820c847573f14269dec02a539dfce236c64d077cdac6793e01c5fb2f5af92e7115a020d838258204dac66aa105fcef378e2732c40e11e8f7d2daf7424ae58a8eb0733049dfe1ab9108258206910bd5464c3a87c36ef07d4155c6d028703879db8bc8c01f0dd25c9359e23940e825820e69b3a224e05e4a5e543d7efacc29f5e50b5ff52d131fb528e5dd335b733d46c0312848258202ab16fb4ddf796d6b6879a5dc6872a46846ae28ff1304dbca5d95daab634eb00068258202f4033206966f9fcde4e40f50422c6117245308a61b325977742d9a279eedb86078258207a0e5e32467e1fca08e9ec5ebcf1270708f6be0e70a72ff2febba1347d0550600e825820decda07d7af62d8ebdc6564081b2c841434ccdf3b33359076b86d445eb8d78f70a0186a300583931fc51c0bc619772740766172d626367182c31bfb1945c22d124a45babf98cb843008baab5619dc671c5f80adebb9ea91ec85fd466a0d2a66201821b05865af78b8643eea1581ca6276b68b3930bef3e95b2f94696eebf965af9c9224af14eb9b1b6e5a1582061c448f0b99456e353c062e697eb51d62f32579be7cfa251b04f6e1415bbd6ec1b276e1f9fece92bd5028201d8185820a19f9f04244306faa644fffcaa084391b3eeff4322e93640a1411840ff42c091835839216db997bbfa94206e98de6639c128d3e2e5d9ea582109116cd63c94e15f089e6880e9d8f5a0b8bde5ec17a374abf2407ca891ba21afded913821b57735fa4f5f20de5a1581c943a6e739b9e3bb059cc3607519c7f11dfcc9adb2dd928cce7db6b13a146326b234685ab1b714e670d78f5a22b58204c2f893f72ef4041ae9f961c8b3bac6ebea63760cb4eac554085931ab9805054a400583930cdcc028bba6c0614dabc688fc87ff201d984a00ea3dd15f736be449da3dc25bd11651c0c7af202e1de16c29a75632fc322fddd63b632269901821b63094ed28bff2529a1581ce19733a990b3520e20a8c80293fdeac9fcb5596f5ce341e90b27069fa151d7e1a299118dcfab10ef21b0137df262c01b4354045358155f79028201d818410503d8184a82024746010000220011a400583920d63577025a28c0373f0520a11d47ac21f60823f3042a34555cab6e504ac7340ccca1741a4af00b9db912c2c87cfaea7ec232faf9445447ab01821b1084f020272a02eaa1581c199b76190807d7f9abf247497e51b2f11ec5d35b33b3e5e9b21e541ea14821212f14a145a78c1b2067d2908f251e6d0282005820f41da5e556c58388a677cb4648a6d540d88bdeca9ee64b1f4f615ac3908c288603d818458200820508a400583930cb57d5cf15e84d013df110f6dc71b89318a265c2d54565faeace87451468dee8f97ad30bb535fd05be04ecc2349b67bce619116a9cc6cc5b01821b5cbba88694538f4ea1581c105a8f1bb56444cacc86378c95421aceeb326b0fb7743e493eb82fd5a141301b5ee3d1fe6a20e6d1028201d8184241a903d81849820246450100002601a400583900b38bad4eff74c4d7efed81e2de25cf7ff39de13c2e03f8980e8dde6f2954c2dca5a033d66f2eb6502d56c9ca2c55ecb73bd4473af15cfa6f01821b2a01ec97f241ca5ba1581c8f461954fe2f18fee1dca233f358907e643ff839ed1f995e4bf325e3a1553bf8725e09ae03b2e16d5829d6c82907bf9614ada61b0ab41afa645d385e0282005820e595c9790ab27de61f484200c5cf8b433d337897934c43cf72396accc876d1d803d818584e82008202838200581c0d94e174732ef9aae73f395ab44507bfa983d65023c11a951f0c32e48201828205068204008200581ca646474b8f5431261506b6c273d307c7569a4eb6c96b42dd4a29520a10a400583931008ba9224956180deb4d771a9e629442fe520f9ce7f29e851a09fcd9c831e033c81962594d340b205d43093a383f10a0c4b16edff992ee0701821b598c357b3b08e318a1581c2e12c5e499e0521b13837391beed1248a2e36117370662ee75918b56a141361b42dc307e85f4966502820058209e0b2860415b1408b70fae8b61d9e9d829eda0a47ddd32f87defd2805caf1c6303d818582282008200581ceccbfb5c619673f0648a42cc2f822c81cbc34aee41274638e89a7af5111a000136b4021a00021b95030b05a1581de19d11f5ad4f6389a70da1de4567fe28ed2e26de8ab00372b1942d83d21a000e12fa080d0e82581c3503c33aaf6e01f00c0434e75d2e8fe49ae6464e6bd4f0e7a6752016581ce24d7fb66c26308d4f825e678b0816cb2aa497e76a35f1805ee397c909a1581c7750b199a7caff1c93e537b50818a202b152f04140ed22b693d2b983a141333b4ec2bfb788ffcff40b58201432e8932678b8293f22c0ebe45e2bbbd7f5390700df571d959f119b4cf0aea80f01a700868258206c705296f18e14317ff15d766fc62291545ed8bfa6df04b5afce44cdc2de022e58407f893e9b824492bab25a02552bb4ee848f835f42378fd2b2f663999a95f8a48e2cace79c86136aedcb18685f1424d3776fe6849f95480ada50435cce93c2aff68258205458401c50bed18cba9ffba6d204d0e9ba7a6419d25a7028768190b0f3e679eb5840af8fe55789a547c44d825b4aa15432bf260427334c969fc59d0797dc651a9cc9f41d30a0e975c9c77e464965b6288b44a643fb90f3b9ed811619e9d15bed47068258206531261c59c6f73d9fe49b6e6c0a7cfc85f5f681dce58392a677c627519f6048584042e2718491937e46051713dd5d882d68aaa6bd8380904bd94f0f678e646d59865266fa09b64fb4ef41253797b699fef048ced9e39dd14ecdfccff3cc0ba6ad308258205106fad55fec988b443c6f3e6abe8c9837b57c773b9d334a76152b86ea243c455840eb0c28b366dbbbdaa4931989dba6163bbebfc83607c5f674940b0feeca2b6bb311fb2d5e5a06454b9df1a7a6de085867811866ea50759b04883c3a35858b2357825820978ad772078caa8c3f36e4c687144236fa245e5d3eabd0926fa5c89ae8575c8458401db46681cf62d96ba90552a98cd582e29614d3978a0badd82fd2f7883302db82fdb3d7e7e9895e3cf641be170a88096a585b9e5126c7c5e212d98d9b9c6f3d8c825820884259b1aa288fff4dee17dcdf1fe54f170bdc69e48d9505092d19ad1ccb64ff5840c6c08a9937d7deafe26bae546b6756354178f00aff790413833c5e1a7b849dcd87a365d811a837f79aac1eba84f1da957f5757d19582047533e4689881af577f02868458202dad2031f07045c29da393c9d494590fbc388aa9c7fb4ab3fabc0c4517306c7f58403d080b349e02d13cf906049fc2c404c16be4c82d4064aece57c6811cfd41bf25ae9d38f05ab883fceb72b8fc5527f0857a00230fe7268fdb206f2d06c0849dcc42c79f4274e984582074441456e1300b0379f8769649e9388c13c8856b0d289e86c21efda11e6c91dd584019da449eba739073c40cceae2c392eee0771edf4a9b415c13c3db7f1b7c4ac85ce3c5cca7394bf880b390ed8d400692f63c7f1e0b21204071ffea7502af772ec436f955843c1f51e84582087df311c2a7a84e05a96646170d9fed621c9552e81c6892e1afdba601fa9856b58400648f2c34698f032480f3d89063ba6ea2d29de1312facf49fde699711b30bda748223a8f03894b82152e532b0d85a30da07bba40f5f2854a0113d3eee05e3303437820ce41bf8458200d460cd186b4ffb43fc03e71745117a371a68a39f994cdfe9c3c8f60e740e63b58404596ed97f47a5bdc7a9f84d72ad0e3404f568ed64ffaba5a7894b350c9019269b601e9a4523f3a415d01e5f2cafefd292d0229816fa9e6674f7a7eff2d4d217043e19b9f43477d50845820216122bde2d32cb3849abd159d05827e5568b8b3b9944676450b06d896f8637b58406a998fe908063f290fac52c5f674c3382f53ab27b0ff96c6b9cf0722688d8874283fc07215b827e8ece5f95850a5a27b542485bfca393b442dc25549c55a79b443207a8a438c7393845820cf8656cf15b1b89288ee0c1e603ac33339f92c8324480201d7b350a474e952db5840f498638c9c8c6b784bbf322e5f340a7dca6dc2aacd179b77c21a4100d286d00f78ebffafd683a67857d6b937224fc5785d87c230eb265e69d3b8896e86cd3de94043ef538801828201848201838202818200581cb5ae663aaea8e500157bdf4baafd6f5ba0ce5759f7cd4101fc132f548200581c76e607db2a31c9a2c32761d2431a186a550cc321f79cd8d6a82b29b88205098200581cb16b56f5ec064be6ac3cab6035efae86b366cc3dc4a0d571603d70e582050d8202828202848200581cbd039f956f4b302f3ab6fc7c4bac3350a540f44af81a8492194dd2c28200581ce0a714319812c3f773ba04ec5d6b3ffcd5aad85006805b047b0825418200581c4acf2773917c7b547c576a7ff110d2ba5733c1f1ca9cdc659aea3a568200581ce0a714319812c3f773ba04ec5d6b3ffcd5aad85006805b047b0825418201818200581ce0a714319812c3f773ba04ec5d6b3ffcd5aad85006805b047b08254182050f03814645010000260106814746010000220011048421a39f4140ff21a1d87b9f02ff9f42a89401ff00410143717528415a030581840110d87980821b5e667fadd190a5641b56bd352f16c24d86f5d90103a100a400a00182617f800285806080a144459908c0610a8142a272088303a0a20443baeda2432676f522",
            "description": "Hydra commit transaction",
            "type": "Tx BabbageEra"
        },
        {
            "cborHex": "84ab00858258200c7826eba7db1c16de81e26a1e361c9227bcb8c2a9775ad5cc27dfb971cc4b05018258201fb63727f4e7d9d7129f64b25d93e57c64249650b2f0d8abc9b7f9e28a0ca07b03825820540f9f1af0d922d47defc757e0e1f4901867f8242fbffb12ef47f2359c62b32202825820acc03eee4ea9d829c2cdf19ed48e43abda4b47fda6565b2594cf5487d17f2ab808825820ca0dfd32ad3c71ecf99a0765fc940d2823861fa6bbe3691ecaf046a0cd9821210c0d868258200e9d30e81f57da0e16aa5f870bf87d04a31a8eade85d3ac5e610710c01dd621602825820264a3d8413d8fd91c9b2f4d06677ff4eb0e3ce952f18b305bdc716ffc8d306cb048258206f010a33d8e32e79c0124d2e336017e027b7d8e76665e19e4052c6b99bf90c430d8258208ba84d8f2e806db7c5b41026685ad1dbd09d39dfa232a082d13dbe1ed313173204825820b8d4b09429f7bdc471c9a6abd1f233a233326c8cd7d5d2d852dfd67cd9be347f01825820e7e3adb4c48ad31053bba0f22321ddf9eb6d2c0166971e7f8dd8d01a4476744e0a1283825820011b6dd9b7f51c3a37b853bae4731a434afea59d35b6626e631acd2a1630ef7305825820a847da4ad2867291ed581ab595fc5b446c9d35cd92f4d5c186a2db19e4f8d6c908825820c187b7dd2d80808feb30e013a5c3fd2baf89349486a3adb0a2f8b8c135eb93040e0185a3005839305b9319bc0ef9d455aca4d52633caa27d1189226693118d56e58d3e96c24db3906cd3b8c50d8bad3a9450ada1dc6e9d28be568653767967d101821b746c95ad9c29806aa1581cb0c53e2bf180858da4b64eb5598c5615bba7d723d2b604a83b7f9165a15818bc0c696514be0c0601ff5073ad450582c4db77f27f7a41d71b7cdcc07c1709984e03d81845820082050ea300583930808df4af54bd5fcaf450550659dfac328f270d427b520ee09da9813054c9d2ac0a0336afcafd7b88a4933df38c1c94a6aa4c966882b644ad01821b74c39a71fed5bd3da1581c4a1c412d8e2b3015a7fb7d382808fb7cb721bf93a56e8bb6661cdebea1579ef696fbc27eea74e66b961434d14717d1d6a7d237617c1b1d2aef8de0c50357028201d8184121a30058391164ff81f723a6131e2d0086a9bc61ce9ca382df43906f7fdb15858ffd53a010955f4e7c52ed8c974ec584558e6cf5087a8f986cdc87081f1801821b2407bcf41b2fcaeaa1581cb0c53e2bf180858da4b64eb5598c5615bba7d723d2b604a83b7f9165a149bfa1ed300ead54455b1b205e15e29669139a03d8184a82024746010000220011a300581d70a47e69bb5e4028d18dedca25a34b16599c51d2df99c53d0dd1fb93af01821b5f0a71ea3d00c0eba1581cf0f42c6278525d7790cbf3250f8a21c5ea8e39c934153e9705906d6ba141341b010ca285b5a1c5a803d81858b482008303008183030383830304858200581c58e1b65718531b42494610c506cef10ff031fa817a8ff75c0ab180e78200581c0d94e174732ef9aae73f395ab44507bfa983d65023c11a951f0c32e48200581cbd039f956f4b302f3ab6fc7c4bac3350a540f44af81a8492194dd2c28200581c65fc709a5e019b8aba76f6977c1c8770e4b36fa76f434efc588747b78200581c4acf2773917c7b547c576a7ff110d2ba5733c1f1ca9cdc659aea3a568205038205088358393016170034809516097b29733b74ae53c145243e359f371bb3dbd0eb47168c26d753fdd795d4570cc3f12ae96187a408e4decf79a931780320821b648704b84534bfb7a1581cc1dcbf29fb09767ed6df51dd00adb6cc9227146092470649adf6627fa1574ef7b4b4ca0211e155308ff749fcf58f0da3f614f997e31b240501f715100c0358205a5cc8db72a7b00573f98451a787cb9f18636dfdfed43bd0a41297ef14d887a411193bd2021a0008acf5048483028201581cc0c3355644cab07a9de3f6e1b28a74aa92b6603d86082f25ef7385a0581c34a4d7d08be3006f976b997959d6bf6472e3a13bbf536d77c25be3fd82018200581c94c384fa5126c2c78c44e7f408054e1c8ffb08e519b8b2dd8d1f9c5d8a03581c39fa6f56d899e3703126db68c047e3ee45aa081e8c90934d0df01c32582003c965aac8423f5f224b8d377c178db0a95ab374a642703e15c64f6a18b5769f1a00045c2b1a0005dcc7d81e82191033192710581df0e774653a34692ca70d016565cc6857d1cbb3ce368cf86f2e5ccb4e4e85581c024921bd93485b1d113d4743a53ce6eca2eec65f463a040c95fd5bc3581c2df48b01c4b697635371e71fb8c1ba6562129372ee35033923b61abe581c51934740e984fda6c6c5fccf5c0d43bbc344ad2e20f0c45458957734581c7b4e74ef18e93f2e7aa42361dbf24b7ad2ab6254ec8a74301cd0b966581cc3f3ed88b57fcae15dd5740d5bb668db43ba5db74e24e6f9ddaa684083830106783849666e416f3877505266336163596e516474372e526b70476d46577343485772432d2d2d53623937315a4f496e705953316e67732e636f6d830108704635586852525263323042612e636f6d820277793239336f2e316335384459364e444739507a2e636f6d82782468747470733a2f2f656a7538554e2d7730392e74313834344a346e54355337552e636f6d408a03581cc9619afdb267e86a3526a6dfbee4df05b14afab207688bb83dc416e358201f8a64ada88bb1fbba4870d390c5711cd0d8383e4c1bbfb4b8b03832f4a445a71a0008eb781a0004b13dd81e821ab1c665fd1b00000002540be400581de0f09854061b2564fc8629fc6c33ca921b74a86e32300c06cee5677d5981581ca5b7b6e0af779f8a9654f742a285e1500bfcffe45aa2717afa58296386830105782f7147524b556d56465562717247664f51534775764c4e5a4a7a6a7447346f417159686c366352693539436b2e636f6d82026a4979566d666a2e636f6d8400f6440000000550030000000100000005000000060000008202782d6f456e6962615036534c5a517a59614e69474337452e656b6e6b697451784832566c324b366f6c4c652e636f6d8202781c7566462d35306a5a46775669306a4f37533947322d772e332e636f6d8400044400000003500600000007000000060000000300000082782b68747470733a2f2f537835555a6755463549424d31425458534153767774344e473843674c7a652e636f6d44dbaf977505a1581de114c1c48348d0718b4445c92e47f16ae6d5e6b3bd778d6aa565ec46401a000607870e86581c3e855e89ee96536110b0141d36b1a5eb1a84397383af8ccbef3c3fc6581c40b430efd1fdcf460748654ddfe66e978986a8efea9c8284ee1b617d581c51aad127885ee3850640ac4c6de294e864866a5ca22daff043f2c274581c588dd36b6b58ed782c52559d7b894264001bab442c1a476076fab37c581cba71add838e24b408f37a8bf1a1394e65b4d0e85cc976188f1740c4a581cd29b0d87ea80d6f06a50c4281d48d29cbf5d365fdcd6b7de994b15f009a1581c54a88dd5b03152014f78d15fdbf21892f871e894041a282054d98303a146532064348a403b4f75fb0dcacc057d0b58207ad9e6e6cff71b6db7cb61317d9e1f2ded9048a1437032a67e20c9b6e679bb5fa400848258205423f494e6b983915b4cc6e466f87a0979f74e370735a3ad7999ac9eb02b014b58401548ce5e3b926ff605c9256f952c04435064b82379c7f3cd3d0901fd023b3fd465229024c52fd9a430e7b535b319ba2677bc1dbb91db9ba7ddcb15a6043a0ec282582023b9bf595ecc40d169e65172dce2607adc2a2c677a8511d1d2e4d40172657a935840dff4941dfe2f4d5f735a6e6cb2a9b0f23358e5c9ac24279fc308960c738a7c48871dadb4d742f08968ad3d061ceb644165ee08e1584a81973a0fb707ae6e80bb82582017f213a389099b190fbc9e45138e743d949ede9df7a96e0b26098a1a3ced57715840fda588fa7f4462316a2857c77cf71fdd797505a99f01d4f209dbeb0dc8bb0e7c016c14c42e7654ca0b566e1d01fae976e4f8518f7f5a738a4d111c1d06f7fa2882582068a3b60194584b5ae2f0dc4dd85ecc62e92b1008d89ec7046f2fd3346f88bf665840dd924252da00ab034789e42aab0c9cd774fc715a4a2944244430821dfe02f0121bf207456d40959cbca7612d579992769a7c4c0a9a1053865989a32d45c39c800183820282820285830300848200581c3542acb3a64d80c29302260d62c3b87a742ad14abf855ebc6733081e8200581c58e1b65718531b42494610c506cef10ff031fa817a8ff75c0ab180e78200581ce0a714319812c3f773ba04ec5d6b3ffcd5aad85006805b047b0825418200581ca646474b8f5431261506b6c273d307c7569a4eb6c96b42dd4a29520a8201818200581c0d94e174732ef9aae73f395ab44507bfa983d65023c11a951f0c32e482040f8205058201858200581ca646474b8f5431261506b6c273d307c7569a4eb6c96b42dd4a29520a8200581c3542acb3a64d80c29302260d62c3b87a742ad14abf855ebc6733081e8200581c65fc709a5e019b8aba76f6977c1c8770e4b36fa76f434efc588747b78200581cb16b56f5ec064be6ac3cab6035efae86b366cc3dc4a0d571603d70e58200581ce0a714319812c3f773ba04ec5d6b3ffcd5aad85006805b047b08254182050b8201828202858201848200581c76e607db2a31c9a2c32761d2431a186a550cc321f79cd8d6a82b29b88200581c65fc709a5e019b8aba76f6977c1c8770e4b36fa76f434efc588747b78200581c3542acb3a64d80c29302260d62c3b87a742ad14abf855ebc6733081e8200581ca646474b8f5431261506b6c273d307c7569a4eb6c96b42dd4a29520a8200581c3542acb3a64d80c29302260d62c3b87a742ad14abf855ebc6733081e8200581cbd039f956f4b302f3ab6fc7c4bac3350a540f44af81a8492194dd2c2830301828200581c0d94e174732ef9aae73f395ab44507bfa983d65023c11a951f0c32e48200581ce0a714319812c3f773ba04ec5d6b3ffcd5aad85006805b047b0825418201828200581ce0a714319812c3f773ba04ec5d6b3ffcd5aad85006805b047b0825418200581c0d94e174732ef9aae73f395ab44507bfa983d65023c11a951f0c32e48202818201848200581c76e607db2a31c9a2c32761d2431a186a550cc321f79cd8d6a82b29b88200581c0d94e174732ef9aae73f395ab44507bfa983d65023c11a951f0c32e48200581cbd039f956f4b302f3ab6fc7c4bac3350a540f44af81a8492194dd2c28200581c65fc709a5e019b8aba76f6977c1c8770e4b36fa76f434efc588747b782040404848022a5a000a205a1443b841ac02205a3200244ec3655ac020222a0a29f431fe8c740ffa10320a320414d410842979c429b36430abd369f04ff433e09f49fa242cc40032042aba1ffa4435c324d9f230141700201ffa5040300428ac94209dc052141944364b86920d87d9f44179668e221ff42df29209f4318e6780000ff21426160d87b9f21d8799f0103ffa342101c0520410b43785ade0244fc465aa0ffa1d87c9fa40522418c410022242002ffd8799f00d87c9f220044670a390b42ad75440c49f4deff41f5ff058384020b4485d02378821b3487f370a1b505db1b6e486e2f5c7861b884020ca3a1d87e9f41cbff9f4167410043df9fbf23ffd87d809f44f5292d1c9f042142fd96ff442c3eb50305ff9f9f4005224004ffa1202140a54041bb2240431ca58b02202043c9a16605ff2442d1b0821b12153b140c7774be1b1c6d22a81f0339668403069f0501ff821b3ed63c41b23f6e5e1b230965e527a315abf4f6",
            "description": "Hydra commit transaction",
            "type": "Tx BabbageEra"
        },
        {
            "cborHex": "84ab008682582012700400149fe2b640e0c4659ecba611a2388d48f4f48f65148d8ca5b94a13fd0182582026ebd5538eec4d317ba66b1e883fc681c3356ff3c621f77ca5b24815b0cffdde0f825820ba041dc8dcbd7a42e0d5cda62071c99359b54c13d58098c38189081160f6e67010825820d13c89a9b3588fef0c5b704726833ae869621a677e91ef228fac2b5b94f2848908825820dba65087902d0d7d2fd3155f8cb94abe39257a2579400949dfa2a42ca734a0c703825820f206f0640b86cd4d533d3ad2d48caebf20ba4ce0ba02ed503332d1afef5348880f0183a4005839110f4288b1a7472cf511c898966241f4aadf10612e3688f04b066575ddacbd8e3252d9fceb5563cf9f06c9562d2c5dd76bbc6e358e8e9a91a201821b5db665c302c83a20a1581c04eb9a7f073c023f3c2f8f64d92384203bc15bf0f099b57de88d1508a15114df2fd90b1f0e2edae6424e4933dfed651b481197f84762964b028201d818583f9f9fa421447707165841242342fcde425ef22402d87d9f44874a83b1402342da324447add77fffd87d9f020040410cff01ff24d87d8080d87b9fd87d80ffff03d818458200820503835839217237c2b04279a47c3f81da6f1cf18d0af2965caccdc0b2f44b9a79a995b9ff21696661e402070416e8ac1b2db98ef16fae91b6c1306c3356821b6265fdd6a6044c90a1581c21a1de88fccae003a2da81e29a847368df6295456fa9cb320a71003ba14e72a9abd9789c40f2ae263aed12f51b73479d86a4167d365820f2f0d70704bcd2980a40296b345b079e85929e3fb001c36f60c84e29e6ef2a22a400581d71d67f0cc44041f7e9cd731627d369a29330377328529b17f8e9d25a2a01821b331e00a027d053b1a1581cb7a5232ffad38ca8b47c4abe62b3427df92c43ab9a49f99d7af7f7e7a146fab5301afe3e1b61cc1abb5f5394ff028200582073917dcfaced70393fc6182e0da1111d77140b7d9f097ccff4f7f2960cf80d6003d81845820082040810825839208b3886cee0bcee6b687e847c1ffb687ef2b68d11d09110d4128e4db712e18d509cb311ef1531ccde08683fba3683135e6e9c024ae939bd4a821b15769f2021456536a1581c754a50ba4f77b55dcfaa6da0baf48bc0da192d118cd9cc9621d4a472a141321b4678bf1a3d80ee57111a000360a7021a00020878030704828405581ced678535bea9273b17dcf211abb780303c27fc4f0805bf602f4af2f7581cc8a7d1f3917f676ea5405e5a99cb22deaadbac228fcbccabf4f6a816582013b97f58716d31584f91e716e1c6305fe818856bf9aec09d9572be94bd67a4048a03581cea2c0e1765a6577b6bda1f1d7551b9923cff540cbd18879aee5051085820e1489412d02211c57dd3de5d80ef346b98deb99b04460cff02b084ae3e869ae01a0009f14b1a0005f9bdd81e8218331864581de08bc7b23544aafd06aa30d3925b53b83a08525cbac0dacbcadd5bd25d81581cabfe4c2b7df468cdd6251a7924b657786077b26cc3e607c01c98ec308382027820514d4e4250667944554939495830466432434751656b4465645473312e636f6d840003440000000750070000000700000008000000050000008400014400000007f682784068747470733a2f2f4f466759533044466b4263665552764369694366766e4b5976795a58627a73507a556539714a656b6d4e33593661526b6a3951782e636f6d45202119c5970e85581c0cb955938cf0ffe2c271bf229053a057450242f618583d29709ba169581c17984b1bc56e424374740e94d14d08a2a1e759593deb0f006e644a49581c394a9f311c5b88345b82dc4682913a2b7aa94c6e45c84f315a07a593581c6a875a0979a64948a009218e9983c516fe4ba60afd93c51fccd9fb22581cd518109f5668ec06bc0082ffc12f0027bb8009fab4d5b8c550936ce809a1581c8f461954fe2f18fee1dca233f358907e643ff839ed1f995e4bf325e3a141361b6ba0c4dcb2041d270b5820037f5a8cc8746368af8f6d181ea631cca77e4184323e2baf90a11e2e4d4294cf07582002338895c3dda2039d295dce566e22c20155c668d096e7f14e85c879fb86e994a400858258209239ef28779872145c1ca657075db12985b0ecb25ff2c06c5e08f25185f65b845840b79d1ffed1214fb9c508679d05d6aa4eae3839e672077fb8698da8a56699370b9c34c92fa40ad08bc8df564eebf3fa042aba06c1cc170886242c6bd4d07f0bc88258200298298562e2dd2c496ff2c2aa1d23037da9b4d3f8fc7bddbed319e03305f18e5840221e3d587104784f79757096eea18641db66727863fb12efd62c24201fe56dc0992fc3d6062d360e9b0e88653324879ab78e277764fd614c1a92def736df2eba825820bc151f82de3d338e61d45e001eafea0f7f8c7b95e749458563a4a91ce48dfda95840a7518f94a1edb2ad9ff302123445e30b28c951ea0642039aaeb8264ad84cea620061549287be9aa2361f8c5fb18d7e7b307e5b655101af78f0048ac18dc58d378258205b911d78612ff923057600481464dae058862d2aa1494626fefd4f80c628054058407876bdb4b20eeb524df7a98958ccf659888c520ccb858c6257ca6fd0592eb0d1a403c0e301dd6d4eb8f8f77e30e8ca026499c37829677ff68400f542a47a7610825820298755016b5bc22769fcecc74fa56fa3168fd7cd6f2b79e11473a3501ef3319f5840c87ac2dc5c2fdab514a84523a614544a239941af50c9e665e3043ae01972e61e430319fbc8fc55669f1b14b00bf91dd81cc94f81209205559fa0f28a33f5d313018382050b8201848201828202808202858200581c65fc709a5e019b8aba76f6977c1c8770e4b36fa76f434efc588747b78200581c0d94e174732ef9aae73f395ab44507bfa983d65023c11a951f0c32e48200581ca646474b8f5431261506b6c273d307c7569a4eb6c96b42dd4a29520a8200581ca646474b8f5431261506b6c273d307c7569a4eb6c96b42dd4a29520a8200581c3542acb3a64d80c29302260d62c3b87a742ad14abf855ebc6733081e820509820184820510820180830301858200581cb5ae663aaea8e500157bdf4baafd6f5ba0ce5759f7cd4101fc132f548200581c4acf2773917c7b547c576a7ff110d2ba5733c1f1ca9cdc659aea3a568200581c0d94e174732ef9aae73f395ab44507bfa983d65023c11a951f0c32e48200581cb5ae663aaea8e500157bdf4baafd6f5ba0ce5759f7cd4101fc132f548200581c3542acb3a64d80c29302260d62c3b87a742ad14abf855ebc6733081e8201848200581c65fc709a5e019b8aba76f6977c1c8770e4b36fa76f434efc588747b78200581ce0a714319812c3f773ba04ec5d6b3ffcd5aad85006805b047b0825418200581c65fc709a5e019b8aba76f6977c1c8770e4b36fa76f434efc588747b78200581ca646474b8f5431261506b6c273d307c7569a4eb6c96b42dd4a29520a830301828200581c4acf2773917c7b547c576a7ff110d2ba5733c1f1ca9cdc659aea3a5682050b82040b0483a4a42343f7d5a924809f22204103419143eb41e8ffa1402444c7e671da4318a596409f41cb02d8799f428f1742925543a42338ffa3024284f742c762433956c44000ffd87d8042b2f10580a1d87a9f40034155ff41e59f419c9f23404369fde602d87a9f0501ffff2220ff411705838401024170821b2201ad4c877b8a8a1b1fb6bfd557de18c4840204a2432ba0cda2409f0040002222ff9f0242973202ff239f21ff40821b6c14dfe97289a6d31b6920a14193e8d11c84030ba59fd87c9f202104439c96dd02ff0305ff2341fd05249f425bc1a12423a001ff2443beee904460f0ec0744a49dfc34821b6947b8d31d5bdd141b38b52d86fd729b58f5d90103a300a4048462406ba1432fdd790081447105bafc62734606a180419e0e81a01006018582040882018382040f82040c8201838201848200581c65fc709a5e019b8aba76f6977c1c8770e4b36fa76f434efc588747b78200581cb5ae663aaea8e500157bdf4baafd6f5ba0ce5759f7cd4101fc132f548200581c3542acb3a64d80c29302260d62c3b87a742ad14abf855ebc6733081e8200581cbd039f956f4b302f3ab6fc7c4bac3350a540f44af81a8492194dd2c28205038202858200581c65fc709a5e019b8aba76f6977c1c8770e4b36fa76f434efc588747b78200581c3542acb3a64d80c29302260d62c3b87a742ad14abf855ebc6733081e8200581c3542acb3a64d80c29302260d62c3b87a742ad14abf855ebc6733081e8200581ca646474b8f5431261506b6c273d307c7569a4eb6c96b42dd4a29520a8200581c76e607db2a31c9a2c32761d2431a186a550cc321f79cd8d6a82b29b882018582028083030181820403830300838201828200581c4acf2773917c7b547c576a7ff110d2ba5733c1f1ca9cdc659aea3a568200581cb16b56f5ec064be6ac3cab6035efae86b366cc3dc4a0d571603d70e5830301828200581cb5ae663aaea8e500157bdf4baafd6f5ba0ce5759f7cd4101fc132f548200581ca646474b8f5431261506b6c273d307c7569a4eb6c96b42dd4a29520a82040382050c82050d82018182040182050c028146450100002601",
            "description": "Hydra commit transaction",
            "type": "Tx BabbageEra"
        },
        {
            "cborHex": "84af00800d838258201b4ae4de05d610af8e5d87cd8940bc04c9f6849462c9b61e474c826b64c928a80e8258201c313cb802412cf3f243aa363ab4db281ed448ff2047092c6590b764ea846dcc0c825820563b2660707b8add1d0197a9d006a29dd87f1d45d3554462e9157a604704830601128282582075452abe23d20a17a9ec77ed14c5884c3f8fc1ba0f6914641ab6036a659d432e0782582086f7799dc6d3ed60b9d47e5a2f33655ba52970530a71bdb96d8c308eb4b624d8060186a4005839305632289e38c3bd9cfffd27f77845dc9dd6b8f4e17d8b1bc8f5028a480054e9d2e1937c4409e308528642e54dddafc384eed4ada6783af3c201821b5e07acd8790fda24a1581c183b49c8ed66c820b46b2e07bcdc0e83e4a1420bcb21d4fb62983e24a141331b6ad79fd6070df38402820058202b514bb84e1d2db162b283764d4fe59388cdd3463a1c2f549f2e56cd729f0b6c03d818458200820405a30058393162ad2d97bafe1ba7ac684849e8e9eabe81bb7d2611be2aeb8b964a1a50e3dc327d87d4a572aebb159e08e4402759fdf48747eefdf1069b6a01821b53a2c8e12af8a310a1581c2d725128406dc832eb74c4709aca0512499b3c7b17e00d7cb2e6d1b1a1524d386d3bde8a076dc269c23587dd660bbf371b7ab01f3c8a371bea03d81858bb82008202858200581c58e1b65718531b42494610c506cef10ff031fa817a8ff75c0ab180e7830304848201838200581c3542acb3a64d80c29302260d62c3b87a742ad14abf855ebc6733081e8200581cb5ae663aaea8e500157bdf4baafd6f5ba0ce5759f7cd4101fc132f548200581c65fc709a5e019b8aba76f6977c1c8770e4b36fa76f434efc588747b782050c8200581c76e607db2a31c9a2c32761d2431a186a550cc321f79cd8d6a82b29b882040c820280820401820180a300583921a53f29d3c018db090fcb246c0273c5243f7db883fb6f0f9e091b67477d4b8d808aa95632717cac02303c8892b6b842a42e21bcb27dab7ec601821b6c90d978361bde42a1581c105a8f1bb56444cacc86378c95421aceeb326b0fb7743e493eb82fd5a158209da6ed78b53b7a1acf427562bc721db84f1bef57268fd50eb179ee4a16a51df31b05eae3be4312d9c903d818582282008200581c58e1b65718531b42494610c506cef10ff031fa817a8ff75c0ab180e782583930c850a9b3015a7b5bfbeebf78696b50538ecdb5f8f1f5751164bbb94b1d1a598a7a0af4cf66ca82636f8224b35cd81baa75cff3db45a30419821b7d9eba082d105ba3a1581c4a1c412d8e2b3015a7fb7d382808fb7cb721bf93a56e8bb6661cdebea1510795370f76030635dabda47759974fc88a1b02dcad32ab39d699a400583921c88ed4a34e574bd01597617e072a6ed726af8ad60d3d6b9a891c1788bc37450c8c68015dbd0cd3bd7763a155a65d8b62cc954114c659d6d401821b19d7a84053003cd4a1581c2db8410d969b6ad6b6969703c77ebf6c44061aa51c5d6ceba46557e2a141b81b79e8567467dcfd7f0282005820f8332ae69200ff3e4e7565d250314fda86fb72fa872e31ee85c25550668de8c103d818582282008200581c3542acb3a64d80c29302260d62c3b87a742ad14abf855ebc6733081ea300583901945c701b57b68ed7126d97a70a627680a9a07f830cec209236f3f75ce55451b939119685e085eed5114888b2feba4dfade33ed10585928f901821b095bcd4d3ba73ba7a1581c05a40df9338f36cff17f99f8c73a6eb34b3559888ec1d6817cb61c79a147ede8f15cfdcdd51b3bbe6e0b74716b9603d81859013a82008303008383030083830300838200581c58e1b65718531b42494610c506cef10ff031fa817a8ff75c0ab180e78200581cb16b56f5ec064be6ac3cab6035efae86b366cc3dc4a0d571603d70e58200581cb5ae663aaea8e500157bdf4baafd6f5ba0ce5759f7cd4101fc132f548202808204098200581cb16b56f5ec064be6ac3cab6035efae86b366cc3dc4a0d571603d70e58201838200581c0d94e174732ef9aae73f395ab44507bfa983d65023c11a951f0c32e48202838200581cb16b56f5ec064be6ac3cab6035efae86b366cc3dc4a0d571603d70e58200581c76e607db2a31c9a2c32761d2431a186a550cc321f79cd8d6a82b29b88200581c76e607db2a31c9a2c32761d2431a186a550cc321f79cd8d6a82b29b88200581ca646474b8f5431261506b6c273d307c7569a4eb6c96b42dd4a29520a10a400583901cf3a865a75c95142e0af17de1b55f952543f7184ff1be0912d0886250062eee5def2cd14201a67a6fe4cd21d8145b23e03cd1490b1e14ed901821b231df6dbbe420ccba1581c2db8410d969b6ad6b6969703c77ebf6c44061aa51c5d6ceba46557e2a143a6e8cd1b6a3ea1c00f72519e028201d8184ad87e9f418543e64a8dff03d818582b82008201838201808200581c0d94e174732ef9aae73f395ab44507bfa983d65023c11a951f0c32e482050f111a00021cf5021a000edd7e030904868304581c8ed696dd501c25d3884137feb9609e3a05de518c3eb56172fbca86f20182068200a28201581c48d659bdceb8488371cfd0dafd510fa318eff6de71854216247581d71a000111c68201581cf117fec24840bf073662e5b220b271a8624d0187ab58b07593dd9c6d3a0009cb238304581c3fd12eb9fce5f79c3b9b7fe8ed0e027685a87dce05ed1cef49bf5a27068a03581cdaa134d71dd4add36597551866df946661a4073d9fff72931daa39e458200f6c93f05f5260ad8113584da458107549891b90a0dc77c35d5b686ba27584981a0009bd9b1a0005e220d81e821a000bb8d91a000f4240581df1f351dabecf2246428fd61a130dbebac7692d3a86d0144909c1def29d81581cd35de0e4f40d7a51ae5100c17ce7b1d87a87c7700a568c75fa8e25bf838400f6440000000650070000000800000008000000060000008301016d52394a57524e4d6f4b2e636f6d830107783039596d57746a4561756a794c584c4751796667452d56574b4a354a7a2e65424b4d624d61456e734674476f7a2e636f6d82782b68747470733a2f2f6c6844775358723945564c506d6236464743324e4246302e593962766c53682e636f6d43e5e17f8405581c6b937d01a7b85fee361872e7c276e1aff2b30bb3f21c7b1e07599cae581cc29035a63d487300f95df16adac00982fa22e7da9e346623ecfe10b55820b3a8a88175ece3cf8513026cbacc81e6bbbe07cddbc33609f21480a4bb00b7618405581c625c6814d72e7f5d9e441d2b4c32be17bf01d6231c6dcefda0c75a16581c7b1957797d97129ad6061ac6cb10d9d009267524bf599659c1368f035820141997e107a410e1d913cb77cb95b408ade7d822a4f04f24874a19ef7166ef9a05a3581df0c430c29140d6c582aa3f26b51a04c56083b1681773144d00672c93631a0004325a581df159042396dd20464980f5d10458f0101736bb7a3c2a1ab035c214823b1a000ea326581de12bbbf6b172e5f1e4fde42eefbac4dc21ae1b1705e743c3c60702757f1a000b061f08030e81581c1a5ad5fba1a4ac66fe90f5a1ca6f47102009277ae8355a55771e87ae09a1581ceca8914e05ca57a73aba64b536483d6f3f396770305f58a416b2d1c0a1581c66f86676aa24e49182f36fbad6f5f779860dfa2d19cc9d967e2106463b4fa9885e55780fdf075820b6810047291144a090d6dae2262254f8542d8ab449a06118cfc026e650ab7c960f01a400818258206fc8e2dc413db4577dbcddab3394f1104af4b0aa11bfd7199d03d823443b45b45840b8540f07df3166f635a7f84779f73bfceaba3f30d3bde4f10ce9b3733ef796bdf8b9795fa6d55a1bdfa2649e93bda3bfd9beda51ef6aecdbd69b77b80e67ec7002858458200a45233cba5e66d9215c1482edf1d09c987ae4e65cb5da9b17a505111c79b956584061bd032e4793e37df2edc90d4a98e7999f7e91e85e36dd47eb207b3addab0bf0b14c5cec2bd9ee01e7eddd174f52b1e930a8ecf8bb24a069622efd0f5dd3f3fc44984e43b145571deba5c384582060cf0b2ea3fe1d3c2a53e48fd1c7be43f786f85284a99500680d82d391a090c45840c4b3a27595a0ab155f202f84c219b853170214360bff10ca18617c0a877a345ea2a983284806f5fd773b528b10a337012ef99775ddaa0b23a0a47e9f96e333d043db68c040845820b602c309c6fefe62dd4a177333a1dea98b95629966846a757183df6de74d2cfb5840cbf5387d79bf0e2a06774ec5bd6f0c026bd8a82f8afd17eb48fbec6605941193093a3a02bf4cd88c5e5653f74a4ee19a719e98e4aa2939eddfa035ac5ffa637c410b4084582059cdcbb723d18f567b9abc4964aa2d46fb677e8678bff5cb37e05b84ccf2eddf5840c50d8883f4a69f0054255892a8f8cd56b05cf0ea4fb79ddd4507f532f8bb395cb5350ce739b8b66c02199188bf33a1a6f5d431def7f124f22453f0b1b3c8d60242da2a41d6845820c2c27badf8a2e542c224758495c0c2ebfcfce3f7cb982337d02ae0e003fb4c8858405bb151babc7dc122ec1aa5f9965174960d0f93f92c3efc348b9e5184facc75d748cd949806c40f5923cda80c33166de1f03c45d054688c1a9ffce96af157147c4421c2f7db40018582050582040883030081820280830300808200581c3542acb3a64d80c29302260d62c3b87a742ad14abf855ebc6733081e0485409fd8799fa40244f81da771224463b702e542858f420b5f0042471a00424fb1432aec15d87a80ffff04224152f4d90103a200a502447b07d8010b66e6aeb50644510c8184675df48a84954a2c610340623b1c0fa342f40c4490a814f8a0a421616966e7aba82c3d7e40614f42728d421a3b4004452a30e1a19d10411a01848202848202828201818200581cb16b56f5ec064be6ac3cab6035efae86b366cc3dc4a0d571603d70e58200581c76e607db2a31c9a2c32761d2431a186a550cc321f79cd8d6a82b29b88200581ce0a714319812c3f773ba04ec5d6b3ffcd5aad85006805b047b082541830301818201858200581cbd039f956f4b302f3ab6fc7c4bac3350a540f44af81a8492194dd2c28200581c76e607db2a31c9a2c32761d2431a186a550cc321f79cd8d6a82b29b88200581ca646474b8f5431261506b6c273d307c7569a4eb6c96b42dd4a29520a8200581cbd039f956f4b302f3ab6fc7c4bac3350a540f44af81a8492194dd2c28200581ce0a714319812c3f773ba04ec5d6b3ffcd5aad85006805b047b0825418204098202848204038204038200581c58e1b65718531b42494610c506cef10ff031fa817a8ff75c0ab180e78200581c76e607db2a31c9a2c32761d2431a186a550cc321f79cd8d6a82b29b882050d820404",
            "description": "Hydra commit transaction",
            "type": "Tx BabbageEra"
        },
        {
            "cborHex": "84af00818258201c0fc78fd49a0a472d784d8880da4c7b5b2f41a75843177c5d09dd485af8b017030d8682582027ddd5f63ba283ac007b6d2d9eb05ef309ce2ecb7fc870123e9204fe3dcbb2e0108258203bf42418745ab59fb281a2670a5518df403cef65accaacbfdfcfb918030aaa3c0a82582045f2d2a176a1abb3de7f3e963b72c97d2932111375a55cd14c121a2c3ed192380482582060d915c0bebd40256cdd1bd10b8d180065da8278778cb4bad3d058c47627de021082582094bfb2e600b76ff9f01d44b115709b8ac9666f49f6f260b0f7f8047825309e6409825820f814826c51075e0f694906a270de4c77e5b6945c0b78985dc358eba57f57d64e0b1281825820a1149cc8841376b40a17ad1c9e716cc82498a3f932495b9ee1b33eb1ffb8c344050182a30058393123f8eb4cd018e640c6c1e2c31cb1bdeff775ffa9c6115a8a905a7268cccf2fccb2887b8ec9383275ad112ee70aebb2ba8fb2adb7dcbcfe8001821b0817f2f7136aa22ca1581c61914ec69b8ca7e67d17fe75f16199b9bbc7816c1ce1e5d0cd913997a14af8c490358c74e2df8bd11b16c41ee0e4063854028201d8185835d87c9f41b4d87b9f05ff9f4356c82cd87e9f44690b49f905ff44818e83ff434c29fad87e9f44c2d4b7660122ffff224409ee957bffa400582b82d818582183581c8b804845103b14051a9792020a615cbf2f2c17888717227c7f386050a0001a46f6a11001821b59b2fefcee7a0353a1581c8f461954fe2f18fee1dca233f358907e643ff839ed1f995e4bf325e3a14294a21b0d0d321edddb6021028200582046602d444b699a7bd7c9ff4eeb79123d3f38aad80253782708d977a0aa1617cf03d81859034c82008303048583030181830304858200581c0d94e174732ef9aae73f395ab44507bfa983d65023c11a951f0c32e48200581ce0a714319812c3f773ba04ec5d6b3ffcd5aad85006805b047b0825418200581c76e607db2a31c9a2c32761d2431a186a550cc321f79cd8d6a82b29b88200581cbd039f956f4b302f3ab6fc7c4bac3350a540f44af81a8492194dd2c28200581ce0a714319812c3f773ba04ec5d6b3ffcd5aad85006805b047b0825418204078201808202818202858200581cbd039f956f4b302f3ab6fc7c4bac3350a540f44af81a8492194dd2c28200581cb5ae663aaea8e500157bdf4baafd6f5ba0ce5759f7cd4101fc132f548200581ce0a714319812c3f773ba04ec5d6b3ffcd5aad85006805b047b0825418200581cb5ae663aaea8e500157bdf4baafd6f5ba0ce5759f7cd4101fc132f548200581cb5ae663aaea8e500157bdf4baafd6f5ba0ce5759f7cd4101fc132f548201858201848200581ce0a714319812c3f773ba04ec5d6b3ffcd5aad85006805b047b0825418200581ca646474b8f5431261506b6c273d307c7569a4eb6c96b42dd4a29520a8200581c65fc709a5e019b8aba76f6977c1c8770e4b36fa76f434efc588747b78200581c76e607db2a31c9a2c32761d2431a186a550cc321f79cd8d6a82b29b88200581c4acf2773917c7b547c576a7ff110d2ba5733c1f1ca9cdc659aea3a56830305858200581c76e607db2a31c9a2c32761d2431a186a550cc321f79cd8d6a82b29b88200581cbd039f956f4b302f3ab6fc7c4bac3350a540f44af81a8492194dd2c28200581cbd039f956f4b302f3ab6fc7c4bac3350a540f44af81a8492194dd2c28200581c0d94e174732ef9aae73f395ab44507bfa983d65023c11a951f0c32e48200581c4acf2773917c7b547c576a7ff110d2ba5733c1f1ca9cdc659aea3a56830302848200581cb16b56f5ec064be6ac3cab6035efae86b366cc3dc4a0d571603d70e58200581c3542acb3a64d80c29302260d62c3b87a742ad14abf855ebc6733081e8200581ce0a714319812c3f773ba04ec5d6b3ffcd5aad85006805b047b0825418200581c4acf2773917c7b547c576a7ff110d2ba5733c1f1ca9cdc659aea3a56830300818200581ca646474b8f5431261506b6c273d307c7569a4eb6c96b42dd4a29520a10a40058393091e693b777fbb56941e05ccfcfc77a2e50d9e5e4a80d6501b627d119279563422b7e2baa3c15811a223c848488d7a54713c1697fee80007a01821b1480de5794c568c1a1581c4d50a11e297e7783383bf06dd6e4e481230323bd96cd8b8d9ee3888da14d5c102dee0a08f361e1e22827751b182d495373d5534302820058208a44c56639accdacac3cd1df7b3ae9a4b06099c8c6029723b11f8a73d790c6f803d818582e82008201848200581c0d94e174732ef9aae73f395ab44507bfa983d65023c11a951f0c32e482050a82040482040d111a00092918021a0006f4ab0308048183028201581c42d85215623da00bfe6f63a1ef79de1e23280c5afd91e7c2caefd92e581c99752d9f51d973acc4e4d131d64268cc31aebf28072babfd9dbe2b4e05a5581df056eaae2185062b7a0ddc92488bc3aa3b41c12b99f1027aa5b8f653f91a000d4f27581df095a077817bd5321f6a5aae70211a40f2e39ef903197d478bc9362a5f1a000eda84581df0d408c8622a7618b3b5482620d7e2fbb8b9d26fd54604def8302c5ba91a0006da63581df11e5189559ce226658d5c52b20998a142e153ff63870afad57c8669741a00080e92581df19faca856b35ab2756a6826094af2e6cc2340950132b2520c034fdd951a0005ae3f080709a1581c2db8410d969b6ad6b6969703c77ebf6c44061aa51c5d6ceba46557e2a14c38a321894385c32e389a82e21b30b864b08a1f85490b58206b15192d68982cd37d0525127e87b845b4e4040bf9b9dfc1aa180c50bcb67d400758207f45d205a04e6bd33992c44c8669112eb687e70c0cac698da1db8115367e7f240f01a20083825820331f1576e77e642eae8cad9e25409d7cc225eabe44064877d807b572b822085a5840e53fb963830c98e8e4864ff597c5697b461660956b3654fadb089af27724d316e3543aa6dcdd4a877b06d6bfbd75f36ce3783624fef07287bdf8dc0017d553fc825820a9eab8c51942626fc2fbc18bc88adedcb7e2e5a5eb2d9fae6f9149b51211fb20584041488a8959d730a409cfb47409e5ef8fc09114cdece66b80122974abcd75871365e202b83614734ac18692e672507743d273c8046921365ab53e2c6308f1f707825820af2228812339744f698d2eaabd4305cf62462c6e2df333c0dff473bc8f83cf695840a3ca99be2e19e7e308cc751222a37a100a1a253f3c5f24d23b223fc5fbacd86202f9090c44f82a4dbf25f07f16646629aaf59fef955e51f273599a0d8cb68b05058284010200821b665d45e9afe1c0e41b09e38a3121489b54840106449c6ca330821b72136f0bfb64be021b6e8d96f266630c24f4d90103a300a10f6b204a24f48384a95aeab782018583030282830302838200581cb5ae663aaea8e500157bdf4baafd6f5ba0ce5759f7cd4101fc132f54820500830302838200581cb16b56f5ec064be6ac3cab6035efae86b366cc3dc4a0d571603d70e58200581cbd039f956f4b302f3ab6fc7c4bac3350a540f44af81a8492194dd2c28200581c76e607db2a31c9a2c32761d2431a186a550cc321f79cd8d6a82b29b882018082050382040a82018182040d82018282018082040b03814746010000220011",
            "description": "Hydra commit transaction",
            "type": "Tx BabbageEra"
        }
    ],
    "seed": 1090682202
}