{
    "samples": [
        {
            "commitTx": "04d90102852321200105d9010280",
            "tag": "DraftCommitTxResponse"
        },
        {
            "commitTx": "04d90102822306d901028106",
            "tag": "DraftCommitTxResponse"
        },
        {
            "commitTx": "01d90102820306d90102822403",
            "tag": "DraftCommitTxResponse"
        },
        {
            "commitTx": "03d9010283252403d901028105",
            "tag": "DraftCommitTxResponse"
        },
        {
            "commitTx": "01d9010280d901028122",
            "tag": "DraftCommitTxResponse"
        },
        {
            "commitTx": "01d9010283242303d9010283220305",
            "tag": "DraftCommitTxResponse"
        },
        {
            "commitTx": "05d901028123d90102852200010506",
            "tag": "DraftCommitTxResponse"
        },
        {
            "commitTx": "06d901028423210002d90102852100010206",
            "tag": "DraftCommitTxResponse"
        },
        {
            "commitTx": "00d901028104d90102822005",
            "tag": "DraftCommitTxResponse"
        },
        {
            "commitTx": "21d90102852422210105d901028122",
            "tag": "DraftCommitTxResponse"
        },
        {
            "commitTx": "22d901028424000204d9010280",
            "tag": "DraftCommitTxResponse"
        },
        {
            "commitTx": "22d9010283212006d90102822322",
            "tag": "DraftCommitTxResponse"
        },
        {
            "commitTx": "02d90102822120d9010280",
            "tag": "DraftCommitTxResponse"
        },
        {
            "commitTx": "25d901028100d901028105",
            "tag": "DraftCommitTxResponse"
        },
        {
            "commitTx": "21d90102852423220003d901028423200506",
            "tag": "DraftCommitTxResponse"
        },
        {
            "commitTx": "01d9010283242303d90102852524000103",
            "tag": "DraftCommitTxResponse"
        },
        {
            "commitTx": "21d90102852423220006d9010283252400",
            "tag": "DraftCommitTxResponse"
        },
        {
            "commitTx": "00d9010280d90102822100",
            "tag": "DraftCommitTxResponse"
        },
        {
            "commitTx": "21d9010283252120d9010280",
            "tag": "DraftCommitTxResponse"
        },
        {
            "commitTx": "03d90102852523000204d9010280",
            "tag": "DraftCommitTxResponse"
        },
        {
            "commitTx": "24d9010280d901028123",
            "tag": "DraftCommitTxResponse"
        },
        {
            "commitTx": "06d9010283232205d90102822003",
            "tag": "DraftCommitTxResponse"
        },
        {
            "commitTx": "05d901028121d90102822501",
            "tag": "DraftCommitTxResponse"
        },
        {
            "commitTx": "01d90102852423210304d90102852322210105",
            "tag": "DraftCommitTxResponse"
        },
        {
            "commitTx": "21d90102820205d90102852522020406",
            "tag": "DraftCommitTxResponse"
        },
        {
            "commitTx": "20d901028103d9010280",
            "tag": "DraftCommitTxResponse"
        },
        {
            "commitTx": "06d9010283252105d9010280",
            "tag": "DraftCommitTxResponse"
        },
        {
            "commitTx": "21d9010280d901028425220001",
            "tag": "DraftCommitTxResponse"
        },
        {
            "commitTx": "24d9010283252304d90102852523210003",
            "tag": "DraftCommitTxResponse"
        },
        {
            "commitTx": "24d9010283220004d9010283240206",
            "tag": "DraftCommitTxResponse"
        },
        {
            "commitTx": "04d9010280d901028124",
            "tag": "DraftCommitTxResponse"
        },
        {
            "commitTx": "01d901028100d901028100",
            "tag": "DraftCommitTxResponse"
        },
        {
            "commitTx": "01d9010280d9010283212002",
            "tag": "DraftCommitTxResponse"
        },
        {
            "commitTx": "25d9010283220206d901028423220004",
            "tag": "DraftCommitTxResponse"
        },
        {
            "commitTx": "23d90102820004d90102852522000405",
            "tag": "DraftCommitTxResponse"
        },
        {
            "commitTx": "00d90102822004d901028424232204",
            "tag": "DraftCommitTxResponse"
        },
        {
            "commitTx": "04d9010280d90102822304",
            "tag": "DraftCommitTxResponse"
        },
        {
            "commitTx": "21d901028423220106d9010280",
            "tag": "DraftCommitTxResponse"
        },
        {
            "commitTx": "04d9010280d901028424210004",
            "tag": "DraftCommitTxResponse"
        },
        {
            "commitTx": "02d901028423200203d90102852523210305",
            "tag": "DraftCommitTxResponse"
        },
        {
            "commitTx": "25d9010283250001d9010280",
            "tag": "DraftCommitTxResponse"
        },
        {
            "commitTx": "00d90102852521000306d901028421020306",
            "tag": "DraftCommitTxResponse"
        },
        {
            "commitTx": "25d901028425020405d901028122",
            "tag": "DraftCommitTxResponse"
        },
        {
            "commitTx": "24d901028102d9010280",
            "tag": "DraftCommitTxResponse"
        },
        {
            "commitTx": "04d90102822120d901028422200001",
            "tag": "DraftCommitTxResponse"
        },
        {
            "commitTx": "22d90102822100d9010283250206",
            "tag": "DraftCommitTxResponse"
        },
        {
            "commitTx": "25d90102852423200003d9010280",
            "tag": "DraftCommitTxResponse"
        },
        {
            "commitTx": "06d9010280d9010283240206",
            "tag": "DraftCommitTxResponse"
        },
        {
            "commitTx": "21d90102822220d901028425242303",
            "tag": "DraftCommitTxResponse"
        },
        {
            "commitTx": "03d9010286242101020405d9010280",
            "tag": "DraftCommitTxResponse"
        },
        {
            "commitTx": "00d901028425020304d90102820304",
            "tag": "DraftCommitTxResponse"
        },
        {
            "commitTx": "21d901028100d9010280",
            "tag": "DraftCommitTxResponse"
        },
        {
            "commitTx": "05d90102822423d9010280",
            "tag": "DraftCommitTxResponse"
        },
        {
            "commitTx": "00d90102822506d901028422020406",
            "tag": "DraftCommitTxResponse"
        },
        {
            "commitTx": "05d90102822102d90102820304",
            "tag": "DraftCommitTxResponse"
        },
        {
            "commitTx": "04d9010280d901028125",
            "tag": "DraftCommitTxResponse"
        },
        {
            "commitTx": "20d9010283232004d901028425222006",
            "tag": "DraftCommitTxResponse"
        },
        {
            "commitTx": "22d90102850102040506d90102852523000304",
            "tag": "DraftCommitTxResponse"
        },
        {
            "commitTx": "00d90102852524210004d901028121",
            "tag": "DraftCommitTxResponse"
        },
        {
            "commitTx": "02d90102852000010205d901028122",
            "tag": "DraftCommitTxResponse"
        },
        {
            "commitTx": "06d9010280d90102822523",
            "tag": "DraftCommitTxResponse"
        },
        {
            "commitTx": "21d901028425242105d901028424230506",
            "tag": "DraftCommitTxResponse"
        },
        {
            "commitTx": "06d9010280d90102820203",
            "tag": "DraftCommitTxResponse"
        },
        {
            "commitTx": "20d9010283230205d9010283252404",
            "tag": "DraftCommitTxResponse"
        },
        {
            "commitTx": "24d9010280d9010280",
            "tag": "DraftCommitTxResponse"
        },
        {
            "commitTx": "25d90102822406d901028425210203",
            "tag": "DraftCommitTxResponse"
        },
        {
            "commitTx": "22d9010283232100d901028424222102",
            "tag": "DraftCommitTxResponse"
        },
        {
            "commitTx": "21d9010283200405d901028424222006",
            "tag": "DraftCommitTxResponse"
        },
        {
            "commitTx": "01d901028425230203d9010283230003",
            "tag": "DraftCommitTxResponse"
        },
        {
            "commitTx": "06d9010283242306d9010280",
            "tag": "DraftCommitTxResponse"
        },
        {
            "commitTx": "05d90102852320000206d9010286222101020304",
            "tag": "DraftCommitTxResponse"
        },
        {
            "commitTx": "04d90102852422210102d9010280",
            "tag": "DraftCommitTxResponse"
        },
        {
            "commitTx": "06d90102852524210005d901028425222000",
            "tag": "DraftCommitTxResponse"
        },
        {
            "commitTx": "02d901028424210102d901028421010205",
            "tag": "DraftCommitTxResponse"
        },
        {
            "commitTx": "25d90102822400d90102822205",
            "tag": "DraftCommitTxResponse"
        },
        {
            "commitTx": "05d90102852524232001d90102852423210106",
            "tag": "DraftCommitTxResponse"
        },
        {
            "commitTx": "03d90102822120d9010283210306",
            "tag": "DraftCommitTxResponse"
        },
        {
            "commitTx": "22d9010280d901028104",
            "tag": "DraftCommitTxResponse"
        },
        {
            "commitTx": "24d901028103d90102822404",
            "tag": "DraftCommitTxResponse"
        },
        {
            "commitTx": "05d901028125d901028424232004",
            "tag": "DraftCommitTxResponse"
        },
        {
            "commitTx": "22d901028423210205d90102822100",
            "tag": "DraftCommitTxResponse"
        },
        {
            "commitTx": "22d901028123d901028425242306",
            "tag": "DraftCommitTxResponse"
        },
        {
            "commitTx": "01d90102852522000102d9010283252420",
            "tag": "DraftCommitTxResponse"
        },
        {
            "commitTx": "06d9010280d901028420030405",
            "tag": "DraftCommitTxResponse"
        },
        {
            "commitTx": "01d90102822005d9010280",
            "tag": "DraftCommitTxResponse"
        },
        {
            "commitTx": "23d9010283242105d901028421000406",
            "tag": "DraftCommitTxResponse"
        },
        {
            "commitTx": "05d901028420000105d90102822221",
            "tag": "DraftCommitTxResponse"
        },
        {
            "commitTx": "06d9010280d901028120",
            "tag": "DraftCommitTxResponse"
        },
        {
            "commitTx": "03d901028105d901028104",
            "tag": "DraftCommitTxResponse"
        },
        {
            "commitTx": "03d9010283242104d9010283210405",
            "tag": "DraftCommitTxResponse"
        },
        {
            "commitTx": "05d9010283252400d901028401020405",
            "tag": "DraftCommitTxResponse"
        },
        {
            "commitTx": "04d90102822503d901028101",
            "tag": "DraftCommitTxResponse"
        },
        {
            "commitTx": "25d9010280d90102852521000406",
            "tag": "DraftCommitTxResponse"
        },
        {
            "commitTx": "04d90102852422200005d901028424200104",
            "tag": "DraftCommitTxResponse"
        },
        {
            "commitTx": "24d901028423010305d9010280",
            "tag": "DraftCommitTxResponse"
        },
        {
            "commitTx": "25d9010283212002d901028122",
            "tag": "DraftCommitTxResponse"
        },
        {
            "commitTx": "25d90102822521d9010283250102",
            "tag": "DraftCommitTxResponse"
        },
        {
            "commitTx": "00d9010283232201d9010280",
            "tag": "DraftCommitTxResponse"
        },
        {
            "commitTx": "24d901028104d90102820005",
            "tag": "DraftCommitTxResponse"
        },
        {
            "commitTx": "24d901028420010405d9010283210206",
            "tag": "DraftCommitTxResponse"
        },
        {
            "commitTx": "22d90102852521010305d901028121",
            "tag": "DraftCommitTxResponse"
        },
        {
            "commitTx": "05d90102852524210406d901028425232203",
            "tag": "DraftCommitTxResponse"
        },
        {
            "commitTx": "23d90102822102d9010283222104",
            "tag": "DraftCommitTxResponse"
        },
        {
            "commitTx": "25d901028424210001d9010280",
            "tag": "DraftCommitTxResponse"
        },
        {
            "commitTx": "00d90102822420d9010280",
            "tag": "DraftCommitTxResponse"
        },
        {
            "commitTx": "04d90102852522210406d901028421200103",
            "tag": "DraftCommitTxResponse"
        },
        {
            "commitTx": "00d90102820002d90102852322000104",
            "tag": "DraftCommitTxResponse"
        },
        {
            "commitTx": "03d90102822003d901028121",
            "tag": "DraftCommitTxResponse"
        },
        {
            "commitTx": "24d9010280d901028123",
            "tag": "DraftCommitTxResponse"
        },
        {
            "commitTx": "21d901028120d901028423200103",
            "tag": "DraftCommitTxResponse"
        },
        {
            "commitTx": "25d901028422210102d901028106",
            "tag": "DraftCommitTxResponse"
        },
        {
            "commitTx": "22d90102852524210205d9010283200001",
            "tag": "DraftCommitTxResponse"
        },
        {
            "commitTx": "25d90102852422212002d90102852322010406",
            "tag": "DraftCommitTxResponse"
        },
        {
            "commitTx": "03d9010283240004d90102822105",
            "tag": "DraftCommitTxResponse"
        },
        {
            "commitTx": "23d901028422010204d901028121",
            "tag": "DraftCommitTxResponse"
        },
        {
            "commitTx": "23d90102820306d90102852523000102",
            "tag": "DraftCommitTxResponse"
        },
        {
            "commitTx": "04d9010280d901028400040506",
            "tag": "DraftCommitTxResponse"
        },
        {
            "commitTx": "20d90102822320d90102852423200006",
            "tag": "DraftCommitTxResponse"
        },
        {
            "commitTx": "22d9010280d90102852423220004",
            "tag": "DraftCommitTxResponse"
        },
        {
            "commitTx": "24d901028424230102d90102820001",
            "tag": "DraftCommitTxResponse"
        },
        {
            "commitTx": "06d9010283242321d90102822104",
            "tag": "DraftCommitTxResponse"
        },
        {
            "commitTx": "20d90102822001d9010283212000",
            "tag": "DraftCommitTxResponse"
        },
        {
            "commitTx": "24d901028421010405d9010283232101",
            "tag": "DraftCommitTxResponse"
        },
        {
            "commitTx": "02d9010280d901028101",
            "tag": "DraftCommitTxResponse"
        },
        {
            "commitTx": "20d9010283000203d90102852000010305",
            "tag": "DraftCommitTxResponse"
        },
        {
            "commitTx": "06d901028424210105d90102852524220305",
            "tag": "DraftCommitTxResponse"
        },
        {
            "commitTx": "22d901028423000103d9010283030406",
            "tag": "DraftCommitTxResponse"
        },
        {
            "commitTx": "05d901028420020506d901028101",
            "tag": "DraftCommitTxResponse"
        },
        {
            "commitTx": "02d901028101d901028424230102",
            "tag": "DraftCommitTxResponse"
        },
        {
            "commitTx": "06d9010280d9010280",
            "tag": "DraftCommitTxResponse"
        },
        {
            "commitTx": "21d9010283242001d90102822506",
            "tag": "DraftCommitTxResponse"
        },
        {
            "commitTx": "04d90102852400020305d901028424230106",
            "tag": "DraftCommitTxResponse"
        },
        {
            "commitTx": "02d9010280d9010283240105",
            "tag": "DraftCommitTxResponse"
        },
        {
            "commitTx": "25d9010283220506d9010280",
            "tag": "DraftCommitTxResponse"
        },
        {
            "commitTx": "20d901028425000406d9010280",
            "tag": "DraftCommitTxResponse"
        },
        {
            "commitTx": "01d90102852422210004d901028104",
            "tag": "DraftCommitTxResponse"
        },
        {
            "commitTx": "02d901028100d901028425212006",
            "tag": "DraftCommitTxResponse"
        },
        {
            "commitTx": "01d90102822202d9010283252005",
            "tag": "DraftCommitTxResponse"
        },
        {
            "commitTx": "03d90102822303d90102852423210103",
            "tag": "DraftCommitTxResponse"
        },
        {
            "commitTx": "00d9010283242003d901028425240405",
            "tag": "DraftCommitTxResponse"
        },
        {
            "commitTx": "00d90102822204d901028122",
            "tag": "DraftCommitTxResponse"
        },
        {
            "commitTx": "05d90102852402030506d90102852524230306",
            "tag": "DraftCommitTxResponse"
        },
        {
            "commitTx": "05d90102852402030406d901028105",
            "tag": "DraftCommitTxResponse"
        },
        {
            "commitTx": "02d9010280d90102852523200506",
            "tag": "DraftCommitTxResponse"
        },
        {
            "commitTx": "04d9010280d901028124",
            "tag": "DraftCommitTxResponse"
        },
        {
            "commitTx": "03d90102822523d9010280",
            "tag": "DraftCommitTxResponse"
        },
        {
            "commitTx": "04d901028422210002d90102822106",
            "tag": "DraftCommitTxResponse"
        },
        {
            "commitTx": "06d901028421200003d901028123",
            "tag": "DraftCommitTxResponse"
        },
        {
            "commitTx": "22d901028423220005d90102852500030405",
            "tag": "DraftCommitTxResponse"
        },
        {
            "commitTx": "22d90102822005d901028423210106",
            "tag": "DraftCommitTxResponse"
        },
        {
            "commitTx": "20d90102822101d90102852523210406",
            "tag": "DraftCommitTxResponse"
        },
        {
            "commitTx": "02d901028425220204d90102822306",
            "tag": "DraftCommitTxResponse"
        },
        {
            "commitTx": "00d901028423210405d90102852524000306",
            "tag": "DraftCommitTxResponse"
        },
        {
            "commitTx": "20d9010280d90102852524232203",
            "tag": "DraftCommitTxResponse"
        },
        {
            "commitTx": "24d90102820206d901028103",
            "tag": "DraftCommitTxResponse"
        },
        {
            "commitTx": "02d90102852523200106d901028425240406",
            "tag": "DraftCommitTxResponse"
        },
        {
            "commitTx": "05d90102822001d90102820002",
            "tag": "DraftCommitTxResponse"
        },
        {
            "commitTx": "05d901028423210203d90102822001",
            "tag": "DraftCommitTxResponse"
        },
        {
            "commitTx": "06d9010283240405d9010280",
            "tag": "DraftCommitTxResponse"
        },
        {
            "commitTx": "05d9010280d901028423220304",
            "tag": "DraftCommitTxResponse"
        },
        {
            "commitTx": "22d901028122d90102822120",
            "tag": "DraftCommitTxResponse"
        },
        {
            "commitTx": "01d90102822522d901028123",
            "tag": "DraftCommitTxResponse"
        },
        {
            "commitTx": "00d901028425000106d90102822504",
            "tag": "DraftCommitTxResponse"
        },
        {
            "commitTx": "22d9010283232001d9010286242220020506",
            "tag": "DraftCommitTxResponse"
        },
        {
            "commitTx": "01d9010280d90102822405",
            "tag": "DraftCommitTxResponse"
        },
        {
            "commitTx": "06d901028120d90102852322210104",
            "tag": "DraftCommitTxResponse"
        },
        {
            "commitTx": "03d9010280d90102852200020304",
            "tag": "DraftCommitTxResponse"
        },
        {
            "commitTx": "02d90102820102d90102822202",
            "tag": "DraftCommitTxResponse"
        },
        {
            "commitTx": "04d9010283242003d9010280",
            "tag": "DraftCommitTxResponse"
        },
        {
            "commitTx": "01d90102822004d901028423200104",
            "tag": "DraftCommitTxResponse"
        },
        {
            "commitTx": "01d9010286210102030406d90102852321020506",
            "tag": "DraftCommitTxResponse"
        },
        {
            "commitTx": "24d901028121d901028424232001",
            "tag": "DraftCommitTxResponse"
        },
        {
            "commitTx": "02d90102820103d901028425000102",
            "tag": "DraftCommitTxResponse"
        },
        {
            "commitTx": "24d901028424212003d9010283220506",
            "tag": "DraftCommitTxResponse"
        },
        {
            "commitTx": "21d9010280d9010280",
            "tag": "DraftCommitTxResponse"
        },
        {
            "commitTx": "06d9010283250205d901028125",
            "tag": "DraftCommitTxResponse"
        },
        {
            "commitTx": "22d90102822104d9010283242103",
            "tag": "DraftCommitTxResponse"
        },
        {
            "commitTx": "06d901028103d90102822000",
            "tag": "DraftCommitTxResponse"
        },
        {
            "commitTx": "04d90102822404d90102850003040506",
            "tag": "DraftCommitTxResponse"
        },
        {
            "commitTx": "21d9010280d901028123",
            "tag": "DraftCommitTxResponse"
        },
        {
            "commitTx": "03d901028424222001d90102820102",
            "tag": "DraftCommitTxResponse"
        },
        {
            "commitTx": "00d9010283250002d901028122",
            "tag": "DraftCommitTxResponse"
        },
        {
            "commitTx": "25d901028424230304d901028424210106",
            "tag": "DraftCommitTxResponse"
        },
        {
            "commitTx": "02d901028422200004d9010280",
            "tag": "DraftCommitTxResponse"
        },
        {
            "commitTx": "04d90102820406d90102820306",
            "tag": "DraftCommitTxResponse"
        },
        {
            "commitTx": "05d9010283200006d901028424200006",
            "tag": "DraftCommitTxResponse"
        },
        {
            "commitTx": "20d9010283252401d90102822400",
            "tag": "DraftCommitTxResponse"
        },
        {
            "commitTx": "06d901028422010304d9010280",
            "tag": "DraftCommitTxResponse"
        },
        {
            "commitTx": "22d9010280d901028424200103",
            "tag": "DraftCommitTxResponse"
        },
        {
            "commitTx": "20d901028101d9010283210103",
            "tag": "DraftCommitTxResponse"
        },
        {
            "commitTx": "20d901028422200204d9010283250206",
            "tag": "DraftCommitTxResponse"
        },
        {
            "commitTx": "20d90102822106d90102822524",
            "tag": "DraftCommitTxResponse"
        },
        {
            "commitTx": "22d9010283220506d901028425232221",
            "tag": "DraftCommitTxResponse"
        },
        {
            "commitTx": "24d90102852523010406d90102820102",
            "tag": "DraftCommitTxResponse"
        },
        {
            "commitTx": "22d901028425210205d9010283240305",
            "tag": "DraftCommitTxResponse"
        },
        {
            "commitTx": "06d901028422000204d9010283000306",
            "tag": "DraftCommitTxResponse"
        },
        {
            "commitTx": "01d9010283220304d90102822102",
            "tag": "DraftCommitTxResponse"
        },
        {
            "commitTx": "00d9010283220206d9010283242322",
            "tag": "DraftCommitTxResponse"
        },
        {
            "commitTx": "03d901028102d9010286242300030406",
            "tag": "DraftCommitTxResponse"
        },
        {
            "commitTx": "02d90102852322200406d901028424210203",
            "tag": "DraftCommitTxResponse"
        }
    ],
    "seed": 1736878959
}