{
    "samples": [
        {
            "utxos": {
                "0103000005040505060604010004070607040305070802070306030506030801#24": {
                    "address": "addr_test1wq659t9n5excps5nqgnq6ckrhpa8g2k3f2lc2h4uvuess8s24hsvh",
                    "datum": null,
                    "datumhash": "ca695f3543876c961b97734fef4027a4fc45ca7cc6d5f796fc980915b17caadc",
                    "inlineDatum": null,
                    "referenceScript": null,
                    "value": {
                        "0d94e174732ef9aae73f395ab44507bfa983d65023c11a951f0c32e4": {
                            "": 28
                        },
                        "bd039f956f4b302f3ab6fc7c4bac3350a540f44af81a8492194dd2c2": {
                            "": 7,
                            "05060006060305": 3
                        },
                        "e0a714319812c3f773ba04ec5d6b3ffcd5aad85006805b047b082541": {
                            "060600": 29
                        },
                        "lovelace": 22
                    }
                },
                "0406030404070608070607040306030708050103070204060800030807050200#56": {
                    "address": "addr_test1wq3lgnn7swsu6a3yspd86mgkch722vt64gw6n87qt6xd7fs74u0mp",
                    "datum": null,
                    "datumhash": null,
                    "inlineDatum": null,
                    "referenceScript": null,
                    "value": {
                        "4b279a388de46bb4d33c4df64da357640be900b04625a43651b7b059": {
                            "0103050b04100a03": 50,
                            "0f0a": 63
                        },
                        "lovelace": 57
                    },
                    "witness": {
                        "datum": "22",
                        "plutusV2Script": {
                            "cborHex": "46040008070508",
                            "description": "",
                            "type": "PlutusScriptV2"
                        },
                        "redeemer": "05"
                    }
                },
                "0606020701020502060402000004060504010500000102020707000508030607#53": {
                    "address": "addr_test1vzckk4h4asryhe4v8j4kqd0046rtxekv8hz2p4t3vq7hpegexfjtk",
                    "datum": null,
                    "datumhash": "642206314f534b29ad297d82440a5f9f210e30ca5ced805a587ca402de927342",
                    "inlineDatum": null,
                    "referenceScript": null,
                    "value": {
                        "0d94e174732ef9aae73f395ab44507bfa983d65023c11a951f0c32e4": {
                            "050305050207": 12
                        },
                        "3542acb3a64d80c29302260d62c3b87a742ad14abf855ebc6733081e": {
                            "": 10
                        },
                        "b5ae663aaea8e500157bdf4baafd6f5ba0ce5759f7cd4101fc132f54": {
                            "": 4
                        },
                        "lovelace": 15
                    },
                    "witness": {
                        "datum": "01",
                        "plutusV2Script": {
                            "cborHex": "46030007060402",
                            "description": "",
                            "type": "PlutusScriptV2"
                        },
                        "redeemer": "06"
                    }
                },
                "0701010408010403020000080005050203060502040600010503080508050501#70": {
                    "address": "addr_test1vqxefct5wvh0n2h88uu44dz9q7l6nq7k2q3uzx54ruxr9eqq6x8va",
                    "datum": null,
                    "inlineDatum": {
                        "map": [
                            {
                                "k": {
                                    "int": -3
                                },
                                "v": {
                                    "constructor": 668,
                                    "fields": [
                                        {
                                            "int": -4
                                        },
                                        {
                                            "map": [
                                                {
                                                    "k": {
                                                        "bytes": "71"
                                                    },
                                                    "v": {
                                                        "bytes": "d7"
                                                    }
                                                }
                                            ]
                                        },
                                        {
                                            "constructor": 246,
                                            "fields": []
                                        },
                                        {
                                            "list": [
                                                {
                                                    "int": -3
                                                }
                                            ]
                                        },
                                        {
                                            "bytes": "934a"
                                        }
                                    ]
                                }
                            },
                            {
                                "k": {
                                    "list": [
                                        {
                                            "constructor": 443,
                                            "fields": [
                                                {
                                                    "int": -1
                                                }
                                            ]
                                        },
                                        {
                                            "map": [
                                                {
                                                    "k": {
                                                        "int": 3
                                                    },
                                                    "v": {
                                                        "int": -5
                                                    }
                                                },
                                                {
                                                    "k": {
                                                        "bytes": "68945d66"
                                                    },
                                                    "v": {
                                                        "bytes": "62"
                                                    }
                                                }
                                            ]
                                        },
                                        {
                                            "int": 4
                                        },
                                        {
                                            "int": -5
                                        },
                                        {
                                            "list": [
                                                {
                                                    "bytes": "7938432f"
                                                },
                                                {
                                                    "bytes": "ed5dd96f"
                                                },
                                                {
                                                    "int": -4
                                                }
                                            ]
                                        }
                                    ]
                                },
                                "v": {
                                    "constructor": 834,
                                    "fields": [
                                        {
                                            "constructor": 268,
                                            "fields": [
                                                {
                                                    "int": 1
                                                },
                                                {
                                                    "int": 4
                                                },
                                                {
                                                    "int": 1
                                                },
                                                {
                                                    "int": 3
                                                },
                                                {
                                                    "int": -3
                                                }
                                            ]
                                        },
                                        {
                                            "int": -3
                                        },
                                        {
                                            "bytes": ""
                                        }
                                    ]
                                }
                            },
                            {
                                "k": {
                                    "bytes": "a501"
                                },
                                "v": {
                                    "map": []
                                }
                            }
                        ]
                    },
                    "inlineDatumhash": "f2d6eacdd86b4ad3c80719f164b6e8e540fa25b68bd6ac85ce4b00427c078b49",
                    "referenceScript": null,
                    "value": {
                        "3542acb3a64d80c29302260d62c3b87a742ad14abf855ebc6733081e": {
                            "000605": 13
                        },
                        "4acf2773917c7b547c576a7ff110d2ba5733c1f1ca9cdc659aea3a56": {
                            "080200": 12
                        },
                        "lovelace": 3
                    }
                },
                "0705060804000004000502010506010801070106050606020503050004070102#80": {
                    "address": "addr_test1vrcnc35pk8mjgjjc0gfkqsgast76wc9jn36d23akk63zv3qu44jsz",
                    "datum": null,
                    "datumhash": "f63498b4ae65be466e4a71878971b9c524458996450b0ff8262cddf3f0d99229",
                    "inlineDatum": null,
                    "referenceScript": null,
                    "value": {
                        "1920e782f048e9ef52acd89c4341a89c3908c6e046ad87c474fffb48": {
                            "05050505": 2
                        },
                        "65fc709a5e019b8aba76f6977c1c8770e4b36fa76f434efc588747b7": {
                            "": 28
                        },
                        "76e607db2a31c9a2c32761d2431a186a550cc321f79cd8d6a82b29b8": {
                            "": 2
                        },
                        "a646474b8f5431261506b6c273d307c7569a4eb6c96b42dd4a29520a": {
                            "0101": 26,
                            "0805": 25
                        },
                        "b16b56f5ec064be6ac3cab6035efae86b366cc3dc4a0d571603d70e5": {
                            "03": 19
                        },
                        "bd039f956f4b302f3ab6fc7c4bac3350a540f44af81a8492194dd2c2": {
                            "08050505080401": 6
                        },
                        "lovelace": 17
                    },
                    "witness": {
                        "datum": "04",
                        "plutusV2Script": {
                            "cborHex": "43040707",
                            "description": "",
                            "type": "PlutusScriptV2"
                        },
                        "redeemer": "05"
                    }
                }
            }
        },
        {
            "utxos": {
                "0205080806080102050101070602070500070706070201070408040803020400#16": {
                    "address": "addr_test1vq659t9n5excps5nqgnq6ckrhpa8g2k3f2lc2h4uvuess8sratsmh",
                    "datum": null,
                    "inlineDatum": {
                        "map": [
                            {
                                "k": {
                                    "int": 4
                                },
                                "v": {
                                    "map": []
                                }
                            },
                            {
                                "k": {
                                    "list": [
                                        {
                                            "bytes": "2b16"
                                        },
                                        {
                                            "list": [
                                                {
                                                    "bytes": "0e5e"
                                                },
                                                {
                                                    "int": 2
                                                },
                                                {
                                                    "int": -2
                                                },
                                                {
                                                    "bytes": "0c"
                                                },
                                                {
                                                    "bytes": "41545781"
                                                }
                                            ]
                                        },
                                        {
                                            "map": [
                                                {
                                                    "k": {
                                                        "int": -2
                                                    },
                                                    "v": {
                                                        "int": 3
                                                    }
                                                },
                                                {
                                                    "k": {
                                                        "int": -1
                                                    },
                                                    "v": {
                                                        "bytes": "01f1a4"
                                                    }
                                                }
                                            ]
                                        },
                                        {
                                            "int": 3
                                        }
                                    ]
                                },
                                "v": {
                                    "bytes": "4acaa504"
                                }
                            },
                            {
                                "k": {
                                    "int": 1
                                },
                                "v": {
                                    "constructor": 515,
                                    "fields": [
                                        {
                                            "map": [
                                                {
                                                    "k": {
                                                        "int": -5
                                                    },
                                                    "v": {
                                                        "bytes": "264f69"
                                                    }
                                                },
                                                {
                                                    "k": {
                                                        "bytes": "8c199754"
                                                    },
                                                    "v": {
                                                        "bytes": "c6"
                                                    }
                                                },
                                                {
                                                    "k": {
                                                        "int": -4
                                                    },
                                                    "v": {
                                                        "bytes": ""
                                                    }
                                                }
                                            ]
                                        }
                                    ]
                                }
                            },
                            {
                                "k": {
                                    "bytes": ""
                                },
                                "v": {
                                    "int": -4
                                }
                            },
                            {
                                "k": {
                                    "constructor": 226,
                                    "fields": [
                                        {
                                            "int": 2
                                        },
                                        {
                                            "bytes": "56"
                                        },
                                        {
                                            "int": -2
                                        },
                                        {
                                            "int": 1
                                        },
                                        {
                                            "map": [
                                                {
                                                    "k": {
                                                        "int": -3
                                                    },
                                                    "v": {
                                                        "int": -4
                                                    }
                                                },
                                                {
                                                    "k": {
                                                        "bytes": ""
                                                    },
                                                    "v": {
                                                        "bytes": "885c4c07"
                                                    }
                                                },
                                                {
                                                    "k": {
                                                        "bytes": ""
                                                    },
                                                    "v": {
                                                        "bytes": "7da5"
                                                    }
                                                }
                                            ]
                                        }
                                    ]
                                },
                                "v": {
                                    "constructor": 711,
                                    "fields": []
                                }
                            }
                        ]
                    },
                    "inlineDatumhash": "fc99dec556f00b361cfa01f40c070d6c49982cca2efd8cac3280f9d255857a46",
                    "referenceScript": null,
                    "value": {
                        "76e607db2a31c9a2c32761d2431a186a550cc321f79cd8d6a82b29b8": {
                            "0e0b0a040110": 47
                        },
                        "eccbfb5c619673f0648a42cc2f822c81cbc34aee41274638e89a7af5": {
                            "00040801040c09": 16
                        },
                        "lovelace": 5
                    },
                    "witness": {
                        "datum": "02",
                        "plutusV2Script": {
                            "cborHex": "450503050704",
                            "description": "",
                            "type": "PlutusScriptV2"
                        },
                        "redeemer": "06"
                    }
                },
                "0708070603050204010005080502040807000000000500060505050201010108#53": {
                    "address": "addr_test1vrs2w9p3nqfv8amnhgzwchtt8l7dt2kc2qrgqkcy0vyz2sgcfea4g",
                    "datum": null,
                    "datumhash": "03170a2e7597b7b7e3d84c05391d139a62b157e78786d8c082f29dcf4c111314",
                    "inlineDatum": null,
                    "referenceScript": null,
                    "value": {
                        "3542acb3a64d80c29302260d62c3b87a742ad14abf855ebc6733081e": {
                            "01": 4
                        },
                        "65fc709a5e019b8aba76f6977c1c8770e4b36fa76f434efc588747b7": {
                            "08": 10
                        },
                        "76e607db2a31c9a2c32761d2431a186a550cc321f79cd8d6a82b29b8": {
                            "07000702": 6
                        },
                        "lovelace": 8
                    },
                    "witness": {
                        "datum": "22",
                        "plutusV2Script": {
                            "cborHex": "40",
                            "description": "",
                            "type": "PlutusScriptV2"
                        },
                        "redeemer": "25"
                    }
                }
            }
        },
        {
            "utxos": {
                "0803030404060006050507040406070103060007040505010506030007050401#29": {
                    "address": "addr_test1vrkvh76uvxt88ury3fpvctuz9jquhs62aeqjw33cazd84agz8fxfh",
                    "datum": null,
                    "datumhash": null,
                    "inlineDatum": null,
                    "referenceScript": null,
                    "value": {
                        "b16b56f5ec064be6ac3cab6035efae86b366cc3dc4a0d571603d70e5": {
                            "060708": 2
                        },
                        "lovelace": 16
                    },
                    "witness": {
                        "datum": "04",
                        "plutusV2Script": {
                            "cborHex": "450104060005",
                            "description": "",
                            "type": "PlutusScriptV2"
                        },
                        "redeemer": "22"
                    }
                }
            }
        },
        {
            "utxos": {
                "0207030501040508070104080302000500060107020703030704080706020502#91": {
                    "address": "addr_test1wpjlcuy6tcqehz46wmmfwlqusacwfvm05ah5xnhutzr50dcsj4erd",
                    "datum": null,
                    "datumhash": "2208e439244a1d0ef238352e3693098aba9de9dd0154f9056551636c8ed15dc1",
                    "inlineDatum": null,
                    "referenceScript": null,
                    "value": {
                        "a646474b8f5431261506b6c273d307c7569a4eb6c96b42dd4a29520a": {
                            "": 11
                        },
                        "lovelace": 12
                    },
                    "witness": {
                        "datum": "05",
                        "plutusV2Script": {
                            "cborHex": "46040701060803",
                            "description": "",
                            "type": "PlutusScriptV2"
                        },
                        "redeemer": "01"
                    }
                },
                "0402000601070104000401040400000200020406070007080106080601040307#79": {
                    "address": "addr_test1wz66ue36465w2qq40005h2hadad6pnjht8mu6sgplsfj74qvf8474",
                    "datum": null,
                    "datumhash": "95c3003a78585e0db8c9496f6deef4de0ff000994b8534cd66d4fe96bb21ddd3",
                    "inlineDatum": null,
                    "referenceScript": null,
                    "value": {
                        "0d94e174732ef9aae73f395ab44507bfa983d65023c11a951f0c32e4": {
                            "040603060303": 26
                        },
                        "23f44e7e83a1cd7624805a7d6d16c5fca5317aaa1da99fc05e8cdf26": {
                            "03": 7
                        },
                        "58e1b65718531b42494610c506cef10ff031fa817a8ff75c0ab180e7": {
                            "00060503": 26
                        },
                        "b16b56f5ec064be6ac3cab6035efae86b366cc3dc4a0d571603d70e5": {
                            "": 7
                        },
                        "e0a714319812c3f773ba04ec5d6b3ffcd5aad85006805b047b082541": {
                            "030308": 11,
                            "05": 11
                        },
                        "lovelace": 14
                    }
                },
                "0407000107080202010807010006060200060204030800000500040507030303#46": {
                    "address": "addr_test1wp9v7fmnj978k4ru2a48lugs62a9wv7p789fehr9nt4r54sq6c329",
                    "datum": null,
                    "datumhash": null,
                    "inlineDatum": null,
                    "referenceScript": null,
                    "value": {
                        "0d94e174732ef9aae73f395ab44507bfa983d65023c11a951f0c32e4": {
                            "0802070502": 4
                        },
                        "76e607db2a31c9a2c32761d2431a186a550cc321f79cd8d6a82b29b8": {
                            "00010208": 9,
                            "04000503": 2
                        },
                        "lovelace": 3
                    },
                    "witness": {
                        "datum": "21",
                        "plutusV2Script": {
                            "cborHex": "46030406060204",
                            "description": "",
                            "type": "PlutusScriptV2"
                        },
                        "redeemer": "20"
                    }
                },
                "0602040000070601030406040707030103040701070307020001060205060207#25": {
                    "address": "addr_test1wq3lgnn7swsu6a3yspd86mgkch722vt64gw6n87qt6xd7fs74u0mp",
                    "datum": null,
                    "datumhash": "ee155ace9c40292074cb6aff8c9ccdd273c81648ff1149ef36bcea6ebb8a3e25",
                    "inlineDatum": null,
                    "referenceScript": null,
                    "value": {
                        "58e1b65718531b42494610c506cef10ff031fa817a8ff75c0ab180e7": {
                            "": 3
                        },
                        "76e607db2a31c9a2c32761d2431a186a550cc321f79cd8d6a82b29b8": {
                            "07": 12
                        },
                        "a646474b8f5431261506b6c273d307c7569a4eb6c96b42dd4a29520a": {
                            "040702": 12
                        },
                        "bd039f956f4b302f3ab6fc7c4bac3350a540f44af81a8492194dd2c2": {
                            "050501": 28
                        },
                        "e0a714319812c3f773ba04ec5d6b3ffcd5aad85006805b047b082541": {
                            "01": 5
                        },
                        "lovelace": 6
                    },
                    "witness": {
                        "datum": "04",
                        "plutusV2Script": {
                            "cborHex": "4407080104",
                            "description": "",
                            "type": "PlutusScriptV2"
                        },
                        "redeemer": "00"
                    }
                }
            }
        },
        {
            "utxos": {
                "0102020407080100080404020705070705050302020708060508040005030208#12": {
                    "address": "addr_test1wzckk4h4asryhe4v8j4kqd0046rtxekv8hz2p4t3vq7hpegsw4juk",
                    "datum": null,
                    "datumhash": null,
                    "inlineDatum": null,
                    "referenceScript": null,
                    "value": {
                        "a646474b8f5431261506b6c273d307c7569a4eb6c96b42dd4a29520a": {
                            "02": 2
                        },
                        "e0a714319812c3f773ba04ec5d6b3ffcd5aad85006805b047b082541": {
                            "000400": 4
                        },
                        "eccbfb5c619673f0648a42cc2f822c81cbc34aee41274638e89a7af5": {
                            "0002": 9
                        },
                        "lovelace": 9
                    },
                    "witness": {
                        "datum": "04",
                        "plutusV2Script": {
                            "cborHex": "4100",
                            "description": "",
                            "type": "PlutusScriptV2"
                        },
                        "redeemer": "02"
                    }
                }
            }
        }
    ],
    "seed": 1516724826
}