{
    "samples": [
        {
            "asCBOR": "()",
            "txToSubmit": "84ac008012818258209dc3c8f85c0e2261a2223ee3ef6f9b1d725f4a172c247e1fd45b4750e18fa96b090181a4005839017b0b20c4931e5c0a077e4acde858fc52fd84542a272c388ab7e401c1b367fbaeaa33750784866a882a7d0c4507ebbf75b9f5dc5dae8621ec01821b0515536e3b2ca9aaa1581c55701f4fef24a2523e81427f8bc2ad2155f6fc410d541a2004de7c05a141381b678ee1283efa81b7028201d818586e9fa4a541560505010540402203436e0858a544be471728232423448d0d09a3404041b04257ae04a4404042ce59012044df0babc12405249f435f45af0304ff9f4344beb5429574042043ea7eb7ff049f0444d0bfe806002441d0ffa0d8799f21d87e9f43581ad7ff409f23ffffff03d81845820082028010a4005839218a5972397408172aaeccc6d160902f71cbbdb15b8fd1bb6e66858e8a28a2039953f72110e69217a43fcfc6c8acd42106d1623448d353ccbc01821b7d7b917802575089a1581c4d50a11e297e7783383bf06dd6e4e481230323bd96cd8b8d9ee3888da153f1ee6f4d6048132cc15f050bdeafefda3813621b58340bf28a9f58970282005820c0635a574dee351224337cfb48720dd31d1b6c9d7c5a0c4aa6e629170b5bebb903d81849820246450100002601111a0005911f021a000534b40485820682001a0003c5bd82068201a28201581c110607173d7af7e4de0ded64e8af5117d5f5f3f4689ba5262ddf679b3a0005001c8201581c6de3f1a776b079de5d54557a14603b668400ddf0c0dd874edff57f823a000c27868405581cbd2420808b9b9dd1988a2963b48e715cb49e006aca6675f809c6e5c9581cbc63af23c37c7542b3bffe4cbaa6bc792e0600102a30bdb5463b46565820793726acf6531ca92d20fc12c849a57362057d6694c9021be771e8211ff936b88a03581c423133662629a62daa082aeda441c2bb3e552fe775837f50afa8ee2258207c2c8dcaed217d457c047ce4a7df982accab521363f534eb00493fc8a176f2641a0004bab81a0009f9ced81e821b000003c7a36672531b0000048c27395000581df0fdc94feea5abc6c79987bde182d371b7f27b8171c3c6cd360fb192b784581c2909dd84a4f826bf57e4c3616b54e5285ef0b3b1236142c1b95d774f581c3dcef7028adf75734cbcaeb9395a4e0a186b37cb61e1ba771c0d5101581ce430e6f9cc5dc520d3179662a78fa0150f6c3bd0505527dd46f91c04581cf9998c4159f31f8ced89ec4dd662a8779dc8576d50941d7a62c731ef8682027823436e6170314369756e39545a6264784e4e646162344b6a7446356e7a4b752d2e636f6d840003440000000750050000000100000004000000070000008400074400000001500500000000000000040000000500000082027822557a31566e59416b47743273796138394e38764c374e72396b61413765762e636f6d8301f6782d425a2d78676c635467387546576377477a6d33556f346b6147455071454b794842322e7a48376d6b572e636f6d8202783a6f6c496e4849566463315a4a766233416379487565524a6d6633675a33354a4b417646723263774735485663386162754d39743772412e636f6d826f68747470733a2f2f4a31502e636f6d453a1d132e328405581cacb3a8fa4103cca9b00e1af160b936b7e1214bce7e6838071e549137581c6351475a61fce2b574a58f8f7c58779a92da0ee771f261e47bfe8670582035e09f7e149894f0bacfd178f05bb648c1b329c2f45819e461b87a322b6118ef05a1581de0415045181996079a1cec6c74598009547d971b6bad8670f9e4dd36171a00057d2d080109a1581c8f461954fe2f18fee1dca233f358907e643ff839ed1f995e4bf325e3a146a09b8b2146c21b612ace7cb4d80d040b5820dbed0b25c0ceaf9bc619b8c3b51a2455cba65e90515acb5093dd796c58b3b52307582053f8cca489a960d65b73907a5bd64c97ca36a2ab81f1dce501009826c9bdd305a50282845820ff1ab9345ef44cf0011a3fd5bcab076e918ac70147133e1dc7d8c74c6ec5263258407062905a1a55ffc39b07dabeb2e9a27205781d4fe15825c313755193b2be989b5847616b9f89cd503a8643ee106b3216c93922d456f5a64a7061601472ae4ac3430bc274412084582011c12229b044c13b4cfc573b6f13a0a3fbc0f5574b3d9deec6cfccc98ead92725840d6b292c100ed37244dd59e533dd666cf032979112b22d716ac8d4f65d3416c5804d677990a46f723cde82e89af53a7da66a8b8ba6a31ce13a5e0806c4e45db9a42ba54414f0184830300808204028201818201838200581cb16b56f5ec064be6ac3cab6035efae86b366cc3dc4a0d571603d70e58201808202808200581c3542acb3a64d80c29302260d62c3b87a742ad14abf855ebc6733081e0381464501000026010481425f83058584000a44f6b34b75821b35f5b4da663883dc1b34ee105983f2f2b984000c9f80ff821b03bb3910867d09141b41032141aa7ae5e884010880821b3155505132dbe01e1b783cdd366b7f1b8884010ba59fd87c9f0540ffff43072bb0d87b9f04a52143baa2234004439b5b7c044041f70540ff9f2242eb09ff249f0404ff2180d87d9f04a5204040428a37404295bf42fe3e44b5add69d22416aa12004d879809f0043b4259bffffd87c9f224215d9d87e9f2422410e4004ff0002ff821b2a9b5f87b6c699291b519f632ab976ef8584030100821b5323fa00b7c5e5c71b279539782ccce0adf5d90103a200a500661d6736e29ca4016a310a65e89bafe6a09034040007010d250186820280830303848200581ca646474b8f5431261506b6c273d307c7569a4eb6c96b42dd4a29520a8303028582050d82018082028082040782040f82050b820184830304848200581ca646474b8f5431261506b6c273d307c7569a4eb6c96b42dd4a29520a8200581c3542acb3a64d80c29302260d62c3b87a742ad14abf855ebc6733081e8200581cbd039f956f4b302f3ab6fc7c4bac3350a540f44af81a8492194dd2c28200581c65fc709a5e019b8aba76f6977c1c8770e4b36fa76f434efc588747b782050c8202838200581c0d94e174732ef9aae73f395ab44507bfa983d65023c11a951f0c32e48200581c0d94e174732ef9aae73f395ab44507bfa983d65023c11a951f0c32e48200581c65fc709a5e019b8aba76f6977c1c8770e4b36fa76f434efc588747b78201858200581c0d94e174732ef9aae73f395ab44507bfa983d65023c11a951f0c32e48200581cb5ae663aaea8e500157bdf4baafd6f5ba0ce5759f7cd4101fc132f548200581c58e1b65718531b42494610c506cef10ff031fa817a8ff75c0ab180e78200581c65fc709a5e019b8aba76f6977c1c8770e4b36fa76f434efc588747b78200581c4acf2773917c7b547c576a7ff110d2ba5733c1f1ca9cdc659aea3a5682018082040c82050f820285830300818205088204028200581cb5ae663aaea8e500157bdf4baafd6f5ba0ce5759f7cd4101fc132f5483030080820408"
        },
        {
            "asCBOR": "()",
            "txToSubmit": "84ae008482582001189ad08b561aecd480fccd1bdbb7e8b0282d7b791d5c21ecc24ba63b0b457f108258203648e790052aa3f6dba8895237f7ff2ba45c1fd74134368c3fe2629222aaa58000825820a3e77edcb4d103ed172cd79ecea6d045fdc2bacd4600e73da2d3bb7ab2ec1f1703825820a9f469af23f590118425c0d6bacb827e2c17fae56a1a29c3fe01d71ab53771cf010d868258204a424d5991c5fad0f4b65b1bdd7a8c9638fc73684ecb8fddfc31d847a672e4040082582090b0ec7ee4c172b307c9a07cfe81b1102df0e347f428b3fb85884b05d365991d0a82582097a7f0c9a410bd71a5208aa24184fb19fd2e4df225b73eafff66710e9579cbb10d825820adf477cfd034a36fe6b678147f5b576b736dc89a466289ed8d988bdfde73ebb30d825820be2c1c699cfc186029b14efedf312cab582e52c958871890815a028ed19ead9402825820d14a40c6469555b5dd35d503948fcd8745e1db3f7ba4cdf41e9c33ef6818bf190012818258202c9de21cdc57a744d08c77393f3d837c6b45c0e180778071e19d9efaa0ce5e570a0183a400585082d818584683581c2f00d0411e26982c98b3fc1f2dc8e2bf56a4f95a5d4ad02d80a2998fa101582258206b657974766f65786970626e7862696a6579756b6c6f78736f7169756e637065021a67d8004701821b30ec57d3a7952e21a1581c77d6efaaf215b6adb55087fe1da228aa6152b88d01564d1ea4c78bcaa14facf1c3b7c0e546ca5d1a75f14d284b1b03b3f583e6f2232d0282005820fbeaf924f12f924053db171896964ca4363acafdd6a467147dc229a11227c69603d81846820083030080a300581d7149fdff005093f6aa7e4e6867f5d315e7c446aa5be18543c3d4fbeb8201821b04c83065192dcd49a1581c105a8f1bb56444cacc86378c95421aceeb326b0fb7743e493eb82fd5a141311b56a8aba42e19c097028201d81845d87b9f40ffa4005839204377057330442047dfa98dd6f6fdeec1b7933946493c508c35c6fbb96c20a9e53fb479feb2ef32314f4e45f5b0a14792689b0596864f6a3401821b3cf860357e014cbea1581c1947dc5050a67d9ffc496f37818816137ffc680c249f5a5dd8cdbe2ba141341b2d4b29ce9da9c09e028200582055adaa7740e16e8f671acda4c37f2eb8717fdd51d50ed4589edd5c487f9a1e8f03d81845820082040d10a400583921a7014e24b44d8480f33146e739269cf67973ad2df96f168464e723d90e7a37d4a9416921f89a90147377fbaf7564f4d92ac60d170b4d2d2001821b26b103579d9a2493a1581cc86f7031d054caf0462e6dfe0811506d22414552fc583ba5633e7713a141391b41a130055d3e2472028200582028220fcfb6d70de97b2b498d1ba8e361540fea662a4d68a315c8a7fce1e163aa03d818582282008200581ce0a714319812c3f773ba04ec5d6b3ffcd5aad85006805b047b082541111a00019a53021a0007753a04838405581c00e7f084db68c44298c5e5635da3cb97808d263a3b8e397d5b0cefbb581c1a2711f71479f7a012498a5855f42415bd2d4e9de78baf0cfe6cf3485820b66be401de1c0a2991d9c439f6d613119dab0d8f2e116d38a6eb2c3a80aee03083028200581ceab3dd787a6af692904d964b54f54111907eedc9cf9ab5b2ede24d8d581c55e0edd57c81bee13ba4d0fa0d7a6de28329b9f70145cfccdae0360c8405581cb1167efe4239f4710b663e628622c18ed445df883599781073471656581cedc944fe315b117c44c56f1537ee8ad5e8a415fb63cc21f5ff572e10582072bca804920168fe0c056c583cadb391f1ca69a6816afac4376d9b9c92ddd8e408080e83581c7c2e9f77f3b80de1c3e11b22fc08d711c247cb264cc7f5e0fdd92439581cd6a0fa241bc3a9b369e26324f28778fcc55b8fb119ac476720183c74581cf81f544acfd8dd6bc3fddc5f591e1c9c2b445bed2ad37fc6915fc35309a1581c4d50a11e297e7783383bf06dd6e4e481230323bd96cd8b8d9ee3888da141353b1c43ef66607c86930b5820c4edb0bf906d697500d664fe737d0618d1b3f5df7b32eca501fd93e5a486742e075820a8563e2dfdd092c14de28a4669a9ac7924c9daf89f3612e85644311962fdaddc0f01a2008482582092c597b41ef2d20572a306d46d83374ad5f26e2deb8fd15703ac8d257f2b1d1858402966a5fbd63f5ce7f9bc21e5578bbcebc949e92f49433fa6a499f0cd6b8fde036ae2f70cf996a6da542d9d3cb772a66ed0f853478bb7a301ac1020080f3c4fd7825820e43d6e6d0b908dc935dd5ad127817215bc0cdf6fad50895b41af1ba4585b00fc584054f7e558a22e8d36c28cf12b528599c28b6830e0a34c47b6a1550ae014a317fa95151b9f93e900bdf7d41c809e6f58c936b895d6cdd90912511ee25dcae2e2b18258206d6decca63e97fd5f26b8994090482be464a29cdaf28f6ba5c7e9c97df83800e5840c0b8a3ee8549ab947fb0ae4818a4cfdf9ff3cc94ab7ebb605ee6e779a2b49f8bdd46191ab83eb6db52655fea6c93c27d37d2f2a18fc76a5aca4db835d8851ad78258208e2016e67834fb06fc605265251e424cb98e9511657109de8ff419b4c49253c258403beafa02111af99f9037637658f9e01f827f6815fa12dfcc6a79ddd1fad3978c905beb45c4b33fe6c577f423f9d51e1f3763c5640587195c3c8d22c027760f040483d87a9f9f41b9d87d9f440ef2ddef4486f30eca040222ffffa30544de2a360aa4210043fca84c01030042958c03d87c809f447a7e269823411743db50f8ff44257d8f90ffa34042552205a0a19f0405ffa0a343857eb502d87b9f240324ff9f042041f722ff02430e66739fd87c9f22a50441c0427b7343e8fceb44bc85fae9446ee0faf620416824219f402323433e4fdd441949e5c0ff4176fffff4d90103a300a50002020106670107f3bb9e851a0ba3854137210443bdd4326147a3056643f482bcb952206df09386a9f484bab2f3bea0b106406cf48b88965946212ef3b387b4444c98f033446533273ba165e685a82e352444efa62f820e665cf0a787804f01848202828200581c58e1b65718531b42494610c506cef10ff031fa817a8ff75c0ab180e783030080830300808303018382018282050f82040482050c8201838204108200581cb5ae663aaea8e500157bdf4baafd6f5ba0ce5759f7cd4101fc132f548204068200581cb16b56f5ec064be6ac3cab6035efae86b366cc3dc4a0d571603d70e503814746010000220011"
        },
        {
            "asCBOR": "null",
            "txToSubmit": {
                "auxiliaryData": "d90103a100a408230e400f8323a240400404615d108383431ba1004486fd4ecf613fa3662df48f95a94b440682cf142264f0acab9b40408366f093908364706b2df0ab82b9267bf0a1a6ac44100f429b",
                "body": {
                    "auxiliaryDataHash": "811b8429213b1276992697ef0453fda2ebcc05e0d4f931c1b4888dcc162e82fd",
                    "certificates": [
                        "83028201581c9216252ee7c431b45b70c99486dd33e9cf4a4d2970f21a8bb0454688581cdb3f453b3d38896bd6d0a6753669cfd4db872cab2c2ab8993a7b0bb3"
                    ],
                    "collateral": [
                        "318ff558355f5e6ed00c4fdb8757f1f4818c5a3f4e0041296aabb25a5f024d78#1",
                        "413a7d5d7cc3ece5cc9194104f00506b16a0f6dd3ed63a4f59826d9bab7c9e25#3",
                        "424e8886552aca1ed975b8aad4ab2e7eef94ec8b82d3f9180064e86a2e0d7075#4",
                        "575ba9090b44f051003256c7d2721c9cf9fd23fd8b4d5da4aca4e6735270e505#3",
                        "f7a5185456a90b1464d0cf26cec735dfa1ea57b534e672e10d55760cf5e87a6c#15"
                    ],
                    "collateralReturn": {
                        "address": "addr1x957nrzpxy99tv3ha8xwap8956p0vkqvf75tr0rd7fapc0c4zesenu6ndj33jrwe9ac68gvr665ghd70geu7jzsn6m2q35yxl3",
                        "datum": null,
                        "datumhash": "dfab01eccae1d04a587e6ed42122da0785fc5494fdc54e3e13ce99edfe7469bd",
                        "inlineDatum": null,
                        "referenceScript": null,
                        "value": {
                            "467f58932b54910584a0e8ea25a225e06a14530b2e96e938c53a3f22": {
                                "ecd364e56b25e0729fa125a3af72": 4015031404253459177
                            },
                            "lovelace": 5235692140762603367
                        }
                    },
                    "fees": 802038,
                    "inputs": [
                        "cad05634281759c94cf908d1f4157b35c5df70ceca1817e69968746cca23d40c#10"
                    ],
                    "mint": {
                        "2e12c5e499e0521b13837391beed1248a2e36117370662ee75918b56": {
                            "6270aea0b569639a72146a8d290f84c507": -7787830755591180617
                        }
                    },
                    "networkId": "Testnet",
                    "outputs": [
                        {
                            "address": "2RhQhCGqYPDpr67Vqp1Qe5JSwmeJxmmd4YaWzmP1G8fikc5cC6Tq7JnPrDKxZZvTWfhFdxjatbjF1SjFxrCyBozKqKvvKaLW9YNFA5vNV7Bzum",
                            "datum": null,
                            "datumhash": "1a872e570a93d0369cc8cf5792b2765f8af31bc876a78c0d4463171ad2e40e8a",
                            "inlineDatum": null,
                            "referenceScript": {
                                "script": {
                                    "cborHex": "8200581c58e1b65718531b42494610c506cef10ff031fa817a8ff75c0ab180e7",
                                    "description": "",
                                    "type": "SimpleScript"
                                },
                                "scriptLanguage": "SimpleScriptLanguage"
                            },
                            "value": {
                                "467f58932b54910584a0e8ea25a225e06a14530b2e96e938c53a3f22": {
                                    "8f18246bb41fdfb5ab4ed739ee272b5ac0319e1f47ebc3879e7449ea9023": 3963223140046184707
                                },
                                "lovelace": 9203865033776843233
                            }
                        }
                    ],
                    "referenceInputs": [
                        "05e92c709180080885dc584efe8ec22aafd4574d03106d36333c6599783b94e2#12",
                        "2b5554a0e657aa6f2f7ded77cdbb6d858299504e0fa0f0539f342911835503fb#4",
                        "54f10837be3201b5e8e8c10ba11d2b59c68f9929b8f596ffc71137142eb25fdd#13",
                        "5f52eabf3106c74ce81a309a383646ccc71c462aa153ad01bcfc671d0c6fee16#1",
                        "f7732b5e38a5f6c1bd03d70e6aad1a637f234fcba8948c80cbba2a4463a5d9fa#15"
                    ],
                    "requiredSignatures": [
                        "914c6663f853103b09e8169a956e303a254819043a879836999456b9"
                    ],
                    "scriptIntegrityHash": "2e8e28cfcf6b199146000b70f47d700cf574c59a2b4aaf2d61f9f8191eaa584f",
                    "totalCollateral": 307843,
                    "validity": {
                        "notAfter": null,
                        "notBefore": 0
                    },
                    "withdrawals": {
                        "e007b9961b45ebff8baf0e9a554e4c90821437ebe1c0764ec9d3a88ce4": 159630,
                        "e0bb4f3d7a4787262118b831d0d5fb1f62f82b5ab4daecf478480be205": 141788,
                        "e1e51571a042efb26d467ade5f3a58b6cb05443fb1a72506e1c2932860": 143803
                    }
                },
                "id": "2e0024c6cb9c504c0aed488f9bbb5c489a70096abe4a138f90355086981649d8",
                "isValid": false,
                "witnesses": {
                    "bootstrap": [
                        "845820300fd7040877a77051cd230e89de4403803717d8c8b257ba4fbcceaf1a24af8e584057f1a36b062ff0fe94bda35c61b6bd42232c72586eefeace88242a2642093c8c1e56aa8421d0fe8cb87909856a2c990814cce8e142af4efbed957e4227e9d373453c2567b62f44bb05187b",
                        "845820b317dfffe115cf8867e7bf7546a4f5e6e6b556289ff8a5a6e5248c200cf3708d5840daaf6123f0e1de93e49c7c2e1379fb2b757e9af0fe8d339a00ccdcf9bf29ed42bb159a06d18c4480653ecd54b032c2cbd019d9c066db00365efaa32ee578926b4218e9411d",
                        "845820297bcb50aaa05155836bf9af86b35a934b5ebe2c5beb48f411aea3014ddcf842584010ee95f0b0e397e372633e5c76f91011da402f7197ab51724ca8282fd68ade6bca66838fb997a04fc0a7d943697d3e5dd4821783185eed1abc5eeb191ca0c48a4040",
                        "845820eb9d521564a8f6f77f25d5121bce25a95a2a23cf6e65f3fe2305523ecf64d0f85840f68a5e3da0c7d59d5446ead56b0226f557f58ae39aab1676856b9f7567907c4c7de19390f1541b3ea153a300ea42e1c14bef131c2c80bbf8b0ee68cdda8ce039438f67cf40"
                    ],
                    "datums": {
                        "42bcc4660cdc5b962d79b0947227a9efae726144971b1d01ac6518d2d87ce42a": "d87b9f444234ea8c9f03ff21249fd87c9f42cb4e040243262afb02ff209f044042a7f7436e9313ff9f425979ffffff",
                        "bb30a42c1e62f0afda5f0a4e8a562f7a13a24cea00ee81917b86b89e801314aa": "02",
                        "bd749783382a28c353ed41aaedeca240be92eb515df75fec9a17cf94f256cb42": "a24021d87c9f20d87b9f4386389f0344a0c27a43ffffd87c9fa42044654e4a600240212041062244e414c91480ff",
                        "e9aae1a9b32e5cafdd6103a81b399970415a9f9cf72aac42f7b8b77372440e2c": "d87e9f80d879809f8041a2d87a9f4256cc24030424ffff4020ff"
                    },
                    "keys": [
                        "825820662e9a1f9bb6ffccb6f526db0237cd6ff056fa461f3bd22b441681ba325a639b58400f290fab5ed6e4327971344a6650ee94d70d948dd803d16df0644ebfa6209b808dca08d6d738d4207edc86122ad7f8da0e025181b1ed18e22062436c5943af01"
                    ],
                    "redeemers": "85840003d87c9f9f4425f6b97f804340826dff9fd879809f41f54189448a1d1ac54040ff01ff9f9f424aae41d8ffa423438aae9f05024169402344895a3b1cff02ff821b2f20873b153782cf1b0ccca5ae5785920e84000fa2d87a9f9f42cddc42e5d64190439b5290ff0000ffa2d8799f4040034490e50bc203ffd87a9f421259202420ff9f054296d60544e5843bf4ffa14398d4bc449618b0fe2322821b409e1c9c1b411f961b6382f4b49bebf27684020703821b5f220ea137c836a71b4c3cc0085fa8eb18840308a5a040d87e9f409f4495393b7a2143facdb4ff9f2242201b41b0ff4005ff444abf7ce00105d87e9f21a443368b002444fc528d2f42bbe744c0e0ce88000543360569a001a305000241ab2204ff9fd8799f040340ffd87b9f4422ab005322ffa224448f59f79b42e3694040ffd87a9f44358d649122a541f00142ac0102415501210242396f4157ff4221b7821b4c7d6de6306aaf6f1b63358e9ff7fc198c84030d02821b2ed9c406e0de345a1b45a8763d0e4dc0b8",
                    "scripts": {
                        "075a75b978320f70e61de8c577eb4122eff6a55a9c9a917565482487": "8200820184830301818202828200581cbd039f956f4b302f3ab6fc7c4bac3350a540f44af81a8492194dd2c28200581cb16b56f5ec064be6ac3cab6035efae86b366cc3dc4a0d571603d70e582050982050482040e",
                        "656f1d4c0ef744051e296931b9c0892cbe0796799bb86086aa091487": "8200830300838303008083030084820401830300848200581ce0a714319812c3f773ba04ec5d6b3ffcd5aad85006805b047b0825418200581c0d94e174732ef9aae73f395ab44507bfa983d65023c11a951f0c32e48200581c65fc709a5e019b8aba76f6977c1c8770e4b36fa76f434efc588747b78200581c0d94e174732ef9aae73f395ab44507bfa983d65023c11a951f0c32e482050a8205058201848202858200581cb5ae663aaea8e500157bdf4baafd6f5ba0ce5759f7cd4101fc132f548200581c76e607db2a31c9a2c32761d2431a186a550cc321f79cd8d6a82b29b88200581c4acf2773917c7b547c576a7ff110d2ba5733c1f1ca9cdc659aea3a568200581c58e1b65718531b42494610c506cef10ff031fa817a8ff75c0ab180e78200581ca646474b8f5431261506b6c273d307c7569a4eb6c96b42dd4a29520a8201848200581ca646474b8f5431261506b6c273d307c7569a4eb6c96b42dd4a29520a8200581c76e607db2a31c9a2c32761d2431a186a550cc321f79cd8d6a82b29b88200581c4acf2773917c7b547c576a7ff110d2ba5733c1f1ca9cdc659aea3a568200581c58e1b65718531b42494610c506cef10ff031fa817a8ff75c0ab180e782040982040e",
                        "750c51a9eee3b5c7161d4d61ea3d8d0aa0a17852b5593b3ba1a23d14": "8200820182820182820500830300808202818200581c58e1b65718531b42494610c506cef10ff031fa817a8ff75c0ab180e7",
                        "a0d442ce189bc932515c85be74ac939df19ea8450c03030234790921": "8200820501",
                        "c370d10724c6b5a2448af41238e024ad470c0139da7f4b8527a47d74": "82014746010000220011",
                        "d3186e999105b73257dc402f673a9cbff526393137404b2def73af2a": "8200820184830301848200581c76e607db2a31c9a2c32761d2431a186a550cc321f79cd8d6a82b29b88201838200581c65fc709a5e019b8aba76f6977c1c8770e4b36fa76f434efc588747b78200581ca646474b8f5431261506b6c273d307c7569a4eb6c96b42dd4a29520a8200581c4acf2773917c7b547c576a7ff110d2ba5733c1f1ca9cdc659aea3a568201848200581cbd039f956f4b302f3ab6fc7c4bac3350a540f44af81a8492194dd2c28200581cb16b56f5ec064be6ac3cab6035efae86b366cc3dc4a0d571603d70e58200581c65fc709a5e019b8aba76f6977c1c8770e4b36fa76f434efc588747b78200581cb16b56f5ec064be6ac3cab6035efae86b366cc3dc4a0d571603d70e58200581cbd039f956f4b302f3ab6fc7c4bac3350a540f44af81a8492194dd2c2830300848205088200581c4acf2773917c7b547c576a7ff110d2ba5733c1f1ca9cdc659aea3a568202858200581c4acf2773917c7b547c576a7ff110d2ba5733c1f1ca9cdc659aea3a568200581c65fc709a5e019b8aba76f6977c1c8770e4b36fa76f434efc588747b78200581cb16b56f5ec064be6ac3cab6035efae86b366cc3dc4a0d571603d70e58200581cb5ae663aaea8e500157bdf4baafd6f5ba0ce5759f7cd4101fc132f548200581c58e1b65718531b42494610c506cef10ff031fa817a8ff75c0ab180e7820504820280820510"
                    }
                }
            }
        },
        {
            "asCBOR": "()",
            "txToSubmit": "84ad00838258200d10ca6e2f35c3ee949ca5b67dd8b240794aa81b5fbcc2212b131724cd70d29b02825820fc547891462468ca1cfc715488d4c1b9c911d99446ac3a3b735f43c688003fc701825820fc8cab857f50e9bdf0007a69cd6c3f23f4d23cef2e876e7fa00e19c8f69874750a0d85825820236c2f97277223af79505c8cf9358bcca9f94ea41701b86eddc2db70f2726ac40282582036b4288cbb386e4d59a2b2d9ac618049a0a7eda332202fd4d9bd748909de67de0e8258205e3edd94356a0dc66fef65b6d89199bb899251c44d2290950e933617a7475b1810825820858b3a299c67960e118656703e45052eb3cb1bc7e9c0614326250f3c3970e0dd06825820ce219a495687a4fd78d737929fa1307f3a4354e895bb52d79cb7f3d93ff060990612858258200588d46d56ff130d22a205984700c0ce864d21ee8be532c4d532d53694269fbd038258202f56ade5ee9a29e7bc72d819203c52e68ac93a670ca9b3171df62fb44ce57a5b10825820511330e5f093095f0ad333637917694d9969f27825e6c6cd1abda1eb0d2298cf05825820c209c64fbe7212931e435f667c923b146e7054c5e22bef4af9fc5d72cb7283170d825820e8c41e7eac6d70e53f6f5c37291a9a587e807a64bec1313d01c1293188b74cc8090183a400583921251fb8f8cca6a41bab5ad65f7a793296646107afb786c8b75d75a30b164aaf4dc1dd2758b75453607134f09fc9cef782ac3c82a28804179701821b3d35bdb1d0d8ee22a1581cd306c3d48619182b7de78ad92c186b6637c311bfda51833024dbf83ca14c16f1e74ff7a700dcfb7bf3b11b03d44f062a7e34e4028201d8185847a4d87a9f9f23437f897d0540ff411fffa29f04ffa423004359a22d4200a7034042d6ee01a120209f24439413b843bc4bee03ff9f2380ff4310b1124285a742098444cd2947348003d818458200820503a200583910e0c0b3ce92979eaa90d881000fe85fca0b9349545fed486e6a78777e7eae320b7690a134ecb4afd49e3b9caa5bb2752464253e41e40b284101821b00cd60cffa532f6ea1581ca9a911c033b89880a9b58b4fbb5aabfc0f94fef84e95c6640fe13e43a1581a4b079f514125c5e7c6c814314e4055c46f1bdf441a82a252a6461b476c9932ae13d429a300585082d818584683581c909aa91faa507140257998e9804d3c6ead1d2582413a95cccc071b14a10158225820a2dd82098ffd24fab0327856c9f9ff10879d4bec252837cca71e79c41fd5d992021a3d3ab0a301821b6fdfa4d4a127158da1581c4d50a11e297e7783383bf06dd6e4e481230323bd96cd8b8d9ee3888da158193325d464f35a74de7f60352c7c738ff51784253e6aa4ede3d61b2fd8b17d1b446bb403d81859010a820082018382028482040182050f82050382040482018182040482028482050e820404830302838200581cb5ae663aaea8e500157bdf4baafd6f5ba0ce5759f7cd4101fc132f548200581cb5ae663aaea8e500157bdf4baafd6f5ba0ce5759f7cd4101fc132f548200581cb5ae663aaea8e500157bdf4baafd6f5ba0ce5759f7cd4101fc132f548202848200581c65fc709a5e019b8aba76f6977c1c8770e4b36fa76f434efc588747b78200581cbd039f956f4b302f3ab6fc7c4bac3350a540f44af81a8492194dd2c28200581c76e607db2a31c9a2c32761d2431a186a550cc321f79cd8d6a82b29b88200581c65fc709a5e019b8aba76f6977c1c8770e4b36fa76f434efc588747b7021a000164d5030604828405581cf8cbf040eaf509334a041e1ccdf509919a5117aeec96eb5c2de1833a581c854a3db63072f6c7bdc92128d6fa386e7395046c6d50ee4ab57be6ce58209790023e84ad8a05be9123f202e1eafca64ced97ef06524f7e29f533a49d8f428304581cd510c96a99250bfe5635032b42aea58efacd4a1d23065f593480039e0405a1581de1c2aa69e4e24c9580c0644780c72fe5c049a1c169ca26784693b136ef1a00071062080c0e85581c411501e012e97ba18c9bfa34efb030985d7badb514d5fab154c5da20581c632fa40cb07be712c819948be0395d6186bb33bb03244d653fcd5cb6581c813c1a6d177edbfbe7d2d9071441bdf3a8a0c2601c8f307d1b61719b581c8e1ed7bec9cd9a2885fd9b09f70f9808c996b061a89b7a789561eff0581cb150ea9027107709a8d966c3f3f00db25cbbbcef47f26ce1bb7a4a4909a1581c2e12c5e499e0521b13837391beed1248a2e36117370662ee75918b56a141621b173d5752122ebf63075820465c473aae2500ef9c0192e146584a5c658f1c29c04738fd7e5a810bdfc5bc370f01a500828258205a952789eaa7b25af0eedfb385209eb4d01ef8316b40a6d249fe0dacf73c11775840b368522f13233e0d3a16032391ca23eab3d677a96cda8025ef7f74e68ba655dadfee831bab9faca8e9517a1fb856f34ff1433fd4b95a8ef4bee2998625fe1fc8825820c79fe453a887902d8a8fab55973c30f6c229d69f19fd6ca340b69d0df6d1ac3558401eb94e5dcd237f6d668f92dc44d43b1645372b8df790a89dd5a0888efd071fb7e041a364ba82017b496d2a2825c86f71d3df1fa9ab669b42105b423cc7a1545602858458209f003d4c4caf879ec5eaed182de669968f7f0a8f572e7e97553e71a3521e71ef58400ad1f918a345683cc758be1d078749ef2760a96dda2280a367a15ff9ac0b987ccf3082fa6cf9f133eeb1c0ca363bfb8f0edd6cf551115d40e655793fdd5a7e9c43bba11944d7695b7a8458208c0774c50c66f65135cafa8e2cac874845e67303f0f12a4b57796c6c0419a90058405626c9c2ac464960a0474de3aa3f115929c6a48321133d772c62dceb30950d5648152c3a96be7c8fadef1e1f043b4c06854137ea263d093738056a2fb9a804c544469b64b543abf45e845820bae4a0ce59690014c7c38ebee977cfa00c281e92bb3abd0d5d6d09aaf831128858407be61b6039faf09a0c4a53218d4d0965e6a48392a4f0b25615594e08dfb4243340e3c76091ac35d7894846f6d584e13fee549dd08c6f57bc587a2ce0cbb790ee448a2d93bd41c684582064d10d6d611a4c0232cb5b9eb34aa7ddcd91e1f940872bb371da70451004ecc1584024752f59a3bfb779116e123ca6ca74c8fe67896c867ae6d32add22c86f20bae15458f6a6e50f854634b59af636596ae25807e2b26084293a47060c409a426934453acbacb0d344da0ce57b8458205ce5cc53bae3f831f4df101a107e9318d49490ac6b42f7e7a5119ca0e70abea45840035eac5bccb1d830afc722c3bf006e04d27a19848472d3b43e6193f29dfc30199965ddb362dc6c3591097f6f7f7667226706490369b806d90146719e7a00947d4041b401848205078202808200581c3542acb3a64d80c29302260d62c3b87a742ad14abf855ebc6733081e8205030483436363fb23d87a9f422d068024a5d87d9f41a9ffd87a8043769b0542e05921d87e9f22ff41ae9f220224ff23d87a80ff058684000c03821b60b46b43202d138c1b515830d5f174e0d48401019f9f2344a0e5687902a42140428914402440420fe0424875d87a9f022141db4379a1ba437af9b6ffffa39f2421418b40ffd87a9f05ffd8799f22202303ffa24023214145d87c9f014042dda6ff9f00ff4183445c14cba6ff821b27094bbcd21f06bb1b26e68db8a526696284020fa3a141e0d87e9f00212123ffd87c9fa3448dc397e20123400203ff9fa244ee0f590d4164034195ffd87d9fa3050341744392c2442440a4449430cec643afe1bf4044c2bf6f29429f58421bf80124a3204042ca350144887e61664005ff41cba2d87a9f43a2e90300ffa34375e57c23411d41140101443a3590b1a50043bac4102241e64466421b9c432e6bf2240023429330821b689827d53df3e0cd1b5d31f21a4802ad93840305418d821b2c6f82f0ca5069d41b108ce6336da2f7a784030e9fa0ff821b23cbf07e1f68a2691b48ef5451d966ef8c84030f01821b614f317a1ccf651c1b42b6c4369df05badf5d90103a100a601834023210444c566ae3a05826438591c71600645afa977255b0da00ea48140a1030144e2346475a04310800b8368f487bdba043f566763685869665ff48faf8c53a14240f102a0"
        },
        {
            "asCBOR": "()",
            "txToSubmit": "84ac0082825820238a53e2234d1bed78a8f75f45b4ac2e867f49416839b41086f7811025542e82028258206ed401d0ed4f8dd099df78e55b96a2bb8ff0c9a7c6d87734084b64d0c00e3945090d8382582029db288d3825f8493d18682efd226ee488c8de9253972dc2f77d5b2b5a3011df04825820913ca6c7dffaa1502b8aaa711874a3b25beb1d5e2485ec2f07542fe988e5089105825820b40221446058db78655292e13f9a177b4379b57b181a8ab4ae095206fb06b5f10312868258200765e25552512aef0f349dcfee20efaab8e1ce3e559cffb83bd6d4b88f3b64ec0a82582022da55e3e3a1b4533bdcf492a2bd8ca155ae0f8815b88f3414c24f8fa305b2bb108258202655b3ba025d16381307546eba5badf3ec11020e99988752858cd24607ab6a9a068258202d4b15209f819cccb0d192b969a00499f8fcaf08b1805ce59753a7bcaf04e9e40a8258206442bf587d2549b73938293919bbf003ac4cf229a74503e5045007c56aa7091200825820efa63ea446afeea260c17d44c09fd8c1ab2496b2d5cc30b473f4a177673983a8050186a400583920ec4ddb55c43128206bc14740c29e4e79e6f8a165a8c1bfb4140615d3043f135e38a198fa84debae79bbe030b770ec1bb6f21bebd774fff7801821b7d391dfec22e781ba1581cb0c53e2bf180858da4b64eb5598c5615bba7d723d2b604a83b7f9165a1581f6e427eddb401e9e24f7d14cdaa75d7acb8e3112a8f783f3e18fa371ebf14e21b07f8d8259b829449028201d818412203d818458200820506a400583910da5a7549b5e3155f70681053405eb09061497d6110d0d52b99a377bc10c6f831424ea904b21093af692b13848acdd82de6b29352c60bf5a501821b41e4e965e0edbbc4a1581c105a8f1bb56444cacc86378c95421aceeb326b0fb7743e493eb82fd5a154264874cad1f6e636125e6ac1b50d2ed5ba4799e21b3e592ab05d39cf8e028201d8184241f203d81858928200820281830302838205018204038202848200581c3542acb3a64d80c29302260d62c3b87a742ad14abf855ebc6733081e8200581c76e607db2a31c9a2c32761d2431a186a550cc321f79cd8d6a82b29b88200581cb16b56f5ec064be6ac3cab6035efae86b366cc3dc4a0d571603d70e58200581cbd039f956f4b302f3ab6fc7c4bac3350a540f44af81a8492194dd2c2a400583931da701cd32b8b76adc71b36db54ac471f4ca7232c7475ea34028975ef8f3a23e0bf1f59e780cd5a394828c0f07de3aa1fc98eae7762652f2501821b5f20a59dd5725639a1581c2e12c5e499e0521b13837391beed1248a2e36117370662ee75918b56a141331b5b7738e30d5b8c6c0282005820d19e165c6aac613cbc2a725543a37b6facc4821041aa1f9a9e59276a2c41261903d818582282008200581cb5ae663aaea8e500157bdf4baafd6f5ba0ce5759f7cd4101fc132f54a400583931063531d6604101deb85a73c6118deaa93f961fc1e683fd088d314902633e8401b0f64d046b85002c59179ad9650f0f9570a50ff42d950dc301821b7f231790ac1b6a70a1581cb0c53e2bf180858da4b64eb5598c5615bba7d723d2b604a83b7f9165a141361b29c71d05c36c6354028201d818414003d81858b28200830300818201858200581c0d94e174732ef9aae73f395ab44507bfa983d65023c11a951f0c32e48204048202818200581c3542acb3a64d80c29302260d62c3b87a742ad14abf855ebc6733081e8200581ce0a714319812c3f773ba04ec5d6b3ffcd5aad85006805b047b0825418201828200581ce0a714319812c3f773ba04ec5d6b3ffcd5aad85006805b047b0825418200581cb5ae663aaea8e500157bdf4baafd6f5ba0ce5759f7cd4101fc132f54a4005839218e945ae39f2cd3b458c16efdcfff3794a7756e8e881256c409557a43039d0c86641a14b239a101e9e273ba5c7ea379c340bd055b4eaee4e901821b5bc695c52a5a5ed0a1581cb0c53e2bf180858da4b64eb5598c5615bba7d723d2b604a83b7f9165a14ced5e4e4e66e7fe1ab027f1581b34a59c16bd95dd7902820058201e54d53574709b94df7cb71109bcb6b87c19c7fb2a1b652c7817fd3390f624f803d818458200820401a400581d710dcef92d1004e742380203eb0362195f96a90524e6da15ca4522155001821b2285be629e939b47a1581c2db8410d969b6ad6b6969703c77ebf6c44061aa51c5d6ceba46557e2a148ff10e602b0f706c31b43c9a4d7b7e9988202820058206229ac60ba3abeaa8c4cd78e0cf4a795e70f71f70960b2e6c0f236dfed17adba03d818458200820505021a00036338030805a2581df1b9c28d08ef8b9c0782f241165cef72fbf4ee3ad9186498951ce3d0071a0002dc0c581de1ffcccfd3b47e6f1d52c1e1c178115d4b460bcb5c7b700900271b994a1a00067a94080d0e82581c3df45eed1fac4af9ca5a7120be86351d4fb03ab7bfa7d9beba190092581cd06c172f213c198d0d1b89e1e95e7e57f215d351731d1b3f05b33c5609a1581c2e12c5e499e0521b13837391beed1248a2e36117370662ee75918b56a141393b3b74b1dbc91a45a10b58200c770254e380441fd391a483e5a2807edb2b810aa56d99e87ae52280d3738059075820299edb11d5451264cbf939d814a52076f7dc0900abdaaecfd9a6fe7df7a646d5a50086825820b13336cfd0c17a5ccf773a76346f8e2d391afcd193e2aec37f7c1a0069c6c08458407112870f849fe9698dd6192d5b58d0046ee7bb8172f2aebcd0fb1880960473eb5e113a306f5439ea6aec62ebf45b505fc7dfbdda402d2ce6737027f0fbe38d878258203c85bd3a0e4ba72a66b43c2ca025842df1fe0d2d90142b4d3da2e50a793acadc58400a6b2ff443a06406758c7e1b74357566b4fe70974aca9200b4a0eb6c9d6e5dbefd32ebfd686f79bcd3faceaaa69b8557e181d414fe3213b3109ecba963f10652825820e8e457d321d6762245760c02272649a113ad1dc280db50b3591f6ee246200fdc584091496499c1ddfe884e8ae63dd28eff362c3551343baafdc467577f9bdb3cce3120907851a395109f62f7e5c0af4e2b491ec0b5c64af5c1b8314129311fec71fd825820ce9567eb5b635961c7568d333a10c9cb7f388185063277dc3118e943179691a8584039903c0a522b4a55cb3c3703e6aa9a2d1e3b2eca4ddbba4877d602905b36cb7e28bbeadeb07b98a8fd4db18bd6b7e0207a9dec20e1d35f24a65026a387f0f0cf8258208a9e5d9faedd4733cf06a32586f4326afb5fc1343d01446059c953485a0a5dd058402bf541ebd1679e0c56113237182f001f765259bd9ee855f796d890ef344046f0eaebfe772e8b6c4140c733524477969d51465530c7b415adf77315bb08fe7075825820223442465fb79897305b4d44ce0e5a28485d34acc26fba489ef4938a53fd135b58404d2005380a5c39613488d344f9b9eedb3c93dde5d45a6091e15391bd33dc9530b6a8a61c22b461d6e23dce39768bd6c8603b3316959f6e3fcc69e0fd2e7c640902868458206729b7b443c4bc10114b9cadbb3aab9446216712b5b2193dcdd950447a1e2d1d5840a2724c42c67b2b13ea79775f9ded40cb6440a206b04396db974f0dfb2e9bc30adca30fd053c14cfa0cdb2f9f67ba9e47cc5dd2f7133b47bb908b6766915cc42f40408458208978ca95d65724fb67056d29ae0144e5c80c5c86ca49b5e6b3db1333d20ee59f5840c25b604ef83b50ac2a3e75e34c95c5ae7f8931a13dbe6bce030eebbd065536e82eb0867ccc1f65dd3d5c8d4ef22586a739cb33336fd971d0c7c3d475b0f8097944001aa5ec43f9555f845820376c4efa5095bbad677fe67f5684db5c2ceb331e4090c3d60ec377be559e11745840eda9c8558e6064fee1235f570f9af6139c73bffa7e917f1334f6fbb361f02f63beb7eb23386da7a07d50f7f02e23b5303b0ec0a559e32fda44dfa633ab44605a43b60a69423208845820681b452625026d6bb4aa454819a57d8844e5c0c7dadaaea81328c431c5d27ae65840d83ff30376fc5c6f2c33b6f5d32cad1b25bc421e474b078faba70aa84256f64468681df295a627bf635c20b2dfa0b32f6d32bd250cfc26346227b5343a51d61645d1f54baf2541a8845820521b75b938672d50b3edbcee64caccde045d1419dd36d5eb40719dbdaee6a68f58402c6b89616ff1ab1329a5e44aa70f2720352b696aa230de25d0c4f51bd6096492d3160126525eda0a27e2c707af58c2f86e3ac4ac4c5864ec5116c7759fe6614c4328ccfc420d748458208b831f46ba76009b0ec4579ce15b34f733fcb11c8d5b3fb92c05dfe8d743942e58408d2f95d4a7b351217283ca8612d738f3754707b3e20421bb4802006e15442e4b022554b290048bde0fffa73d2cf4b749ec050de3bce383e1b3a01056598678c04334a9ae4001848205068303008282018582040d820180830300848200581ce0a714319812c3f773ba04ec5d6b3ffcd5aad85006805b047b0825418200581cb16b56f5ec064be6ac3cab6035efae86b366cc3dc4a0d571603d70e58200581c76e607db2a31c9a2c32761d2431a186a550cc321f79cd8d6a82b29b88200581c76e607db2a31c9a2c32761d2431a186a550cc321f79cd8d6a82b29b882040e830300808204068202818201818202838200581c58e1b65718531b42494610c506cef10ff031fa817a8ff75c0ab180e78200581cb16b56f5ec064be6ac3cab6035efae86b366cc3dc4a0d571603d70e58200581c3542acb3a64d80c29302260d62c3b87a742ad14abf855ebc6733081e82040b0484a244b90f41add87a9fa205052305d87d9f01052100ffff23059fd87e80a420a444c3b980f942e583422b22400404212042372b0322a3438f6fb323444f4ce945404140409f43f6870e24ff04ffa24080a04115d87c800582840205a120a141bed87e9f2142e3ab01446fbc98dbff821b6e62723366aa26f01b4b6064be248ab8fe84030503821b4135924b8169e9ce1b5c8979e6692c11d5f5d90103a100a305a14185450bd0fbe8aa0a400f6b6c15f481949726e9909144"
        }
    ],
    "seed": -597528150
}