{
    "samples": [
        {
            "apiHost": {
                "ipv4": "0.0.52.115",
                "tag": "IPv4"
            },
            "apiPort": 1335,
            "chainConfig": {
                "initialUTxOFile": "c/a/b/c/b/a.json",
                "ledgerGenesisFile": "a/b.json",
                "tag": "OfflineChainConfig"
            },
            "host": {
                "ipv4": "0.0.54.188",
                "tag": "IPv4"
            },
            "hydraSigningKey": "c/c/a/a/c.sk",
            "hydraVerificationKeys": [
                "c/c/a.vk",
                "a/a.vk",
                "a.vk",
                "b/a.vk",
                "c/b/c.vk",
                "a.vk"
            ],
            "ledgerConfig": {
                "cardanoLedgerProtocolParametersFile": "b.json"
            },
            "monitoringPort": 13674,
            "nodeId": "ryrhbaidxufkqcddlvkv",
            "peers": [
                {
                    "hostname": "0.0.0.4",
                    "port": 6
                },
                {
                    "hostname": "0.0.0.4",
                    "port": 1
                }
            ],
            "persistenceDir": "b/a/c/a",
            "port": 5745,
            "verbosity": {
                "contents": "HydraNode",
                "tag": "Verbose"
            }
        },
        {
            "apiHost": {
                "ipv4": "0.0.50.71",
                "tag": "IPv4"
            },
            "apiPort": 7625,
            "chainConfig": {
                "cardanoSigningKey": "a/a.sk",
                "cardanoVerificationKeys": [
                    "b/a.vk",
                    "b/a/c.vk",
                    "c/b.vk",
                    "b.vk",
                    "c/c.vk"
                ],
                "contestationPeriod": 3390,
                "hydraScriptsTxId": "05a4347434fb41a590f4f0cf20f37686bbf9824bdcdb26e2d83ec97b9576a1cf",
                "networkId": {
                    "magic": 5334,
                    "tag": "Testnet"
                },
                "nodeSocket": "a/c/c/a.socket",
                "startChainFrom": {
                    "blockHash": "029a1c9d7c5df3d168e357de86c04c1990aa9ad8d9b272d5d4716860bf7f9421",
                    "slot": 14554699,
                    "tag": "ChainPoint"
                },
                "tag": "DirectChainConfig"
            },
            "host": {
                "ipv4": "0.0.60.167",
                "tag": "IPv4"
            },
            "hydraSigningKey": "a/a/b/a/b.sk",
            "hydraVerificationKeys": [
                "c/a/c.vk",
                "a.vk",
                "c/b/a.vk",
                "c/b/a.vk",
                "c.vk",
                "b/c.vk"
            ],
            "ledgerConfig": {
                "cardanoLedgerProtocolParametersFile": "b/a/a/c/a.json"
            },
            "monitoringPort": 2280,
            "nodeId": "mjykhvgxgpdjktbhttouropa",
            "peers": [
                {
                    "hostname": "0.0.0.5",
                    "port": 5
                },
                {
                    "hostname": "0.0.0.2",
                    "port": 5
                },
                {
                    "hostname": "0.0.0.0",
                    "port": 5
                },
                {
                    "hostname": "0.0.0.1",
                    "port": 4
                },
                {
                    "hostname": "0.0.0.7",
                    "port": 1
                },
                {
                    "hostname": "0.0.0.7",
                    "port": 6
                }
            ],
            "persistenceDir": "b",
            "port": 21468,
            "verbosity": {
                "tag": "Quiet"
            }
        },
        {
            "apiHost": {
                "ipv4": "0.0.35.166",
                "tag": "IPv4"
            },
            "apiPort": 21134,
            "chainConfig": {
                "cardanoSigningKey": "a/b/a/a/a.sk",
                "cardanoVerificationKeys": [
                    "c/c.vk",
                    "c/a.vk",
                    "a/a.vk",
                    "a.vk",
                    "b/c/a.vk"
                ],
                "contestationPeriod": 57957,
                "hydraScriptsTxId": "6d0a35b47e7ccef9557075bdc7ba2ae4187ae10aea1d629284662c9b70dfb720",
                "networkId": {
                    "magic": 22640,
                    "tag": "Testnet"
                },
                "nodeSocket": "c/c/a/c/a/c.socket",
                "startChainFrom": null,
                "tag": "DirectChainConfig"
            },
            "host": {
                "ipv4": "0.0.91.20",
                "tag": "IPv4"
            },
            "hydraSigningKey": "a/c/a.sk",
            "hydraVerificationKeys": [
                "a/c.vk"
            ],
            "ledgerConfig": {
                "cardanoLedgerProtocolParametersFile": "c.json"
            },
            "monitoringPort": null,
            "nodeId": "hosmtds",
            "peers": [
                {
                    "hostname": "0.0.0.3",
                    "port": 3
                },
                {
                    "hostname": "0.0.0.1",
                    "port": 2
                },
                {
                    "hostname": "0.0.0.4",
                    "port": 1
                },
                {
                    "hostname": "0.0.0.4",
                    "port": 6
                }
            ],
            "persistenceDir": "a/b/c/a",
            "port": 911,
            "verbosity": {
                "tag": "Quiet"
            }
        },
        {
            "apiHost": {
                "ipv4": "0.0.46.57",
                "tag": "IPv4"
            },
            "apiPort": 3249,
            "chainConfig": {
                "cardanoSigningKey": "c/a.sk",
                "cardanoVerificationKeys": [],
                "contestationPeriod": 2592000,
                "hydraScriptsTxId": "407a19e8a66aec8142db20eedb90520423ada71be4d12dfe0102ccdc9b4d14bc",
                "networkId": {
                    "magic": 23460,
                    "tag": "Testnet"
                },
                "nodeSocket": "a/b/b/b/c/c.socket",
                "startChainFrom": {
                    "blockHash": "c3ef5290ea072734c51ddfefb79529efb53ebb2431fa108551d9fe4186cb9114",
                    "slot": 9630929,
                    "tag": "ChainPoint"
                },
                "tag": "DirectChainConfig"
            },
            "host": {
                "ipv4": "0.0.104.220",
                "tag": "IPv4"
            },
            "hydraSigningKey": "c.sk",
            "hydraVerificationKeys": [],
            "ledgerConfig": {
                "cardanoLedgerProtocolParametersFile": "b/a/a/a.json"
            },
            "monitoringPort": 29840,
            "nodeId": "ohvihvny",
            "peers": [
                {
                    "hostname": "0.0.0.5",
                    "port": 8
                },
                {
                    "hostname": "0.0.0.0",
                    "port": 2
                },
                {
                    "hostname": "0.0.0.5",
                    "port": 3
                },
                {
                    "hostname": "0.0.0.4",
                    "port": 6
                }
            ],
            "persistenceDir": "a/a",
            "port": 5070,
            "verbosity": {
                "contents": "HydraNode",
                "tag": "Verbose"
            }
        },
        {
            "apiHost": {
                "ipv4": "0.0.85.72",
                "tag": "IPv4"
            },
            "apiPort": 19928,
            "chainConfig": {
                "cardanoSigningKey": "c/a/c/b.sk",
                "cardanoVerificationKeys": [
                    "b/b/a.vk",
                    "b.vk"
                ],
                "contestationPeriod": 604800,
                "hydraScriptsTxId": "e1540d057680e8bc2adafd83e2f57cbfd52f88e36822066055d7ab7c34f4cf9a",
                "networkId": {
                    "magic": 18271,
                    "tag": "Testnet"
                },
                "nodeSocket": "b/a/a/c/c.socket",
                "startChainFrom": null,
                "tag": "DirectChainConfig"
            },
            "host": {
                "ipv4": "0.0.111.243",
                "tag": "IPv4"
            },
            "hydraSigningKey": "c/a/a/b.sk",
            "hydraVerificationKeys": [
                "b.vk",
                "c.vk",
                "c/a/b.vk",
                "a.vk",
                "a/c/a.vk"
            ],
            "ledgerConfig": {
                "cardanoLedgerProtocolParametersFile": "c/c/a.json"
            },
            "monitoringPort": 10024,
            "nodeId": "jtof",
            "peers": [
                {
                    "hostname": "0.0.0.5",
                    "port": 2
                },
                {
                    "hostname": "0.0.0.8",
                    "port": 3
                },
                {
                    "hostname": "0.0.0.6",
                    "port": 1
                },
                {
                    "hostname": "0.0.0.8",
                    "port": 6
                }
            ],
            "persistenceDir": "c/b/a/b",
            "port": 26124,
            "verbosity": {
                "tag": "Quiet"
            }
        }
    ],
    "seed": -1553318147
}